=== r31: DIE TREFFERBOXEN ALLER RE2-TYPEN, gemessen ===

TEIL 1 — Box-Zensus je Typ (Soll = Vollscan der Overlays, Welle 2)
[scd] thread start slot=0 first_op=0x3B
[scd] thread start slot=1 first_op=0x06
[scd] Obj_model_set[0] id=0x00 type=0 pos=(-7124,0,-6976) rot=(0,0,0)
[scd] WARN: event 4 DROPPED (no free event slot)
[scd] WARN: event 4 DROPPED (no free event slot)
[scd] WARN: event 4 DROPPED (no free event slot)
[scd] WARN: event 4 DROPPED (no free event slot)
[scd] WARN: event 4 DROPPED (no free event slot)
[scd] WARN: event 4 DROPPED (no free event slot)
[scd] WARN: event 4 DROPPED (no free event slot)
[scd] WARN: event 4 DROPPED (no free event slot)
[scd] WARN: event 4 DROPPED (no free event slot)
[scd] WARN: event 4 DROPPED (no free event slot)
[scd] WARN: event 4 DROPPED (no free event slot)
[scd] WARN: event 4 DROPPED (no free event slot)
[scd] WARN: event 4 DROPPED (no free event slot)
[scd] WARN: event 4 DROPPED (no free event slot)
[scd] WARN: event 4 DROPPED (no free event slot)
[scd] WARN: event 4 DROPPED (no free event slot)
[scd] WARN: event 4 DROPPED (no free event slot)
[scd] WARN: event 4 DROPPED (no free event slot)
[scd] WARN: event 4 DROPPED (no free event slot)
[scd] WARN: event 4 DROPPED (no free event slot)
[scd] WARN: event 4 DROPPED (no free event slot)
[scd] WARN: event 4 DROPPED (no free event slot)
[scd] WARN: event 4 DROPPED (no free event slot)
[scd] WARN: event 4 DROPPED (no free event slot)
[scd] WARN: event 4 DROPPED (no free event slot)
[scd] WARN: event 4 DROPPED (no free event slot)
[scd] WARN: event 4 DROPPED (no free event slot)
[scd] WARN: event 4 DROPPED (no free event slot)
[scd] WARN: event 4 DROPPED (no free event slot)
[scd] WARN: event 4 DROPPED (no free event slot)
[scd] WARN: event 4 DROPPED (no free event slot)
[scd] WARN: event 4 DROPPED (no free event slot)
[scd] WARN: event 4 DROPPED (no free event slot)
[scd] WARN: event 4 DROPPED (no free event slot)
[scd] WARN: event 4 DROPPED (no free event slot)
[scd] WARN: event 4 DROPPED (no free event slot)
[scd] WARN: event 4 DROPPED (no free event slot)
[scd] WARN: event 4 DROPPED (no free event slot)
[scd] WARN: event 4 DROPPED (no free event slot)
[scd] WARN: event 4 DROPPED (no free event slot)
[scd] WARN: event 4 DROPPED (no free event slot)
[scd] WARN: event 4 DROPPED (no free event slot)
[scd] WARN: event 4 DROPPED (no free event slot)
[scd] WARN: event 4 DROPPED (no free event slot)
[scd] WARN: event 4 DROPPED (no free event slot)
[scd] WARN: event 4 DROPPED (no free event slot)
[scd] WARN: event 4 DROPPED (no free event slot)
[scd] WARN: event 4 DROPPED (no free event slot)
[scd] WARN: event 4 DROPPED (no free event slot)
[scd] WARN: event 4 DROPPED (no free event slot)
[scd] WARN: event 4 DROPPED (no free event slot)
[scd] WARN: event 4 DROPPED (no free event slot)
[scd] WARN: event 4 DROPPED (no free event slot)
[scd] WARN: event 4 DROPPED (no free event slot)
[scd] WARN: event 4 DROPPED (no free event slot)
[scd] WARN: event 4 DROPPED (no free event slot)
[scd] WARN: event 4 DROPPED (no free event slot)
[scd] WARN: event 4 DROPPED (no free event slot)
[scd] WARN: event 4 DROPPED (no free event slot)
[scd] WARN: event 4 DROPPED (no free event slot)
[scd] WARN: event 4 DROPPED (no free event slot)
[scd] WARN: event 4 DROPPED (no free event slot)
[scd] WARN: event 4 DROPPED (no free event slot)
[scd] WARN: event 4 DROPPED (no free event slot)
[scd] WARN: event 4 DROPPED (no free event slot)
[scd] WARN: event 4 DROPPED (no free event slot)
[scd] WARN: event 4 DROPPED (no free event slot)
[scd] WARN: event 4 DROPPED (no free event slot)
[scd] WARN: event 4 DROPPED (no free event slot)
[scd] WARN: event 4 DROPPED (no free event slot)
[scd] WARN: event 4 DROPPED (no free event slot)
[scd] WARN: event 4 DROPPED (no free event slot)
[scd] WARN: event 4 DROPPED (no free event slot)
[scd] WARN: event 4 DROPPED (no free event slot)
[scd] WARN: event 4 DROPPED (no free event slot)
[scd] WARN: event 4 DROPPED (no free event slot)
[scd] WARN: event 4 DROPPED (no free event slot)
[scd] WARN: event 4 DROPPED (no free event slot)
[scd] WARN: event 4 DROPPED (no free event slot)
[scd] WARN: event 4 DROPPED (no free event slot)
[scd] WARN: event 4 DROPPED (no free event slot)
[scd] WARN: event 4 DROPPED (no free event slot)
[scd] WARN: event 4 DROPPED (no free event slot)
[scd] WARN: event 4 DROPPED (no free event slot)
[scd] WARN: event 4 DROPPED (no free event slot)
[scd] WARN: event 4 DROPPED (no free event slot)
[scd] WARN: event 4 DROPPED (no free event slot)
[scd] WARN: event 4 DROPPED (no free event slot)
[scd] WARN: event 4 DROPPED (no free event slot)
[scd] WARN: event 4 DROPPED (no free event slot)
[scd] WARN: event 4 DROPPED (no free event slot)
[scd] WARN: event 4 DROPPED (no free event slot)
[scd] WARN: event 4 DROPPED (no free event slot)
[scd] WARN: event 4 DROPPED (no free event slot)
[scd] WARN: event 4 DROPPED (no free event slot)
[scd] WARN: event 4 DROPPED (no free event slot)
[scd] WARN: event 4 DROPPED (no free event slot)
[scd] WARN: event 4 DROPPED (no free event slot)
[scd] WARN: event 4 DROPPED (no free event slot)
[scd] WARN: event 4 DROPPED (no free event slot)
[scd] WARN: event 4 DROPPED (no free event slot)
[scd] WARN: event 4 DROPPED (no free event slot)
[scd] WARN: event 4 DROPPED (no free event slot)
[scd] WARN: event 4 DROPPED (no free event slot)
[scd] WARN: event 4 DROPPED (no free event slot)
[scd] WARN: event 4 DROPPED (no free event slot)
[scd] WARN: event 4 DROPPED (no free event slot)
[scd] WARN: event 4 DROPPED (no free event slot)
[scd] WARN: event 4 DROPPED (no free event slot)
[scd] WARN: event 4 DROPPED (no free event slot)
[scd] WARN: event 4 DROPPED (no free event slot)
[scd] WARN: event 4 DROPPED (no free event slot)
[scd] WARN: event 4 DROPPED (no free event slot)
[scd] WARN: event 4 DROPPED (no free event slot)
[scd] WARN: event 4 DROPPED (no free event slot)
[scd] WARN: event 4 DROPPED (no free event slot)
[scd] WARN: event 4 DROPPED (no free event slot)
[scd] WARN: event 4 DROPPED (no free event slot)
[scd] WARN: event 4 DROPPED (no free event slot)
[scd] WARN: event 4 DROPPED (no free event slot)
[scd] WARN: event 4 DROPPED (no free event slot)
[scd] WARN: event 4 DROPPED (no free event slot)
[scd] WARN: event 4 DROPPED (no free event slot)
[scd] WARN: event 4 DROPPED (no free event slot)
[scd] WARN: event 4 DROPPED (no free event slot)
[scd] WARN: event 4 DROPPED (no free event slot)
[scd] WARN: event 4 DROPPED (no free event slot)
[scd] WARN: event 4 DROPPED (no free event slot)
[scd] WARN: event 4 DROPPED (no free event slot)
[scd] WARN: event 4 DROPPED (no free event slot)
[scd] WARN: event 4 DROPPED (no free event slot)
[scd] WARN: event 4 DROPPED (no free event slot)
[scd] WARN: event 4 DROPPED (no free event slot)
[scd] WARN: event 4 DROPPED (no free event slot)
[scd] WARN: event 4 DROPPED (no free event slot)
[scd] WARN: event 4 DROPPED (no free event slot)
[scd] WARN: event 4 DROPPED (no free event slot)
[scd] WARN: event 4 DROPPED (no free event slot)
[scd] WARN: event 4 DROPPED (no free event slot)
[scd] WARN: event 4 DROPPED (no free event slot)
[scd] WARN: event 4 DROPPED (no free event slot)
[scd] WARN: event 4 DROPPED (no free event slot)
[scd] WARN: event 4 DROPPED (no free event slot)
[scd] WARN: event 4 DROPPED (no free event slot)
[scd] WARN: event 4 DROPPED (no free event slot)
[scd] WARN: event 4 DROPPED (no free event slot)
[scd] WARN: event 4 DROPPED (no free event slot)
[scd] WARN: event 4 DROPPED (no free event slot)
[scd] WARN: event 4 DROPPED (no free event slot)
[scd] WARN: event 4 DROPPED (no free event slot)
[scd] WARN: event 4 DROPPED (no free event slot)
[scd] WARN: event 4 DROPPED (no free event slot)
[scd] WARN: event 4 DROPPED (no free event slot)
[scd] WARN: event 4 DROPPED (no free event slot)
[scd] WARN: event 4 DROPPED (no free event slot)
  [ZOMBIE 0x10] Box  -1500/1500  OK  | box_set=1 | Hgun  1665..1671  | Tor DURCH 240/240
                 Quelle: EMZ0 INIT @0x8010095C/64 (stehend) | Kriecher @0x80100B18/20, @0x80103464/6C
[scd] thread start slot=0 first_op=0x06
[scd] thread start slot=1 first_op=0x13
[scd] thread start slot=2 first_op=0x06
[scd] Obj_model_set[0] id=0x00 type=0 pos=(-21340,-4446,-24516) rot=(0,0,0)
[scd] Obj_model_set[1] id=0x01 type=0 pos=(-21340,-4446,-20916) rot=(0,0,0)
[scd] Obj_model_set[2] id=0x02 type=0 pos=(-21340,-4446,-17316) rot=(0,0,0)
[scd] Obj_model_set[3] id=0x03 type=0 pos=(-21340,-4446,-13716) rot=(0,0,0)
[scd] Obj_model_set[4] id=0x04 type=0 pos=(310,-4500,-26946) rot=(-2048,1024,0)
[scd] Obj_model_set[5] id=0x05 type=0 pos=(3920,0,-25952) rot=(0,3072,0)
[scd] Obj_model_set[6] id=0x06 type=0 pos=(4304,-1340,-26600) rot=(0,2912,0)
  [HUND   0x20] Box  -1000/1000  OK  | box_set=1 | Hgun  1385..2115  | Tor DURCH 239/240
                 Quelle: EMD0G INIT @0x80100294/9C | FUN_80104088 @0x8010409C/A8
[scd] thread start slot=0 first_op=0x3B
[scd] thread start slot=1 first_op=0x01
  [KRAEHE 0x21] Box      0/530   OK  | box_set=0 | Hgun  1665..1671  | Tor DURCH   0/240
                 Quelle: INIT @0x801003C4/DC | Neu-Berechner je Bild @0x801001EC-208 (+0x1F0 < 900 ? -350 : 0)
[scd] thread start slot=0 first_op=0x3B
[scd] thread start slot=1 first_op=0x06
[scd] Obj_model_set[0] id=0x06 type=4 pos=(-1600,-5400,-9348) rot=(0,2048,0)
[scd] Obj_model_set[1] id=0x00 type=0 pos=(-6625,-16200,-1850) rot=(0,1024,0)
[scd] Obj_model_set[2] id=0x01 type=4 pos=(2052,0,-5552) rot=(0,1024,0)
[scd] Obj_model_set[3] id=0x02 type=4 pos=(-1256,0,-64) rot=(0,1024,0)
[scd] Obj_model_set[4] id=0x03 type=4 pos=(4248,0,1400) rot=(0,1024,0)
[scd] Obj_model_set[5] id=0x04 type=3 pos=(7996,-16200,4450) rot=(0,2048,0)
[scd] Obj_model_set[6] id=0x05 type=3 pos=(2975,-16200,-13950) rot=(0,0,0)
[scd] Obj_model_set[7] id=0x07 type=0 pos=(5475,-16200,-13050) rot=(0,0,0)
  [SPINNE 0x25] Box  -1400/1400  OK  | box_set=1 | Hgun  1665..1671  | Tor DURCH 240/240
                 Quelle: Blockkopie Tab @0x801063A0 @0x801003BC-400 (Boden) | Decke @0x8010049C / Wand Tab @0x801063E0 @0x801004EC-52C
[scd] thread start slot=0 first_op=0x3B
[scd] thread start slot=1 first_op=0x06
[scd] Obj_model_set[0] id=0x00 type=4 pos=(-8136,-1800,4753) rot=(0,0,0)
[scd] Obj_model_set[1] id=0x01 type=4 pos=(-5960,-9000,-15482) rot=(0,0,0)
[scd F0] Cut_chg(8)
[scd] Obj_model_set[2] id=0x03 type=0 pos=(3060,-2754,-1560) rot=(80,1878,0)
  [BABY   0x26] Box    -10/10    OK  | box_set=0 | Hgun  1665..1671  | Tor DURCH   0/240
                 Quelle: EMS26 @0x80100168-78 (einziger Schreiber im Overlay)

TEIL 2 — die ZOMBIE-Kette: Setz-Stelle und GEGENSTELLE in einem Lauf
[scd] thread start slot=0 first_op=0x3B
[scd] thread start slot=1 first_op=0x06
[scd] Obj_model_set[0] id=0x00 type=0 pos=(-7124,0,-6976) rot=(0,0,0)
[scd] WARN: event 4 DROPPED (no free event slot)
[scd] WARN: event 4 DROPPED (no free event slot)
[scd] WARN: event 4 DROPPED (no free event slot)
[scd] WARN: event 4 DROPPED (no free event slot)
[scd] WARN: event 4 DROPPED (no free event slot)
[scd] WARN: event 4 DROPPED (no free event slot)
[scd] WARN: event 4 DROPPED (no free event slot)
[scd] WARN: event 4 DROPPED (no free event slot)
[scd] WARN: event 4 DROPPED (no free event slot)
[scd] WARN: event 4 DROPPED (no free event slot)
[scd] WARN: event 4 DROPPED (no free event slot)
[scd] WARN: event 4 DROPPED (no free event slot)
[scd] WARN: event 4 DROPPED (no free event slot)
[scd] WARN: event 4 DROPPED (no free event slot)
[scd] WARN: event 4 DROPPED (no free event slot)
[scd] WARN: event 4 DROPPED (no free event slot)
[scd] WARN: event 4 DROPPED (no free event slot)
[scd] WARN: event 4 DROPPED (no free event slot)
[scd] WARN: event 4 DROPPED (no free event slot)
[scd] WARN: event 4 DROPPED (no free event slot)
[scd] WARN: event 4 DROPPED (no free event slot)
[scd] WARN: event 4 DROPPED (no free event slot)
[scd] WARN: event 4 DROPPED (no free event slot)
[scd] WARN: event 4 DROPPED (no free event slot)
[scd] WARN: event 4 DROPPED (no free event slot)
[scd] WARN: event 4 DROPPED (no free event slot)
[scd] WARN: event 4 DROPPED (no free event slot)
[scd] WARN: event 4 DROPPED (no free event slot)
[scd] WARN: event 4 DROPPED (no free event slot)
[scd] WARN: event 4 DROPPED (no free event slot)
[scd] WARN: event 4 DROPPED (no free event slot)
[scd] WARN: event 4 DROPPED (no free event slot)
[scd] WARN: event 4 DROPPED (no free event slot)
[scd] WARN: event 4 DROPPED (no free event slot)
[scd] WARN: event 4 DROPPED (no free event slot)
[scd] WARN: event 4 DROPPED (no free event slot)
[scd] WARN: event 4 DROPPED (no free event slot)
[scd] WARN: event 4 DROPPED (no free event slot)
[scd] WARN: event 4 DROPPED (no free event slot)
[scd] WARN: event 4 DROPPED (no free event slot)
[scd] WARN: event 4 DROPPED (no free event slot)
[scd] WARN: event 4 DROPPED (no free event slot)
[scd] WARN: event 4 DROPPED (no free event slot)
[scd] WARN: event 4 DROPPED (no free event slot)
[scd] WARN: event 4 DROPPED (no free event slot)
[scd] WARN: event 4 DROPPED (no free event slot)
[scd] WARN: event 4 DROPPED (no free event slot)
[scd] WARN: event 4 DROPPED (no free event slot)
[scd] WARN: event 4 DROPPED (no free event slot)
[scd] WARN: event 4 DROPPED (no free event slot)
[scd] WARN: event 4 DROPPED (no free event slot)
[scd] WARN: event 4 DROPPED (no free event slot)
[scd] WARN: event 4 DROPPED (no free event slot)
[scd] WARN: event 4 DROPPED (no free event slot)
[scd] WARN: event 4 DROPPED (no free event slot)
[scd] WARN: event 4 DROPPED (no free event slot)
[scd] WARN: event 4 DROPPED (no free event slot)
[scd] WARN: event 4 DROPPED (no free event slot)
[scd] WARN: event 4 DROPPED (no free event slot)
[scd] WARN: event 4 DROPPED (no free event slot)
[scd] WARN: event 4 DROPPED (no free event slot)
[scd] WARN: event 4 DROPPED (no free event slot)
[scd] WARN: event 4 DROPPED (no free event slot)
[scd] WARN: event 4 DROPPED (no free event slot)
[scd] WARN: event 4 DROPPED (no free event slot)
[scd] WARN: event 4 DROPPED (no free event slot)
[scd] WARN: event 4 DROPPED (no free event slot)
[scd] WARN: event 4 DROPPED (no free event slot)
[scd] WARN: event 4 DROPPED (no free event slot)
[scd] WARN: event 4 DROPPED (no free event slot)
[scd] WARN: event 4 DROPPED (no free event slot)
[scd] WARN: event 4 DROPPED (no free event slot)
[scd] WARN: event 4 DROPPED (no free event slot)
[scd] WARN: event 4 DROPPED (no free event slot)
[scd] WARN: event 4 DROPPED (no free event slot)
[scd] WARN: event 4 DROPPED (no free event slot)
[scd] WARN: event 4 DROPPED (no free event slot)
[scd] WARN: event 4 DROPPED (no free event slot)
[scd] WARN: event 4 DROPPED (no free event slot)
[scd] WARN: event 4 DROPPED (no free event slot)
[scd] WARN: event 4 DROPPED (no free event slot)
[scd] WARN: event 4 DROPPED (no free event slot)
[scd] WARN: event 4 DROPPED (no free event slot)
[scd] WARN: event 4 DROPPED (no free event slot)
[scd] WARN: event 4 DROPPED (no free event slot)
[scd] WARN: event 4 DROPPED (no free event slot)
[scd] WARN: event 4 DROPPED (no free event slot)
[scd] WARN: event 4 DROPPED (no free event slot)
[scd] WARN: event 4 DROPPED (no free event slot)
[scd] WARN: event 4 DROPPED (no free event slot)
[scd] WARN: event 4 DROPPED (no free event slot)
[scd] WARN: event 4 DROPPED (no free event slot)
[scd] WARN: event 4 DROPPED (no free event slot)
[scd] WARN: event 4 DROPPED (no free event slot)
[scd] WARN: event 4 DROPPED (no free event slot)
[scd] WARN: event 4 DROPPED (no free event slot)
[scd] WARN: event 4 DROPPED (no free event slot)
[scd] WARN: event 4 DROPPED (no free event slot)
[scd] WARN: event 4 DROPPED (no free event slot)
[scd] WARN: event 4 DROPPED (no free event slot)
[scd] WARN: event 4 DROPPED (no free event slot)
[scd] WARN: event 4 DROPPED (no free event slot)
[scd] WARN: event 4 DROPPED (no free event slot)
[scd] WARN: event 4 DROPPED (no free event slot)
[scd] WARN: event 4 DROPPED (no free event slot)
[scd] WARN: event 4 DROPPED (no free event slot)
[scd] WARN: event 4 DROPPED (no free event slot)
[scd] WARN: event 4 DROPPED (no free event slot)
[scd] WARN: event 4 DROPPED (no free event slot)
[scd] WARN: event 4 DROPPED (no free event slot)
[scd] WARN: event 4 DROPPED (no free event slot)
[scd] WARN: event 4 DROPPED (no free event slot)
[scd] WARN: event 4 DROPPED (no free event slot)
[scd] WARN: event 4 DROPPED (no free event slot)
[scd] WARN: event 4 DROPPED (no free event slot)
[scd] WARN: event 4 DROPPED (no free event slot)
[scd] WARN: event 4 DROPPED (no free event slot)
[scd] WARN: event 4 DROPPED (no free event slot)
[scd] WARN: event 4 DROPPED (no free event slot)
[scd] WARN: event 4 DROPPED (no free event slot)
[scd] WARN: event 4 DROPPED (no free event slot)
[scd] WARN: event 4 DROPPED (no free event slot)
[scd] WARN: event 4 DROPPED (no free event slot)
[scd] WARN: event 4 DROPPED (no free event slot)
[scd] WARN: event 4 DROPPED (no free event slot)
[scd] WARN: event 4 DROPPED (no free event slot)
[scd] WARN: event 4 DROPPED (no free event slot)
[scd] WARN: event 4 DROPPED (no free event slot)
[scd] WARN: event 4 DROPPED (no free event slot)
[scd] WARN: event 4 DROPPED (no free event slot)
[scd] WARN: event 4 DROPPED (no free event slot)
[scd] WARN: event 4 DROPPED (no free event slot)
[scd] WARN: event 4 DROPPED (no free event slot)
[scd] WARN: event 4 DROPPED (no free event slot)
[scd] WARN: event 4 DROPPED (no free event slot)
[scd] WARN: event 4 DROPPED (no free event slot)
[scd] WARN: event 4 DROPPED (no free event slot)
[scd] WARN: event 4 DROPPED (no free event slot)
[scd] WARN: event 4 DROPPED (no free event slot)
[scd] WARN: event 4 DROPPED (no free event slot)
[scd] WARN: event 4 DROPPED (no free event slot)
[scd] WARN: event 4 DROPPED (no free event slot)
[scd] WARN: event 4 DROPPED (no free event slot)
[scd] WARN: event 4 DROPPED (no free event slot)
[scd] WARN: event 4 DROPPED (no free event slot)
[scd] WARN: event 4 DROPPED (no free event slot)
[scd] WARN: event 4 DROPPED (no free event slot)
[scd] WARN: event 4 DROPPED (no free event slot)
[scd] WARN: event 4 DROPPED (no free event slot)
[scd] WARN: event 4 DROPPED (no free event slot)
[scd] WARN: event 4 DROPPED (no free event slot)
[scd] WARN: event 4 DROPPED (no free event slot)
[scd] WARN: event 4 DROPPED (no free event slot)
[scd] WARN: event 4 DROPPED (no free event slot)
[scd] WARN: event 4 DROPPED (no free event slot)
[scd] WARN: event 4 DROPPED (no free event slot)
[scd] WARN: event 4 DROPPED (no free event slot)
[scd] WARN: event 4 DROPPED (no free event slot)
[scd] WARN: event 4 DROPPED (no free event slot)
[scd] WARN: event 4 DROPPED (no free event slot)
  STEHEND vor dem Treffer: Box -1500/1500, Tor DURCH 298/298 Bilder
  KLEIN ab Bild 298 | kleinste Box im Lauf -1500/1500 | 125 Bilder klein | Tor DURCH 35/125
  WIEDER GROSS bei Bild 423 = 125 Bilder nach dem Niederschlag (Rampen-Schritte @0x8010366C-94 gezaehlt: 61)
  DANACH: Tor DURCH 60/60 Bilder

TEIL 2b — die laengste Sperre unter Dauerbeschuss (Zombie 0x10)
[scd] thread start slot=0 first_op=0x3B
[scd] thread start slot=1 first_op=0x06
[scd] Obj_model_set[0] id=0x00 type=0 pos=(-7124,0,-6976) rot=(0,0,0)
[scd] WARN: event 4 DROPPED (no free event slot)
[scd] WARN: event 4 DROPPED (no free event slot)
[scd] WARN: event 4 DROPPED (no free event slot)
[scd] WARN: event 4 DROPPED (no free event slot)
[scd] WARN: event 4 DROPPED (no free event slot)
[scd] WARN: event 4 DROPPED (no free event slot)
[scd] WARN: event 4 DROPPED (no free event slot)
[scd] WARN: event 4 DROPPED (no free event slot)
[scd] WARN: event 4 DROPPED (no free event slot)
[scd] WARN: event 4 DROPPED (no free event slot)
[scd] WARN: event 4 DROPPED (no free event slot)
[scd] WARN: event 4 DROPPED (no free event slot)
[scd] WARN: event 4 DROPPED (no free event slot)
[scd] WARN: event 4 DROPPED (no free event slot)
[scd] WARN: event 4 DROPPED (no free event slot)
[scd] WARN: event 4 DROPPED (no free event slot)
[scd] WARN: event 4 DROPPED (no free event slot)
[scd] WARN: event 4 DROPPED (no free event slot)
[scd] WARN: event 4 DROPPED (no free event slot)
[scd] WARN: event 4 DROPPED (no free event slot)
[scd] WARN: event 4 DROPPED (no free event slot)
[scd] WARN: event 4 DROPPED (no free event slot)
[scd] WARN: event 4 DROPPED (no free event slot)
[scd] WARN: event 4 DROPPED (no free event slot)
[scd] WARN: event 4 DROPPED (no free event slot)
[scd] WARN: event 4 DROPPED (no free event slot)
[scd] WARN: event 4 DROPPED (no free event slot)
[scd] WARN: event 4 DROPPED (no free event slot)
[scd] WARN: event 4 DROPPED (no free event slot)
[scd] WARN: event 4 DROPPED (no free event slot)
[scd] WARN: event 4 DROPPED (no free event slot)
[scd] WARN: event 4 DROPPED (no free event slot)
[scd] WARN: event 4 DROPPED (no free event slot)
[scd] WARN: event 4 DROPPED (no free event slot)
[scd] WARN: event 4 DROPPED (no free event slot)
[scd] WARN: event 4 DROPPED (no free event slot)
[scd] WARN: event 4 DROPPED (no free event slot)
[scd] WARN: event 4 DROPPED (no free event slot)
[scd] WARN: event 4 DROPPED (no free event slot)
[scd] WARN: event 4 DROPPED (no free event slot)
[scd] WARN: event 4 DROPPED (no free event slot)
[scd] WARN: event 4 DROPPED (no free event slot)
[scd] WARN: event 4 DROPPED (no free event slot)
[scd] WARN: event 4 DROPPED (no free event slot)
[scd] WARN: event 4 DROPPED (no free event slot)
[scd] WARN: event 4 DROPPED (no free event slot)
[scd] WARN: event 4 DROPPED (no free event slot)
[scd] WARN: event 4 DROPPED (no free event slot)
[scd] WARN: event 4 DROPPED (no free event slot)
[scd] WARN: event 4 DROPPED (no free event slot)
[scd] WARN: event 4 DROPPED (no free event slot)
[scd] WARN: event 4 DROPPED (no free event slot)
[scd] WARN: event 4 DROPPED (no free event slot)
[scd] WARN: event 4 DROPPED (no free event slot)
[scd] WARN: event 4 DROPPED (no free event slot)
[scd] WARN: event 4 DROPPED (no free event slot)
[scd] WARN: event 4 DROPPED (no free event slot)
[scd] WARN: event 4 DROPPED (no free event slot)
[scd] WARN: event 4 DROPPED (no free event slot)
[scd] WARN: event 4 DROPPED (no free event slot)
[scd] WARN: event 4 DROPPED (no free event slot)
[scd] WARN: event 4 DROPPED (no free event slot)
[scd] WARN: event 4 DROPPED (no free event slot)
[scd] WARN: event 4 DROPPED (no free event slot)
[scd] WARN: event 4 DROPPED (no free event slot)
[scd] WARN: event 4 DROPPED (no free event slot)
[scd] WARN: event 4 DROPPED (no free event slot)
[scd] WARN: event 4 DROPPED (no free event slot)
[scd] WARN: event 4 DROPPED (no free event slot)
[scd] WARN: event 4 DROPPED (no free event slot)
[scd] WARN: event 4 DROPPED (no free event slot)
[scd] WARN: event 4 DROPPED (no free event slot)
[scd] WARN: event 4 DROPPED (no free event slot)
[scd] WARN: event 4 DROPPED (no free event slot)
[scd] WARN: event 4 DROPPED (no free event slot)
[scd] WARN: event 4 DROPPED (no free event slot)
[scd] WARN: event 4 DROPPED (no free event slot)
[scd] WARN: event 4 DROPPED (no free event slot)
[scd] WARN: event 4 DROPPED (no free event slot)
[scd] WARN: event 4 DROPPED (no free event slot)
[scd] WARN: event 4 DROPPED (no free event slot)
[scd] WARN: event 4 DROPPED (no free event slot)
[scd] WARN: event 4 DROPPED (no free event slot)
[scd] WARN: event 4 DROPPED (no free event slot)
[scd] WARN: event 4 DROPPED (no free event slot)
[scd] WARN: event 4 DROPPED (no free event slot)
[scd] WARN: event 4 DROPPED (no free event slot)
[scd] WARN: event 4 DROPPED (no free event slot)
[scd] WARN: event 4 DROPPED (no free event slot)
[scd] WARN: event 4 DROPPED (no free event slot)
[scd] WARN: event 4 DROPPED (no free event slot)
[scd] WARN: event 4 DROPPED (no free event slot)
[scd] WARN: event 4 DROPPED (no free event slot)
[scd] WARN: event 4 DROPPED (no free event slot)
[scd] WARN: event 4 DROPPED (no free event slot)
[scd] WARN: event 4 DROPPED (no free event slot)
[scd] WARN: event 4 DROPPED (no free event slot)
[scd] WARN: event 4 DROPPED (no free event slot)
[scd] WARN: event 4 DROPPED (no free event slot)
[scd] WARN: event 4 DROPPED (no free event slot)
[scd] WARN: event 4 DROPPED (no free event slot)
[scd] WARN: event 4 DROPPED (no free event slot)
[scd] WARN: event 4 DROPPED (no free event slot)
[scd] WARN: event 4 DROPPED (no free event slot)
[scd] WARN: event 4 DROPPED (no free event slot)
[scd] WARN: event 4 DROPPED (no free event slot)
[scd] WARN: event 4 DROPPED (no free event slot)
[scd] WARN: event 4 DROPPED (no free event slot)
[scd] WARN: event 4 DROPPED (no free event slot)
[scd] WARN: event 4 DROPPED (no free event slot)
[scd] WARN: event 4 DROPPED (no free event slot)
[scd] WARN: event 4 DROPPED (no free event slot)
[scd] WARN: event 4 DROPPED (no free event slot)
[scd] WARN: event 4 DROPPED (no free event slot)
[scd] WARN: event 4 DROPPED (no free event slot)
[scd] WARN: event 4 DROPPED (no free event slot)
[scd] WARN: event 4 DROPPED (no free event slot)
[scd] WARN: event 4 DROPPED (no free event slot)
[scd] WARN: event 4 DROPPED (no free event slot)
[scd] WARN: event 4 DROPPED (no free event slot)
[scd] WARN: event 4 DROPPED (no free event slot)
[scd] WARN: event 4 DROPPED (no free event slot)
[scd] WARN: event 4 DROPPED (no free event slot)
[scd] WARN: event 4 DROPPED (no free event slot)
[scd] WARN: event 4 DROPPED (no free event slot)
[scd] WARN: event 4 DROPPED (no free event slot)
[scd] WARN: event 4 DROPPED (no free event slot)
[scd] WARN: event 4 DROPPED (no free event slot)
[scd] WARN: event 4 DROPPED (no free event slot)
[scd] WARN: event 4 DROPPED (no free event slot)
[scd] WARN: event 4 DROPPED (no free event slot)
[scd] WARN: event 4 DROPPED (no free event slot)
[scd] WARN: event 4 DROPPED (no free event slot)
[scd] WARN: event 4 DROPPED (no free event slot)
[scd] WARN: event 4 DROPPED (no free event slot)
[scd] WARN: event 4 DROPPED (no free event slot)
[scd] WARN: event 4 DROPPED (no free event slot)
[scd] WARN: event 4 DROPPED (no free event slot)
[scd] WARN: event 4 DROPPED (no free event slot)
[scd] WARN: event 4 DROPPED (no free event slot)
[scd] WARN: event 4 DROPPED (no free event slot)
[scd] WARN: event 4 DROPPED (no free event slot)
[scd] WARN: event 4 DROPPED (no free event slot)
[scd] WARN: event 4 DROPPED (no free event slot)
[scd] WARN: event 4 DROPPED (no free event slot)
[scd] WARN: event 4 DROPPED (no free event slot)
[scd] WARN: event 4 DROPPED (no free event slot)
[scd] WARN: event 4 DROPPED (no free event slot)
[scd] WARN: event 4 DROPPED (no free event slot)
[scd] WARN: event 4 DROPPED (no free event slot)
[scd] WARN: event 4 DROPPED (no free event slot)
[scd] WARN: event 4 DROPPED (no free event slot)
[scd] WARN: event 4 DROPPED (no free event slot)
[scd] WARN: event 4 DROPPED (no free event slot)
[scd] WARN: event 4 DROPPED (no free event slot)
[scd] WARN: event 4 DROPPED (no free event slot)
[scd] WARN: event 4 DROPPED (no free event slot)
[scd] WARN: event 4 DROPPED (no free event slot)
[scd] WARN: event 4 DROPPED (no free event slot)
[scd] WARN: event 4 DROPPED (no free event slot)
[scd] WARN: event 4 DROPPED (no free event slot)
  1800 Bilder Dauerbeschuss, 8 Niederschlaege | Tor DURCH 1161/1800 | LAENGSTE ununterbrochene Sperre: 240 Bilder (8.0 s @30 Hz)

TEIL 2c — das Tor SCHARF vs. AUS, ECHTE Treffer, JE TYP
[scd] thread start slot=0 first_op=0x3B
[scd] thread start slot=1 first_op=0x06
[scd] Obj_model_set[0] id=0x00 type=0 pos=(-7124,0,-6976) rot=(0,0,0)
[scd] WARN: event 4 DROPPED (no free event slot)
[scd] WARN: event 4 DROPPED (no free event slot)
[scd] WARN: event 4 DROPPED (no free event slot)
[scd] WARN: event 4 DROPPED (no free event slot)
[scd] WARN: event 4 DROPPED (no free event slot)
[scd] WARN: event 4 DROPPED (no free event slot)
[scd] WARN: event 4 DROPPED (no free event slot)
[scd] WARN: event 4 DROPPED (no free event slot)
[scd] WARN: event 4 DROPPED (no free event slot)
[scd] WARN: event 4 DROPPED (no free event slot)
[scd] WARN: event 4 DROPPED (no free event slot)
[scd] WARN: event 4 DROPPED (no free event slot)
[scd] WARN: event 4 DROPPED (no free event slot)
[scd] WARN: event 4 DROPPED (no free event slot)
[scd] WARN: event 4 DROPPED (no free event slot)
[scd] WARN: event 4 DROPPED (no free event slot)
[scd] WARN: event 4 DROPPED (no free event slot)
[scd] WARN: event 4 DROPPED (no free event slot)
[scd] WARN: event 4 DROPPED (no free event slot)
[scd] WARN: event 4 DROPPED (no free event slot)
[scd] WARN: event 4 DROPPED (no free event slot)
[scd] WARN: event 4 DROPPED (no free event slot)
[scd] WARN: event 4 DROPPED (no free event slot)
[scd] WARN: event 4 DROPPED (no free event slot)
[scd] WARN: event 4 DROPPED (no free event slot)
[scd] WARN: event 4 DROPPED (no free event slot)
[scd] WARN: event 4 DROPPED (no free event slot)
[scd] WARN: event 4 DROPPED (no free event slot)
[scd] WARN: event 4 DROPPED (no free event slot)
[scd] WARN: event 4 DROPPED (no free event slot)
[scd] WARN: event 4 DROPPED (no free event slot)
[scd] WARN: event 4 DROPPED (no free event slot)
[scd] WARN: event 4 DROPPED (no free event slot)
[scd] WARN: event 4 DROPPED (no free event slot)
[scd] WARN: event 4 DROPPED (no free event slot)
[scd] WARN: event 4 DROPPED (no free event slot)
[scd] WARN: event 4 DROPPED (no free event slot)
[scd] WARN: event 4 DROPPED (no free event slot)
[scd] WARN: event 4 DROPPED (no free event slot)
[scd] WARN: event 4 DROPPED (no free event slot)
[scd] WARN: event 4 DROPPED (no free event slot)
[scd] WARN: event 4 DROPPED (no free event slot)
[scd] WARN: event 4 DROPPED (no free event slot)
[scd] WARN: event 4 DROPPED (no free event slot)
[scd] WARN: event 4 DROPPED (no free event slot)
[scd] WARN: event 4 DROPPED (no free event slot)
[scd] WARN: event 4 DROPPED (no free event slot)
[scd] WARN: event 4 DROPPED (no free event slot)
[scd] WARN: event 4 DROPPED (no free event slot)
[scd] WARN: event 4 DROPPED (no free event slot)
[scd] WARN: event 4 DROPPED (no free event slot)
[scd] WARN: event 4 DROPPED (no free event slot)
[scd] WARN: event 4 DROPPED (no free event slot)
[scd] WARN: event 4 DROPPED (no free event slot)
[scd] WARN: event 4 DROPPED (no free event slot)
[scd] WARN: event 4 DROPPED (no free event slot)
[scd] WARN: event 4 DROPPED (no free event slot)
[scd] WARN: event 4 DROPPED (no free event slot)
[scd] WARN: event 4 DROPPED (no free event slot)
[scd] WARN: event 4 DROPPED (no free event slot)
[scd] WARN: event 4 DROPPED (no free event slot)
[scd] WARN: event 4 DROPPED (no free event slot)
[scd] WARN: event 4 DROPPED (no free event slot)
[scd] WARN: event 4 DROPPED (no free event slot)
[scd] WARN: event 4 DROPPED (no free event slot)
[scd] WARN: event 4 DROPPED (no free event slot)
[scd] WARN: event 4 DROPPED (no free event slot)
[scd] WARN: event 4 DROPPED (no free event slot)
[scd] WARN: event 4 DROPPED (no free event slot)
[scd] WARN: event 4 DROPPED (no free event slot)
[scd] WARN: event 4 DROPPED (no free event slot)
[scd] WARN: event 4 DROPPED (no free event slot)
[scd] WARN: event 4 DROPPED (no free event slot)
[scd] WARN: event 4 DROPPED (no free event slot)
[scd] WARN: event 4 DROPPED (no free event slot)
[scd] WARN: event 4 DROPPED (no free event slot)
[scd] WARN: event 4 DROPPED (no free event slot)
[scd] WARN: event 4 DROPPED (no free event slot)
[scd] WARN: event 4 DROPPED (no free event slot)
[scd] WARN: event 4 DROPPED (no free event slot)
[scd] WARN: event 4 DROPPED (no free event slot)
[scd] WARN: event 4 DROPPED (no free event slot)
[scd] WARN: event 4 DROPPED (no free event slot)
[scd] WARN: event 4 DROPPED (no free event slot)
[scd] WARN: event 4 DROPPED (no free event slot)
[scd] WARN: event 4 DROPPED (no free event slot)
[scd] WARN: event 4 DROPPED (no free event slot)
[scd] WARN: event 4 DROPPED (no free event slot)
[scd] WARN: event 4 DROPPED (no free event slot)
[scd] WARN: event 4 DROPPED (no free event slot)
[scd] WARN: event 4 DROPPED (no free event slot)
[scd] WARN: event 4 DROPPED (no free event slot)
[scd] WARN: event 4 DROPPED (no free event slot)
[scd] WARN: event 4 DROPPED (no free event slot)
[scd] WARN: event 4 DROPPED (no free event slot)
[scd] WARN: event 4 DROPPED (no free event slot)
[scd] WARN: event 4 DROPPED (no free event slot)
[scd] WARN: event 4 DROPPED (no free event slot)
[scd] WARN: event 4 DROPPED (no free event slot)
[scd] WARN: event 4 DROPPED (no free event slot)
[scd] WARN: event 4 DROPPED (no free event slot)
[scd] WARN: event 4 DROPPED (no free event slot)
[scd] WARN: event 4 DROPPED (no free event slot)
[scd] WARN: event 4 DROPPED (no free event slot)
[scd] WARN: event 4 DROPPED (no free event slot)
[scd] WARN: event 4 DROPPED (no free event slot)
[scd] WARN: event 4 DROPPED (no free event slot)
[scd] WARN: event 4 DROPPED (no free event slot)
[scd] WARN: event 4 DROPPED (no free event slot)
[scd] WARN: event 4 DROPPED (no free event slot)
[scd] WARN: event 4 DROPPED (no free event slot)
[scd] WARN: event 4 DROPPED (no free event slot)
[scd] WARN: event 4 DROPPED (no free event slot)
[scd] WARN: event 4 DROPPED (no free event slot)
[scd] WARN: event 4 DROPPED (no free event slot)
[scd] WARN: event 4 DROPPED (no free event slot)
[scd] WARN: event 4 DROPPED (no free event slot)
[scd] WARN: event 4 DROPPED (no free event slot)
[scd] WARN: event 4 DROPPED (no free event slot)
[scd] WARN: event 4 DROPPED (no free event slot)
[scd] WARN: event 4 DROPPED (no free event slot)
[scd] WARN: event 4 DROPPED (no free event slot)
[scd] WARN: event 4 DROPPED (no free event slot)
[scd] WARN: event 4 DROPPED (no free event slot)
[scd] WARN: event 4 DROPPED (no free event slot)
[scd] WARN: event 4 DROPPED (no free event slot)
[scd] WARN: event 4 DROPPED (no free event slot)
[scd] WARN: event 4 DROPPED (no free event slot)
[scd] WARN: event 4 DROPPED (no free event slot)
[scd] WARN: event 4 DROPPED (no free event slot)
[scd] WARN: event 4 DROPPED (no free event slot)
[scd] WARN: event 4 DROPPED (no free event slot)
[scd] WARN: event 4 DROPPED (no free event slot)
[scd] WARN: event 4 DROPPED (no free event slot)
[scd] WARN: event 4 DROPPED (no free event slot)
[scd] WARN: event 4 DROPPED (no free event slot)
[scd] WARN: event 4 DROPPED (no free event slot)
[scd] WARN: event 4 DROPPED (no free event slot)
[scd] WARN: event 4 DROPPED (no free event slot)
[scd] WARN: event 4 DROPPED (no free event slot)
[scd] WARN: event 4 DROPPED (no free event slot)
[scd] WARN: event 4 DROPPED (no free event slot)
[scd] WARN: event 4 DROPPED (no free event slot)
[scd] WARN: event 4 DROPPED (no free event slot)
[scd] WARN: event 4 DROPPED (no free event slot)
[scd] WARN: event 4 DROPPED (no free event slot)
[scd] WARN: event 4 DROPPED (no free event slot)
[scd] WARN: event 4 DROPPED (no free event slot)
[scd] WARN: event 4 DROPPED (no free event slot)
[scd] WARN: event 4 DROPPED (no free event slot)
[scd] WARN: event 4 DROPPED (no free event slot)
[scd] WARN: event 4 DROPPED (no free event slot)
[scd] WARN: event 4 DROPPED (no free event slot)
[scd] WARN: event 4 DROPPED (no free event slot)
[scd] WARN: event 4 DROPPED (no free event slot)
[scd] WARN: event 4 DROPPED (no free event slot)
[scd] WARN: event 4 DROPPED (no free event slot)
[scd] WARN: event 4 DROPPED (no free event slot)
[scd] WARN: event 4 DROPPED (no free event slot)
[scd] WARN: event 4 DROPPED (no free event slot)
[scd] WARN: event 4 DROPPED (no free event slot)
  [ZOMBIE 0x10 KLASSE FEST 3]  900 Bilder | ECHTE Treffer  70 | Niederschlaege 7 | laengste Strecke OHNE Treffer:   54 Bilder (1.8 s) | Tor5 0 / Klasse 82
[scd] thread start slot=0 first_op=0x3B
[scd] thread start slot=1 first_op=0x06
[scd] Obj_model_set[0] id=0x00 type=0 pos=(-7124,0,-6976) rot=(0,0,0)
[scd] WARN: event 4 DROPPED (no free event slot)
[scd] WARN: event 4 DROPPED (no free event slot)
[scd] WARN: event 4 DROPPED (no free event slot)
[scd] WARN: event 4 DROPPED (no free event slot)
[scd] WARN: event 4 DROPPED (no free event slot)
[scd] WARN: event 4 DROPPED (no free event slot)
[scd] WARN: event 4 DROPPED (no free event slot)
[scd] WARN: event 4 DROPPED (no free event slot)
[scd] WARN: event 4 DROPPED (no free event slot)
[scd] WARN: event 4 DROPPED (no free event slot)
[scd] WARN: event 4 DROPPED (no free event slot)
[scd] WARN: event 4 DROPPED (no free event slot)
[scd] WARN: event 4 DROPPED (no free event slot)
[scd] WARN: event 4 DROPPED (no free event slot)
[scd] WARN: event 4 DROPPED (no free event slot)
[scd] WARN: event 4 DROPPED (no free event slot)
[scd] WARN: event 4 DROPPED (no free event slot)
[scd] WARN: event 4 DROPPED (no free event slot)
[scd] WARN: event 4 DROPPED (no free event slot)
[scd] WARN: event 4 DROPPED (no free event slot)
[scd] WARN: event 4 DROPPED (no free event slot)
[scd] WARN: event 4 DROPPED (no free event slot)
[scd] WARN: event 4 DROPPED (no free event slot)
[scd] WARN: event 4 DROPPED (no free event slot)
[scd] WARN: event 4 DROPPED (no free event slot)
[scd] WARN: event 4 DROPPED (no free event slot)
[scd] WARN: event 4 DROPPED (no free event slot)
[scd] WARN: event 4 DROPPED (no free event slot)
[scd] WARN: event 4 DROPPED (no free event slot)
[scd] WARN: event 4 DROPPED (no free event slot)
[scd] WARN: event 4 DROPPED (no free event slot)
[scd] WARN: event 4 DROPPED (no free event slot)
[scd] WARN: event 4 DROPPED (no free event slot)
[scd] WARN: event 4 DROPPED (no free event slot)
[scd] WARN: event 4 DROPPED (no free event slot)
[scd] WARN: event 4 DROPPED (no free event slot)
[scd] WARN: event 4 DROPPED (no free event slot)
[scd] WARN: event 4 DROPPED (no free event slot)
[scd] WARN: event 4 DROPPED (no free event slot)
[scd] WARN: event 4 DROPPED (no free event slot)
[scd] WARN: event 4 DROPPED (no free event slot)
[scd] WARN: event 4 DROPPED (no free event slot)
[scd] WARN: event 4 DROPPED (no free event slot)
[scd] WARN: event 4 DROPPED (no free event slot)
[scd] WARN: event 4 DROPPED (no free event slot)
[scd] WARN: event 4 DROPPED (no free event slot)
[scd] WARN: event 4 DROPPED (no free event slot)
[scd] WARN: event 4 DROPPED (no free event slot)
[scd] WARN: event 4 DROPPED (no free event slot)
[scd] WARN: event 4 DROPPED (no free event slot)
[scd] WARN: event 4 DROPPED (no free event slot)
[scd] WARN: event 4 DROPPED (no free event slot)
[scd] WARN: event 4 DROPPED (no free event slot)
[scd] WARN: event 4 DROPPED (no free event slot)
[scd] WARN: event 4 DROPPED (no free event slot)
[scd] WARN: event 4 DROPPED (no free event slot)
[scd] WARN: event 4 DROPPED (no free event slot)
[scd] WARN: event 4 DROPPED (no free event slot)
[scd] WARN: event 4 DROPPED (no free event slot)
[scd] WARN: event 4 DROPPED (no free event slot)
[scd] WARN: event 4 DROPPED (no free event slot)
[scd] WARN: event 4 DROPPED (no free event slot)
[scd] WARN: event 4 DROPPED (no free event slot)
[scd] WARN: event 4 DROPPED (no free event slot)
[scd] WARN: event 4 DROPPED (no free event slot)
[scd] WARN: event 4 DROPPED (no free event slot)
[scd] WARN: event 4 DROPPED (no free event slot)
[scd] WARN: event 4 DROPPED (no free event slot)
[scd] WARN: event 4 DROPPED (no free event slot)
[scd] WARN: event 4 DROPPED (no free event slot)
[scd] WARN: event 4 DROPPED (no free event slot)
[scd] WARN: event 4 DROPPED (no free event slot)
[scd] WARN: event 4 DROPPED (no free event slot)
[scd] WARN: event 4 DROPPED (no free event slot)
[scd] WARN: event 4 DROPPED (no free event slot)
[scd] WARN: event 4 DROPPED (no free event slot)
[scd] WARN: event 4 DROPPED (no free event slot)
[scd] WARN: event 4 DROPPED (no free event slot)
[scd] WARN: event 4 DROPPED (no free event slot)
[scd] WARN: event 4 DROPPED (no free event slot)
[scd] WARN: event 4 DROPPED (no free event slot)
[scd] WARN: event 4 DROPPED (no free event slot)
[scd] WARN: event 4 DROPPED (no free event slot)
[scd] WARN: event 4 DROPPED (no free event slot)
[scd] WARN: event 4 DROPPED (no free event slot)
[scd] WARN: event 4 DROPPED (no free event slot)
[scd] WARN: event 4 DROPPED (no free event slot)
[scd] WARN: event 4 DROPPED (no free event slot)
[scd] WARN: event 4 DROPPED (no free event slot)
[scd] WARN: event 4 DROPPED (no free event slot)
[scd] WARN: event 4 DROPPED (no free event slot)
[scd] WARN: event 4 DROPPED (no free event slot)
[scd] WARN: event 4 DROPPED (no free event slot)
[scd] WARN: event 4 DROPPED (no free event slot)
[scd] WARN: event 4 DROPPED (no free event slot)
[scd] WARN: event 4 DROPPED (no free event slot)
[scd] WARN: event 4 DROPPED (no free event slot)
[scd] WARN: event 4 DROPPED (no free event slot)
[scd] WARN: event 4 DROPPED (no free event slot)
[scd] WARN: event 4 DROPPED (no free event slot)
[scd] WARN: event 4 DROPPED (no free event slot)
[scd] WARN: event 4 DROPPED (no free event slot)
[scd] WARN: event 4 DROPPED (no free event slot)
[scd] WARN: event 4 DROPPED (no free event slot)
[scd] WARN: event 4 DROPPED (no free event slot)
[scd] WARN: event 4 DROPPED (no free event slot)
[scd] WARN: event 4 DROPPED (no free event slot)
[scd] WARN: event 4 DROPPED (no free event slot)
[scd] WARN: event 4 DROPPED (no free event slot)
[scd] WARN: event 4 DROPPED (no free event slot)
[scd] WARN: event 4 DROPPED (no free event slot)
[scd] WARN: event 4 DROPPED (no free event slot)
[scd] WARN: event 4 DROPPED (no free event slot)
[scd] WARN: event 4 DROPPED (no free event slot)
[scd] WARN: event 4 DROPPED (no free event slot)
[scd] WARN: event 4 DROPPED (no free event slot)
[scd] WARN: event 4 DROPPED (no free event slot)
[scd] WARN: event 4 DROPPED (no free event slot)
[scd] WARN: event 4 DROPPED (no free event slot)
[scd] WARN: event 4 DROPPED (no free event slot)
[scd] WARN: event 4 DROPPED (no free event slot)
[scd] WARN: event 4 DROPPED (no free event slot)
[scd] WARN: event 4 DROPPED (no free event slot)
[scd] WARN: event 4 DROPPED (no free event slot)
[scd] WARN: event 4 DROPPED (no free event slot)
[scd] WARN: event 4 DROPPED (no free event slot)
[scd] WARN: event 4 DROPPED (no free event slot)
[scd] WARN: event 4 DROPPED (no free event slot)
[scd] WARN: event 4 DROPPED (no free event slot)
[scd] WARN: event 4 DROPPED (no free event slot)
[scd] WARN: event 4 DROPPED (no free event slot)
[scd] WARN: event 4 DROPPED (no free event slot)
[scd] WARN: event 4 DROPPED (no free event slot)
[scd] WARN: event 4 DROPPED (no free event slot)
[scd] WARN: event 4 DROPPED (no free event slot)
[scd] WARN: event 4 DROPPED (no free event slot)
[scd] WARN: event 4 DROPPED (no free event slot)
[scd] WARN: event 4 DROPPED (no free event slot)
[scd] WARN: event 4 DROPPED (no free event slot)
[scd] WARN: event 4 DROPPED (no free event slot)
[scd] WARN: event 4 DROPPED (no free event slot)
[scd] WARN: event 4 DROPPED (no free event slot)
[scd] WARN: event 4 DROPPED (no free event slot)
[scd] WARN: event 4 DROPPED (no free event slot)
[scd] WARN: event 4 DROPPED (no free event slot)
[scd] WARN: event 4 DROPPED (no free event slot)
[scd] WARN: event 4 DROPPED (no free event slot)
[scd] WARN: event 4 DROPPED (no free event slot)
[scd] WARN: event 4 DROPPED (no free event slot)
[scd] WARN: event 4 DROPPED (no free event slot)
[scd] WARN: event 4 DROPPED (no free event slot)
[scd] WARN: event 4 DROPPED (no free event slot)
[scd] WARN: event 4 DROPPED (no free event slot)
[scd] WARN: event 4 DROPPED (no free event slot)
[scd] WARN: event 4 DROPPED (no free event slot)
[scd] WARN: event 4 DROPPED (no free event slot)
[scd] WARN: event 4 DROPPED (no free event slot)
[scd] WARN: event 4 DROPPED (no free event slot)
[scd] WARN: event 4 DROPPED (no free event slot)
[scd] WARN: event 4 DROPPED (no free event slot)
[scd] WARN: event 4 DROPPED (no free event slot)
  [ZOMBIE 0x10 WIE GEBAUT   ]  900 Bilder | ECHTE Treffer  45 | Niederschlaege 4 | laengste Strecke OHNE Treffer:  274 Bilder (9.1 s) | Tor5 0 / Klasse 82
[scd] thread start slot=0 first_op=0x3B
[scd] thread start slot=1 first_op=0x06
[scd] Obj_model_set[0] id=0x00 type=0 pos=(-7124,0,-6976) rot=(0,0,0)
[scd] WARN: event 4 DROPPED (no free event slot)
[scd] WARN: event 4 DROPPED (no free event slot)
[scd] WARN: event 4 DROPPED (no free event slot)
[scd] WARN: event 4 DROPPED (no free event slot)
[scd] WARN: event 4 DROPPED (no free event slot)
[scd] WARN: event 4 DROPPED (no free event slot)
[scd] WARN: event 4 DROPPED (no free event slot)
[scd] WARN: event 4 DROPPED (no free event slot)
[scd] WARN: event 4 DROPPED (no free event slot)
[scd] WARN: event 4 DROPPED (no free event slot)
[scd] WARN: event 4 DROPPED (no free event slot)
[scd] WARN: event 4 DROPPED (no free event slot)
[scd] WARN: event 4 DROPPED (no free event slot)
[scd] WARN: event 4 DROPPED (no free event slot)
[scd] WARN: event 4 DROPPED (no free event slot)
[scd] WARN: event 4 DROPPED (no free event slot)
[scd] WARN: event 4 DROPPED (no free event slot)
[scd] WARN: event 4 DROPPED (no free event slot)
[scd] WARN: event 4 DROPPED (no free event slot)
[scd] WARN: event 4 DROPPED (no free event slot)
[scd] WARN: event 4 DROPPED (no free event slot)
[scd] WARN: event 4 DROPPED (no free event slot)
[scd] WARN: event 4 DROPPED (no free event slot)
[scd] WARN: event 4 DROPPED (no free event slot)
[scd] WARN: event 4 DROPPED (no free event slot)
[scd] WARN: event 4 DROPPED (no free event slot)
[scd] WARN: event 4 DROPPED (no free event slot)
[scd] WARN: event 4 DROPPED (no free event slot)
[scd] WARN: event 4 DROPPED (no free event slot)
[scd] WARN: event 4 DROPPED (no free event slot)
[scd] WARN: event 4 DROPPED (no free event slot)
[scd] WARN: event 4 DROPPED (no free event slot)
[scd] WARN: event 4 DROPPED (no free event slot)
[scd] WARN: event 4 DROPPED (no free event slot)
[scd] WARN: event 4 DROPPED (no free event slot)
[scd] WARN: event 4 DROPPED (no free event slot)
[scd] WARN: event 4 DROPPED (no free event slot)
[scd] WARN: event 4 DROPPED (no free event slot)
[scd] WARN: event 4 DROPPED (no free event slot)
[scd] WARN: event 4 DROPPED (no free event slot)
[scd] WARN: event 4 DROPPED (no free event slot)
[scd] WARN: event 4 DROPPED (no free event slot)
[scd] WARN: event 4 DROPPED (no free event slot)
[scd] WARN: event 4 DROPPED (no free event slot)
[scd] WARN: event 4 DROPPED (no free event slot)
[scd] WARN: event 4 DROPPED (no free event slot)
[scd] WARN: event 4 DROPPED (no free event slot)
[scd] WARN: event 4 DROPPED (no free event slot)
[scd] WARN: event 4 DROPPED (no free event slot)
[scd] WARN: event 4 DROPPED (no free event slot)
[scd] WARN: event 4 DROPPED (no free event slot)
[scd] WARN: event 4 DROPPED (no free event slot)
[scd] WARN: event 4 DROPPED (no free event slot)
[scd] WARN: event 4 DROPPED (no free event slot)
[scd] WARN: event 4 DROPPED (no free event slot)
[scd] WARN: event 4 DROPPED (no free event slot)
[scd] WARN: event 4 DROPPED (no free event slot)
[scd] WARN: event 4 DROPPED (no free event slot)
[scd] WARN: event 4 DROPPED (no free event slot)
[scd] WARN: event 4 DROPPED (no free event slot)
[scd] WARN: event 4 DROPPED (no free event slot)
[scd] WARN: event 4 DROPPED (no free event slot)
[scd] WARN: event 4 DROPPED (no free event slot)
[scd] WARN: event 4 DROPPED (no free event slot)
[scd] WARN: event 4 DROPPED (no free event slot)
[scd] WARN: event 4 DROPPED (no free event slot)
[scd] WARN: event 4 DROPPED (no free event slot)
[scd] WARN: event 4 DROPPED (no free event slot)
[scd] WARN: event 4 DROPPED (no free event slot)
[scd] WARN: event 4 DROPPED (no free event slot)
[scd] WARN: event 4 DROPPED (no free event slot)
[scd] WARN: event 4 DROPPED (no free event slot)
[scd] WARN: event 4 DROPPED (no free event slot)
[scd] WARN: event 4 DROPPED (no free event slot)
[scd] WARN: event 4 DROPPED (no free event slot)
[scd] WARN: event 4 DROPPED (no free event slot)
[scd] WARN: event 4 DROPPED (no free event slot)
[scd] WARN: event 4 DROPPED (no free event slot)
[scd] WARN: event 4 DROPPED (no free event slot)
[scd] WARN: event 4 DROPPED (no free event slot)
[scd] WARN: event 4 DROPPED (no free event slot)
[scd] WARN: event 4 DROPPED (no free event slot)
[scd] WARN: event 4 DROPPED (no free event slot)
[scd] WARN: event 4 DROPPED (no free event slot)
[scd] WARN: event 4 DROPPED (no free event slot)
[scd] WARN: event 4 DROPPED (no free event slot)
[scd] WARN: event 4 DROPPED (no free event slot)
[scd] WARN: event 4 DROPPED (no free event slot)
[scd] WARN: event 4 DROPPED (no free event slot)
[scd] WARN: event 4 DROPPED (no free event slot)
[scd] WARN: event 4 DROPPED (no free event slot)
[scd] WARN: event 4 DROPPED (no free event slot)
[scd] WARN: event 4 DROPPED (no free event slot)
[scd] WARN: event 4 DROPPED (no free event slot)
[scd] WARN: event 4 DROPPED (no free event slot)
[scd] WARN: event 4 DROPPED (no free event slot)
[scd] WARN: event 4 DROPPED (no free event slot)
[scd] WARN: event 4 DROPPED (no free event slot)
[scd] WARN: event 4 DROPPED (no free event slot)
[scd] WARN: event 4 DROPPED (no free event slot)
[scd] WARN: event 4 DROPPED (no free event slot)
[scd] WARN: event 4 DROPPED (no free event slot)
[scd] WARN: event 4 DROPPED (no free event slot)
[scd] WARN: event 4 DROPPED (no free event slot)
[scd] WARN: event 4 DROPPED (no free event slot)
[scd] WARN: event 4 DROPPED (no free event slot)
[scd] WARN: event 4 DROPPED (no free event slot)
[scd] WARN: event 4 DROPPED (no free event slot)
[scd] WARN: event 4 DROPPED (no free event slot)
[scd] WARN: event 4 DROPPED (no free event slot)
[scd] WARN: event 4 DROPPED (no free event slot)
[scd] WARN: event 4 DROPPED (no free event slot)
[scd] WARN: event 4 DROPPED (no free event slot)
[scd] WARN: event 4 DROPPED (no free event slot)
[scd] WARN: event 4 DROPPED (no free event slot)
[scd] WARN: event 4 DROPPED (no free event slot)
[scd] WARN: event 4 DROPPED (no free event slot)
[scd] WARN: event 4 DROPPED (no free event slot)
[scd] WARN: event 4 DROPPED (no free event slot)
[scd] WARN: event 4 DROPPED (no free event slot)
[scd] WARN: event 4 DROPPED (no free event slot)
[scd] WARN: event 4 DROPPED (no free event slot)
[scd] WARN: event 4 DROPPED (no free event slot)
[scd] WARN: event 4 DROPPED (no free event slot)
[scd] WARN: event 4 DROPPED (no free event slot)
[scd] WARN: event 4 DROPPED (no free event slot)
[scd] WARN: event 4 DROPPED (no free event slot)
[scd] WARN: event 4 DROPPED (no free event slot)
[scd] WARN: event 4 DROPPED (no free event slot)
[scd] WARN: event 4 DROPPED (no free event slot)
[scd] WARN: event 4 DROPPED (no free event slot)
[scd] WARN: event 4 DROPPED (no free event slot)
[scd] WARN: event 4 DROPPED (no free event slot)
[scd] WARN: event 4 DROPPED (no free event slot)
[scd] WARN: event 4 DROPPED (no free event slot)
[scd] WARN: event 4 DROPPED (no free event slot)
[scd] WARN: event 4 DROPPED (no free event slot)
[scd] WARN: event 4 DROPPED (no free event slot)
[scd] WARN: event 4 DROPPED (no free event slot)
[scd] WARN: event 4 DROPPED (no free event slot)
[scd] WARN: event 4 DROPPED (no free event slot)
[scd] WARN: event 4 DROPPED (no free event slot)
[scd] WARN: event 4 DROPPED (no free event slot)
[scd] WARN: event 4 DROPPED (no free event slot)
[scd] WARN: event 4 DROPPED (no free event slot)
[scd] WARN: event 4 DROPPED (no free event slot)
[scd] WARN: event 4 DROPPED (no free event slot)
[scd] WARN: event 4 DROPPED (no free event slot)
[scd] WARN: event 4 DROPPED (no free event slot)
[scd] WARN: event 4 DROPPED (no free event slot)
[scd] WARN: event 4 DROPPED (no free event slot)
[scd] WARN: event 4 DROPPED (no free event slot)
[scd] WARN: event 4 DROPPED (no free event slot)
[scd] WARN: event 4 DROPPED (no free event slot)
[scd] WARN: event 4 DROPPED (no free event slot)
  [ZOMBIE 0x10 KONTROLLE K=4]  900 Bilder | ECHTE Treffer   0 | Niederschlaege 0 | laengste Strecke OHNE Treffer:  900 Bilder (30.0 s) | Tor5 0 / Klasse 82
[scd] thread start slot=0 first_op=0x06
[scd] thread start slot=1 first_op=0x13
[scd] thread start slot=2 first_op=0x06
[scd] Obj_model_set[0] id=0x00 type=0 pos=(-21340,-4446,-24516) rot=(0,0,0)
[scd] Obj_model_set[1] id=0x01 type=0 pos=(-21340,-4446,-20916) rot=(0,0,0)
[scd] Obj_model_set[2] id=0x02 type=0 pos=(-21340,-4446,-17316) rot=(0,0,0)
[scd] Obj_model_set[3] id=0x03 type=0 pos=(-21340,-4446,-13716) rot=(0,0,0)
[scd] Obj_model_set[4] id=0x04 type=0 pos=(310,-4500,-26946) rot=(-2048,1024,0)
[scd] Obj_model_set[5] id=0x05 type=0 pos=(3920,0,-25952) rot=(0,3072,0)
[scd] Obj_model_set[6] id=0x06 type=0 pos=(4304,-1340,-26600) rot=(0,2912,0)
  [HUND   0x20 KLASSE FEST 3]  900 Bilder | ECHTE Treffer  41 | Niederschlaege 1 | laengste Strecke OHNE Treffer:   21 Bilder (0.7 s) | Tor5 0 / Klasse 82
[scd] thread start slot=0 first_op=0x06
[scd] thread start slot=1 first_op=0x13
[scd] thread start slot=2 first_op=0x06
[scd] Obj_model_set[0] id=0x00 type=0 pos=(-21340,-4446,-24516) rot=(0,0,0)
[scd] Obj_model_set[1] id=0x01 type=0 pos=(-21340,-4446,-20916) rot=(0,0,0)
[scd] Obj_model_set[2] id=0x02 type=0 pos=(-21340,-4446,-17316) rot=(0,0,0)
[scd] Obj_model_set[3] id=0x03 type=0 pos=(-21340,-4446,-13716) rot=(0,0,0)
[scd] Obj_model_set[4] id=0x04 type=0 pos=(310,-4500,-26946) rot=(-2048,1024,0)
[scd] Obj_model_set[5] id=0x05 type=0 pos=(3920,0,-25952) rot=(0,3072,0)
[scd] Obj_model_set[6] id=0x06 type=0 pos=(4304,-1340,-26600) rot=(0,2912,0)
  [HUND   0x20 WIE GEBAUT   ]  900 Bilder | ECHTE Treffer  12 | Niederschlaege 12 | laengste Strecke OHNE Treffer:   87 Bilder (2.9 s) | Tor5 0 / Klasse 82
[scd] thread start slot=0 first_op=0x06
[scd] thread start slot=1 first_op=0x13
[scd] thread start slot=2 first_op=0x06
[scd] Obj_model_set[0] id=0x00 type=0 pos=(-21340,-4446,-24516) rot=(0,0,0)
[scd] Obj_model_set[1] id=0x01 type=0 pos=(-21340,-4446,-20916) rot=(0,0,0)
[scd] Obj_model_set[2] id=0x02 type=0 pos=(-21340,-4446,-17316) rot=(0,0,0)
[scd] Obj_model_set[3] id=0x03 type=0 pos=(-21340,-4446,-13716) rot=(0,0,0)
[scd] Obj_model_set[4] id=0x04 type=0 pos=(310,-4500,-26946) rot=(-2048,1024,0)
[scd] Obj_model_set[5] id=0x05 type=0 pos=(3920,0,-25952) rot=(0,3072,0)
[scd] Obj_model_set[6] id=0x06 type=0 pos=(4304,-1340,-26600) rot=(0,2912,0)
  [HUND   0x20 KONTROLLE K=4]  900 Bilder | ECHTE Treffer   0 | Niederschlaege 0 | laengste Strecke OHNE Treffer:  900 Bilder (30.0 s) | Tor5 0 / Klasse 82
[scd] thread start slot=0 first_op=0x3B
[scd] thread start slot=1 first_op=0x01
  [KRAEHE 0x21 KLASSE FEST 3]  900 Bilder | ECHTE Treffer  41 | Niederschlaege 1 | laengste Strecke OHNE Treffer:   21 Bilder (0.7 s) | Tor5 0 / Klasse 0
[scd] thread start slot=0 first_op=0x3B
[scd] thread start slot=1 first_op=0x01
  [KRAEHE 0x21 WIE GEBAUT   ]  900 Bilder | ECHTE Treffer  41 | Niederschlaege 1 | laengste Strecke OHNE Treffer:   21 Bilder (0.7 s) | Tor5 0 / Klasse 0
[scd] thread start slot=0 first_op=0x3B
[scd] thread start slot=1 first_op=0x01
  [KRAEHE 0x21 KONTROLLE K=4]  900 Bilder | ECHTE Treffer  41 | Niederschlaege 1 | laengste Strecke OHNE Treffer:   21 Bilder (0.7 s) | Tor5 0 / Klasse 0
[scd] thread start slot=0 first_op=0x3B
[scd] thread start slot=1 first_op=0x06
[scd] Obj_model_set[0] id=0x06 type=4 pos=(-1600,-5400,-9348) rot=(0,2048,0)
[scd] Obj_model_set[1] id=0x00 type=0 pos=(-6625,-16200,-1850) rot=(0,1024,0)
[scd] Obj_model_set[2] id=0x01 type=4 pos=(2052,0,-5552) rot=(0,1024,0)
[scd] Obj_model_set[3] id=0x02 type=4 pos=(-1256,0,-64) rot=(0,1024,0)
[scd] Obj_model_set[4] id=0x03 type=4 pos=(4248,0,1400) rot=(0,1024,0)
[scd] Obj_model_set[5] id=0x04 type=3 pos=(7996,-16200,4450) rot=(0,2048,0)
[scd] Obj_model_set[6] id=0x05 type=3 pos=(2975,-16200,-13950) rot=(0,0,0)
[scd] Obj_model_set[7] id=0x07 type=0 pos=(5475,-16200,-13050) rot=(0,0,0)
  [SPINNE 0x25 KLASSE FEST 3]  900 Bilder | ECHTE Treffer  82 | Niederschlaege 82 | laengste Strecke OHNE Treffer:   10 Bilder (0.3 s) | Tor5 0 / Klasse 0
[scd] thread start slot=0 first_op=0x3B
[scd] thread start slot=1 first_op=0x06
[scd] Obj_model_set[0] id=0x06 type=4 pos=(-1600,-5400,-9348) rot=(0,2048,0)
[scd] Obj_model_set[1] id=0x00 type=0 pos=(-6625,-16200,-1850) rot=(0,1024,0)
[scd] Obj_model_set[2] id=0x01 type=4 pos=(2052,0,-5552) rot=(0,1024,0)
[scd] Obj_model_set[3] id=0x02 type=4 pos=(-1256,0,-64) rot=(0,1024,0)
[scd] Obj_model_set[4] id=0x03 type=4 pos=(4248,0,1400) rot=(0,1024,0)
[scd] Obj_model_set[5] id=0x04 type=3 pos=(7996,-16200,4450) rot=(0,2048,0)
[scd] Obj_model_set[6] id=0x05 type=3 pos=(2975,-16200,-13950) rot=(0,0,0)
[scd] Obj_model_set[7] id=0x07 type=0 pos=(5475,-16200,-13050) rot=(0,0,0)
  [SPINNE 0x25 WIE GEBAUT   ]  900 Bilder | ECHTE Treffer  82 | Niederschlaege 82 | laengste Strecke OHNE Treffer:   10 Bilder (0.3 s) | Tor5 0 / Klasse 0
[scd] thread start slot=0 first_op=0x3B
[scd] thread start slot=1 first_op=0x06
[scd] Obj_model_set[0] id=0x06 type=4 pos=(-1600,-5400,-9348) rot=(0,2048,0)
[scd] Obj_model_set[1] id=0x00 type=0 pos=(-6625,-16200,-1850) rot=(0,1024,0)
[scd] Obj_model_set[2] id=0x01 type=4 pos=(2052,0,-5552) rot=(0,1024,0)
[scd] Obj_model_set[3] id=0x02 type=4 pos=(-1256,0,-64) rot=(0,1024,0)
[scd] Obj_model_set[4] id=0x03 type=4 pos=(4248,0,1400) rot=(0,1024,0)
[scd] Obj_model_set[5] id=0x04 type=3 pos=(7996,-16200,4450) rot=(0,2048,0)
[scd] Obj_model_set[6] id=0x05 type=3 pos=(2975,-16200,-13950) rot=(0,0,0)
[scd] Obj_model_set[7] id=0x07 type=0 pos=(5475,-16200,-13050) rot=(0,0,0)
  [SPINNE 0x25 KONTROLLE K=4]  900 Bilder | ECHTE Treffer  82 | Niederschlaege 82 | laengste Strecke OHNE Treffer:   10 Bilder (0.3 s) | Tor5 0 / Klasse 0
[scd] thread start slot=0 first_op=0x3B
[scd] thread start slot=1 first_op=0x06
[scd] Obj_model_set[0] id=0x00 type=4 pos=(-8136,-1800,4753) rot=(0,0,0)
[scd] Obj_model_set[1] id=0x01 type=4 pos=(-5960,-9000,-15482) rot=(0,0,0)
[scd F0] Cut_chg(8)
[scd] Obj_model_set[2] id=0x03 type=0 pos=(3060,-2754,-1560) rot=(80,1878,0)
  [BABY   0x26 KLASSE FEST 3]  900 Bilder | ECHTE Treffer  41 | Niederschlaege 1 | laengste Strecke OHNE Treffer:   21 Bilder (0.7 s) | Tor5 0 / Klasse 0
[scd] thread start slot=0 first_op=0x3B
[scd] thread start slot=1 first_op=0x06
[scd] Obj_model_set[0] id=0x00 type=4 pos=(-8136,-1800,4753) rot=(0,0,0)
[scd] Obj_model_set[1] id=0x01 type=4 pos=(-5960,-9000,-15482) rot=(0,0,0)
[scd F0] Cut_chg(8)
[scd] Obj_model_set[2] id=0x03 type=0 pos=(3060,-2754,-1560) rot=(80,1878,0)
  [BABY   0x26 WIE GEBAUT   ]  900 Bilder | ECHTE Treffer  41 | Niederschlaege 1 | laengste Strecke OHNE Treffer:   21 Bilder (0.7 s) | Tor5 0 / Klasse 0
[scd] thread start slot=0 first_op=0x3B
[scd] thread start slot=1 first_op=0x06
[scd] Obj_model_set[0] id=0x00 type=4 pos=(-8136,-1800,4753) rot=(0,0,0)
[scd] Obj_model_set[1] id=0x01 type=4 pos=(-5960,-9000,-15482) rot=(0,0,0)
[scd F0] Cut_chg(8)
[scd] Obj_model_set[2] id=0x03 type=0 pos=(3060,-2754,-1560) rot=(80,1878,0)
  [BABY   0x26 KONTROLLE K=4]  900 Bilder | ECHTE Treffer  41 | Niederschlaege 1 | laengste Strecke OHNE Treffer:   21 Bilder (0.7 s) | Tor5 0 / Klasse 0

TEIL 2d — die DECKENspinne (Spawn-Deskriptor 2, @0x8010047C/@0x8010049C)
[scd] thread start slot=0 first_op=0x3B
[scd] thread start slot=1 first_op=0x06
[scd] Obj_model_set[0] id=0x06 type=4 pos=(-1600,-5400,-9348) rot=(0,2048,0)
[scd] Obj_model_set[1] id=0x00 type=0 pos=(-6625,-16200,-1850) rot=(0,1024,0)
[scd] Obj_model_set[2] id=0x01 type=4 pos=(2052,0,-5552) rot=(0,1024,0)
[scd] Obj_model_set[3] id=0x02 type=4 pos=(-1256,0,-64) rot=(0,1024,0)
[scd] Obj_model_set[4] id=0x03 type=4 pos=(4248,0,1400) rot=(0,1024,0)
[scd] Obj_model_set[5] id=0x04 type=3 pos=(7996,-16200,4450) rot=(0,2048,0)
[scd] Obj_model_set[6] id=0x05 type=3 pos=(2975,-16200,-13950) rot=(0,0,0)
[scd] Obj_model_set[7] id=0x07 type=0 pos=(5475,-16200,-13050) rot=(0,0,0)
  [SPINNE DECKE TOR AUS   ] Box -1400/1400 | ECHTE Treffer  82 in 900 Bildern   <== FEHLLAUF: der erzwungene Re-INIT nahm den Deckenzweig NICHT (Box unveraendert) - sagt NICHTS ueber die Deckenspinne
[scd] thread start slot=0 first_op=0x3B
[scd] thread start slot=1 first_op=0x06
[scd] Obj_model_set[0] id=0x06 type=4 pos=(-1600,-5400,-9348) rot=(0,2048,0)
[scd] Obj_model_set[1] id=0x00 type=0 pos=(-6625,-16200,-1850) rot=(0,1024,0)
[scd] Obj_model_set[2] id=0x01 type=4 pos=(2052,0,-5552) rot=(0,1024,0)
[scd] Obj_model_set[3] id=0x02 type=4 pos=(-1256,0,-64) rot=(0,1024,0)
[scd] Obj_model_set[4] id=0x03 type=4 pos=(4248,0,1400) rot=(0,1024,0)
[scd] Obj_model_set[5] id=0x04 type=3 pos=(7996,-16200,4450) rot=(0,2048,0)
[scd] Obj_model_set[6] id=0x05 type=3 pos=(2975,-16200,-13950) rot=(0,0,0)
[scd] Obj_model_set[7] id=0x07 type=0 pos=(5475,-16200,-13050) rot=(0,0,0)
  [SPINNE DECKE TOR SCHARF] Box -1400/1400 | ECHTE Treffer  82 in 900 Bildern   <== FEHLLAUF: der erzwungene Re-INIT nahm den Deckenzweig NICHT (Box unveraendert) - sagt NICHTS ueber die Deckenspinne
  Box je AUSGELIEFERTEM Spinnenraum:
[scd] thread start slot=0 first_op=0x3B
[scd] thread start slot=1 first_op=0x06
[scd] Obj_model_set[0] id=0x00 type=4 pos=(-8136,-1800,4753) rot=(0,0,0)
[scd] Obj_model_set[1] id=0x01 type=4 pos=(-5960,-9000,-15482) rot=(0,0,0)
[scd F0] Cut_chg(8)
[scd] Obj_model_set[2] id=0x03 type=0 pos=(3060,-2754,-1560) rot=(80,1878,0)
[scd] thread start slot=0 first_op=0x06
[scd] thread start slot=1 first_op=0x06
[scd] Obj_model_set[0] id=0x01 type=4 pos=(-19554,0,-23216) rot=(0,0,0)
[scd] Obj_model_set[1] id=0x00 type=0 pos=(6964,0,21694) rot=(0,0,0)
[scd] thread start slot=0 first_op=0x3B
[scd] thread start slot=1 first_op=0x13
[scd] thread start slot=0 first_op=0x3B
[scd] thread start slot=1 first_op=0x06
[scd] Obj_model_set[0] id=0x00 type=3 pos=(-19800,-900,10800) rot=(0,2048,0)
[scd] Obj_model_set[1] id=0x01 type=3 pos=(-25200,-900,-19800) rot=(0,1024,0)
[scd] Obj_model_set[2] id=0x02 type=3 pos=(-22450,-5400,16600) rot=(0,2048,0)
[scd] thread start slot=0 first_op=0x3B
[scd] thread start slot=1 first_op=0x06
[scd] Obj_model_set[0] id=0x00 type=0 pos=(4412,0,-6772) rot=(0,3072,0)
[scd] Obj_model_set[1] id=0x01 type=0 pos=(-2250,-300,-6875) rot=(0,1024,0)
[scd] Obj_model_set[2] id=0x02 type=0 pos=(-2550,-300,-6875) rot=(0,1024,0)
[scd] Obj_model_set[3] id=0x04 type=0 pos=(2850,-1400,6125) rot=(0,457,0)
[scd] Obj_model_set[4] id=0x03 type=0 pos=(2950,-1400,-1075) rot=(0,1885,0)
[scd] thread start slot=0 first_op=0x3B
[scd] thread start slot=1 first_op=0x06
[scd] Obj_model_set[0] id=0x00 type=3 pos=(-3950,-900,-225) rot=(0,1024,0)
[scd] Obj_model_set[1] id=0x01 type=0 pos=(-1452,-1784,-584) rot=(0,0,0)
[scd] thread start slot=0 first_op=0x3B
[scd] thread start slot=1 first_op=0x06
[scd] Obj_model_set[0] id=0x00 type=0 pos=(-1075,-1800,-275) rot=(0,0,0)
[scd] Obj_model_set[1] id=0x03 type=0 pos=(425,-10800,14525) rot=(0,1942,0)
[scd] Obj_model_set[2] id=0x01 type=0 pos=(6725,-5400,12050) rot=(0,3072,0)
[scd] Obj_model_set[3] id=0x02 type=0 pos=(-10675,-5400,4050) rot=(0,2048,0)
    2030: Modus 0 | Box  -1400/1400  -> DURCH
[scd] thread start slot=0 first_op=0x3B
[scd] thread start slot=1 first_op=0x06
[scd] Obj_model_set[0] id=0x06 type=4 pos=(-1600,-5400,-9348) rot=(0,2048,0)
[scd] Obj_model_set[1] id=0x00 type=0 pos=(-6625,-16200,-1850) rot=(0,1024,0)
[scd] Obj_model_set[2] id=0x01 type=4 pos=(2052,0,-5552) rot=(0,1024,0)
[scd] Obj_model_set[3] id=0x02 type=4 pos=(-1256,0,-64) rot=(0,1024,0)
[scd] Obj_model_set[4] id=0x03 type=4 pos=(4248,0,1400) rot=(0,1024,0)
[scd] Obj_model_set[5] id=0x04 type=3 pos=(7996,-16200,4450) rot=(0,2048,0)
[scd] Obj_model_set[6] id=0x05 type=3 pos=(2975,-16200,-13950) rot=(0,0,0)
[scd] Obj_model_set[7] id=0x07 type=0 pos=(5475,-16200,-13050) rot=(0,0,0)
    2050: Modus 0 | Box  -1400/1400  -> DURCH
[scd] thread start slot=0 first_op=0x3B
[scd] thread start slot=1 first_op=0x06
[scd] Obj_model_set[0] id=0x00 type=0 pos=(5775,-4860,5325) rot=(0,3072,0)
[scd] Obj_model_set[1] id=0x01 type=0 pos=(-5525,-4860,825) rot=(0,0,0)
[scd] Obj_model_set[2] id=0x02 type=4 pos=(-3125,0,2075) rot=(0,1024,0)
[scd] Obj_model_set[3] id=0x03 type=4 pos=(-19554,0,22684) rot=(0,0,0)
[scd] Obj_model_set[4] id=0x04 type=4 pos=(19571,0,-22542) rot=(0,0,0)
[scd] Obj_model_set[5] id=0x05 type=0 pos=(-24433,10,19398) rot=(1536,0,0)
[scd] Obj_model_set[6] id=0x06 type=0 pos=(-21333,10,19398) rot=(1536,0,0)
[scd] Obj_model_set[7] id=0x07 type=0 pos=(-18333,10,19398) rot=(1536,0,0)
[scd] Obj_model_set[8] id=0x08 type=0 pos=(-15133,10,19398) rot=(1536,0,0)
    2060: Modus 0 | Box  -1400/1400  -> DURCH
[scd] thread start slot=0 first_op=0x3B
[scd] thread start slot=1 first_op=0x01
    2070: Modus 0 | Box  -1400/1400  -> DURCH
[scd] thread start slot=0 first_op=0x3B
[scd] thread start slot=1 first_op=0x06
[scd] Obj_model_set[0] id=0x00 type=4 pos=(12250,-7200,-12400) rot=(0,0,0)
[scd] Obj_model_set[1] id=0x01 type=0 pos=(7942,-7200,-20510) rot=(0,1024,0)
[scd] Obj_model_set[2] id=0x02 type=0 pos=(22532,-6610,-27050) rot=(0,1024,0)
[scd] Obj_model_set[3] id=0x03 type=0 pos=(20448,-4860,-13500) rot=(0,0,0)
[scd] Obj_model_set[4] id=0x04 type=3 pos=(-2840,-2376,-23400) rot=(0,1024,0)
[scd] Obj_model_set[5] id=0x05 type=3 pos=(20460,-540,-27000) rot=(0,0,0)
[scd] Obj_model_set[6] id=0x06 type=3 pos=(20600,-1800,-26850) rot=(0,0,0)
[scd] Obj_model_set[7] id=0x07 type=0 pos=(3268,-3600,4980) rot=(0,1024,0)
    20A0: Modus 0 | Box  -1400/1400  -> DURCH
[scd] thread start slot=0 first_op=0x3B
[scd] thread start slot=1 first_op=0x06
[scd] thread start slot=0 first_op=0x3B
[scd] thread start slot=1 first_op=0x06
[scd] thread start slot=0 first_op=0x3B
[scd] thread start slot=1 first_op=0x01
[scd] thread start slot=0 first_op=0x3B
[scd] thread start slot=1 first_op=0x01
  5 Raeume mit lebender 0x25 geprueft, davon 0 mit Unterkante 0 (gesperrt)

TEIL 3 — Gegen-Ueberkorrektur: jeder Typ wird weiter getroffen
[scd] thread start slot=0 first_op=0x3B
[scd] thread start slot=1 first_op=0x06
[scd] Obj_model_set[0] id=0x00 type=0 pos=(-7124,0,-6976) rot=(0,0,0)
[scd] WARN: event 4 DROPPED (no free event slot)
[scd] WARN: event 4 DROPPED (no free event slot)
[scd] WARN: event 4 DROPPED (no free event slot)
[scd] WARN: event 4 DROPPED (no free event slot)
[scd] WARN: event 4 DROPPED (no free event slot)
[scd] WARN: event 4 DROPPED (no free event slot)
[scd] WARN: event 4 DROPPED (no free event slot)
[scd] WARN: event 4 DROPPED (no free event slot)
[scd] WARN: event 4 DROPPED (no free event slot)
[scd] WARN: event 4 DROPPED (no free event slot)
[scd] WARN: event 4 DROPPED (no free event slot)
[scd] WARN: event 4 DROPPED (no free event slot)
[scd] WARN: event 4 DROPPED (no free event slot)
[scd] WARN: event 4 DROPPED (no free event slot)
[scd] WARN: event 4 DROPPED (no free event slot)
[scd] WARN: event 4 DROPPED (no free event slot)
[scd] WARN: event 4 DROPPED (no free event slot)
[scd] WARN: event 4 DROPPED (no free event slot)
[scd] WARN: event 4 DROPPED (no free event slot)
[scd] WARN: event 4 DROPPED (no free event slot)
[scd] WARN: event 4 DROPPED (no free event slot)
[scd] WARN: event 4 DROPPED (no free event slot)
[scd] WARN: event 4 DROPPED (no free event slot)
[scd] WARN: event 4 DROPPED (no free event slot)
[scd] WARN: event 4 DROPPED (no free event slot)
[scd] WARN: event 4 DROPPED (no free event slot)
[scd] WARN: event 4 DROPPED (no free event slot)
[scd] WARN: event 4 DROPPED (no free event slot)
[scd] WARN: event 4 DROPPED (no free event slot)
[scd] WARN: event 4 DROPPED (no free event slot)
[scd] WARN: event 4 DROPPED (no free event slot)
[scd] WARN: event 4 DROPPED (no free event slot)
[scd] WARN: event 4 DROPPED (no free event slot)
[scd] WARN: event 4 DROPPED (no free event slot)
[scd] WARN: event 4 DROPPED (no free event slot)
[scd] WARN: event 4 DROPPED (no free event slot)
[scd] WARN: event 4 DROPPED (no free event slot)
[scd] WARN: event 4 DROPPED (no free event slot)
[scd] WARN: event 4 DROPPED (no free event slot)
[scd] WARN: event 4 DROPPED (no free event slot)
[scd] WARN: event 4 DROPPED (no free event slot)
[scd] WARN: event 4 DROPPED (no free event slot)
[scd] WARN: event 4 DROPPED (no free event slot)
[scd] WARN: event 4 DROPPED (no free event slot)
[scd] WARN: event 4 DROPPED (no free event slot)
[scd] WARN: event 4 DROPPED (no free event slot)
[scd] WARN: event 4 DROPPED (no free event slot)
[scd] WARN: event 4 DROPPED (no free event slot)
[scd] WARN: event 4 DROPPED (no free event slot)
[scd] WARN: event 4 DROPPED (no free event slot)
[scd] WARN: event 4 DROPPED (no free event slot)
[scd] WARN: event 4 DROPPED (no free event slot)
[scd] WARN: event 4 DROPPED (no free event slot)
[scd] WARN: event 4 DROPPED (no free event slot)
[scd] WARN: event 4 DROPPED (no free event slot)
[scd] WARN: event 4 DROPPED (no free event slot)
[scd] WARN: event 4 DROPPED (no free event slot)
[scd] WARN: event 4 DROPPED (no free event slot)
[scd] WARN: event 4 DROPPED (no free event slot)
[scd] WARN: event 4 DROPPED (no free event slot)
[scd] WARN: event 4 DROPPED (no free event slot)
[scd] WARN: event 4 DROPPED (no free event slot)
[scd] WARN: event 4 DROPPED (no free event slot)
[scd] WARN: event 4 DROPPED (no free event slot)
[scd] WARN: event 4 DROPPED (no free event slot)
[scd] WARN: event 4 DROPPED (no free event slot)
[scd] WARN: event 4 DROPPED (no free event slot)
[scd] WARN: event 4 DROPPED (no free event slot)
[scd] WARN: event 4 DROPPED (no free event slot)
[scd] WARN: event 4 DROPPED (no free event slot)
[scd] WARN: event 4 DROPPED (no free event slot)
[scd] WARN: event 4 DROPPED (no free event slot)
[scd] WARN: event 4 DROPPED (no free event slot)
[scd] WARN: event 4 DROPPED (no free event slot)
[scd] WARN: event 4 DROPPED (no free event slot)
[scd] WARN: event 4 DROPPED (no free event slot)
[scd] WARN: event 4 DROPPED (no free event slot)
[scd] WARN: event 4 DROPPED (no free event slot)
[scd] WARN: event 4 DROPPED (no free event slot)
[scd] WARN: event 4 DROPPED (no free event slot)
[scd] WARN: event 4 DROPPED (no free event slot)
[scd] WARN: event 4 DROPPED (no free event slot)
[scd] WARN: event 4 DROPPED (no free event slot)
[scd] WARN: event 4 DROPPED (no free event slot)
[scd] WARN: event 4 DROPPED (no free event slot)
[scd] WARN: event 4 DROPPED (no free event slot)
[scd] WARN: event 4 DROPPED (no free event slot)
[scd] WARN: event 4 DROPPED (no free event slot)
[scd] WARN: event 4 DROPPED (no free event slot)
[scd] WARN: event 4 DROPPED (no free event slot)
[scd] WARN: event 4 DROPPED (no free event slot)
[scd] WARN: event 4 DROPPED (no free event slot)
[scd] WARN: event 4 DROPPED (no free event slot)
[scd] WARN: event 4 DROPPED (no free event slot)
[scd] WARN: event 4 DROPPED (no free event slot)
[scd] WARN: event 4 DROPPED (no free event slot)
[scd] WARN: event 4 DROPPED (no free event slot)
[scd] WARN: event 4 DROPPED (no free event slot)
[scd] WARN: event 4 DROPPED (no free event slot)
[scd] WARN: event 4 DROPPED (no free event slot)
[scd] WARN: event 4 DROPPED (no free event slot)
[scd] WARN: event 4 DROPPED (no free event slot)
[scd] WARN: event 4 DROPPED (no free event slot)
[scd] WARN: event 4 DROPPED (no free event slot)
[scd] WARN: event 4 DROPPED (no free event slot)
[scd] WARN: event 4 DROPPED (no free event slot)
[scd] WARN: event 4 DROPPED (no free event slot)
[scd] WARN: event 4 DROPPED (no free event slot)
[scd] WARN: event 4 DROPPED (no free event slot)
[scd] WARN: event 4 DROPPED (no free event slot)
[scd] WARN: event 4 DROPPED (no free event slot)
[scd] WARN: event 4 DROPPED (no free event slot)
[scd] WARN: event 4 DROPPED (no free event slot)
[scd] WARN: event 4 DROPPED (no free event slot)
[scd] WARN: event 4 DROPPED (no free event slot)
[scd] WARN: event 4 DROPPED (no free event slot)
[scd] WARN: event 4 DROPPED (no free event slot)
[scd] WARN: event 4 DROPPED (no free event slot)
[scd] WARN: event 4 DROPPED (no free event slot)
[scd] WARN: event 4 DROPPED (no free event slot)
[scd] WARN: event 4 DROPPED (no free event slot)
[scd] WARN: event 4 DROPPED (no free event slot)
[scd] WARN: event 4 DROPPED (no free event slot)
[scd] WARN: event 4 DROPPED (no free event slot)
[scd] WARN: event 4 DROPPED (no free event slot)
[scd] WARN: event 4 DROPPED (no free event slot)
[scd] WARN: event 4 DROPPED (no free event slot)
[scd] WARN: event 4 DROPPED (no free event slot)
[scd] WARN: event 4 DROPPED (no free event slot)
[scd] WARN: event 4 DROPPED (no free event slot)
[scd] WARN: event 4 DROPPED (no free event slot)
[scd] WARN: event 4 DROPPED (no free event slot)
[scd] WARN: event 4 DROPPED (no free event slot)
[scd] WARN: event 4 DROPPED (no free event slot)
[scd] WARN: event 4 DROPPED (no free event slot)
[scd] WARN: event 4 DROPPED (no free event slot)
[scd] WARN: event 4 DROPPED (no free event slot)
[scd] WARN: event 4 DROPPED (no free event slot)
[scd] WARN: event 4 DROPPED (no free event slot)
[scd] WARN: event 4 DROPPED (no free event slot)
[scd] WARN: event 4 DROPPED (no free event slot)
[scd] WARN: event 4 DROPPED (no free event slot)
[scd] WARN: event 4 DROPPED (no free event slot)
[scd] WARN: event 4 DROPPED (no free event slot)
[scd] WARN: event 4 DROPPED (no free event slot)
[scd] WARN: event 4 DROPPED (no free event slot)
[scd] WARN: event 4 DROPPED (no free event slot)
[scd] WARN: event 4 DROPPED (no free event slot)
[scd] WARN: event 4 DROPPED (no free event slot)
[scd] WARN: event 4 DROPPED (no free event slot)
[scd] WARN: event 4 DROPPED (no free event slot)
[scd] WARN: event 4 DROPPED (no free event slot)
[scd] WARN: event 4 DROPPED (no free event slot)
[scd] WARN: event 4 DROPPED (no free event slot)
[scd] WARN: event 4 DROPPED (no free event slot)
[scd] WARN: event 4 DROPPED (no free event slot)
[scd] WARN: event 4 DROPPED (no free event slot)
[scd] WARN: event 4 DROPPED (no free event slot)
[scd] WARN: event 4 DROPPED (no free event slot)
[scd] WARN: event 4 DROPPED (no free event slot)
[scd] WARN: event 4 DROPPED (no free event slot)
  [ZOMBIE 0x10] Treffer  22 in 240 Bildern -> treffbar
[scd] thread start slot=0 first_op=0x06
[scd] thread start slot=1 first_op=0x13
[scd] thread start slot=2 first_op=0x06
[scd] Obj_model_set[0] id=0x00 type=0 pos=(-21340,-4446,-24516) rot=(0,0,0)
[scd] Obj_model_set[1] id=0x01 type=0 pos=(-21340,-4446,-20916) rot=(0,0,0)
[scd] Obj_model_set[2] id=0x02 type=0 pos=(-21340,-4446,-17316) rot=(0,0,0)
[scd] Obj_model_set[3] id=0x03 type=0 pos=(-21340,-4446,-13716) rot=(0,0,0)
[scd] Obj_model_set[4] id=0x04 type=0 pos=(310,-4500,-26946) rot=(-2048,1024,0)
[scd] Obj_model_set[5] id=0x05 type=0 pos=(3920,0,-25952) rot=(0,3072,0)
[scd] Obj_model_set[6] id=0x06 type=0 pos=(4304,-1340,-26600) rot=(0,2912,0)
  [HUND   0x20] Treffer   3 in 240 Bildern -> treffbar
[scd] thread start slot=0 first_op=0x3B
[scd] thread start slot=1 first_op=0x01
  [KRAEHE 0x21] Treffer  11 in 240 Bildern -> treffbar
[scd] thread start slot=0 first_op=0x3B
[scd] thread start slot=1 first_op=0x06
[scd] Obj_model_set[0] id=0x06 type=4 pos=(-1600,-5400,-9348) rot=(0,2048,0)
[scd] Obj_model_set[1] id=0x00 type=0 pos=(-6625,-16200,-1850) rot=(0,1024,0)
[scd] Obj_model_set[2] id=0x01 type=4 pos=(2052,0,-5552) rot=(0,1024,0)
[scd] Obj_model_set[3] id=0x02 type=4 pos=(-1256,0,-64) rot=(0,1024,0)
[scd] Obj_model_set[4] id=0x03 type=4 pos=(4248,0,1400) rot=(0,1024,0)
[scd] Obj_model_set[5] id=0x04 type=3 pos=(7996,-16200,4450) rot=(0,2048,0)
[scd] Obj_model_set[6] id=0x05 type=3 pos=(2975,-16200,-13950) rot=(0,0,0)
[scd] Obj_model_set[7] id=0x07 type=0 pos=(5475,-16200,-13050) rot=(0,0,0)
  [SPINNE 0x25] Treffer  22 in 240 Bildern -> treffbar
[scd] thread start slot=0 first_op=0x3B
[scd] thread start slot=1 first_op=0x06
[scd] Obj_model_set[0] id=0x00 type=4 pos=(-8136,-1800,4753) rot=(0,0,0)
[scd] Obj_model_set[1] id=0x01 type=4 pos=(-5960,-9000,-15482) rot=(0,0,0)
[scd F0] Cut_chg(8)
[scd] Obj_model_set[2] id=0x03 type=0 pos=(3060,-2754,-1560) rot=(80,1878,0)
  [BABY   0x26] Treffer  11 in 240 Bildern -> treffbar

=== RIEGEL ===
  (Hinweis: KRAEHE 0x21 laeuft NICHT ueber den Applier — Klassen-Kontrolle (K=4) traf 41 mal, Klassen-Lesungen 0; das ist erwartet, keine Schranke)
  (Hinweis: SPINNE 0x25 laeuft NICHT ueber den Applier — Klassen-Kontrolle (K=4) traf 82 mal, Klassen-Lesungen 0; das ist erwartet, keine Schranke)
  (Hinweis: BABY   0x26 laeuft NICHT ueber den Applier — Klassen-Kontrolle (K=4) traf 41 mal, Klassen-Lesungen 0; das ist erwartet, keine Schranke)
OK
