=== TEIL 1: HALTUNGSKLASSE (word0>>26)&7 DES RE2-HUNDES ===
[scd] thread start slot=0 first_op=0x06
[scd] thread start slot=1 first_op=0x13
[scd] thread start slot=2 first_op=0x06
[scd] Obj_model_set[0] id=0x00 type=0 pos=(-21340,-4446,-24516) rot=(0,0,0)
[scd] Obj_model_set[1] id=0x01 type=0 pos=(-21340,-4446,-20916) rot=(0,0,0)
[scd] Obj_model_set[2] id=0x02 type=0 pos=(-21340,-4446,-17316) rot=(0,0,0)
[scd] Obj_model_set[3] id=0x03 type=0 pos=(-21340,-4446,-13716) rot=(0,0,0)
[scd] Obj_model_set[4] id=0x04 type=0 pos=(310,-4500,-26946) rot=(-2048,1024,0)
[scd] Obj_model_set[5] id=0x05 type=0 pos=(3920,0,-25952) rot=(0,3072,0)
[scd] Obj_model_set[6] id=0x06 type=0 pos=(4304,-1340,-26600) rot=(0,2912,0)
  Hund 0x20: gestauchte Box in 360 Bildern (Klasse muss 1 sein), volle Box in 40
             Bildern (Klasse muss 3 tragen) | Abweichungen: 0

=== TEIL 2: TREFFERZENSUS, 900 BILDER DAUERBESCHUSS JE TYP ===
[scd] thread start slot=0 first_op=0x3B
[scd] thread start slot=1 first_op=0x06
[scd] Obj_model_set[0] id=0x00 type=0 pos=(-7124,0,-6976) rot=(0,0,0)
[scd] WARN: event 4 DROPPED (no free event slot)
[scd] WARN: event 4 DROPPED (no free event slot)
[scd] WARN: event 4 DROPPED (no free event slot)
[scd] WARN: event 4 DROPPED (no free event slot)
[scd] WARN: event 4 DROPPED (no free event slot)
[scd] WARN: event 4 DROPPED (no free event slot)
[scd] WARN: event 4 DROPPED (no free event slot)
[scd] WARN: event 4 DROPPED (no free event slot)
[scd] WARN: event 4 DROPPED (no free event slot)
[scd] WARN: event 4 DROPPED (no free event slot)
[scd] WARN: event 4 DROPPED (no free event slot)
[scd] WARN: event 4 DROPPED (no free event slot)
[scd] WARN: event 4 DROPPED (no free event slot)
[scd] WARN: event 4 DROPPED (no free event slot)
[scd] WARN: event 4 DROPPED (no free event slot)
[scd] WARN: event 4 DROPPED (no free event slot)
[scd] WARN: event 4 DROPPED (no free event slot)
[scd] WARN: event 4 DROPPED (no free event slot)
[scd] WARN: event 4 DROPPED (no free event slot)
[scd] WARN: event 4 DROPPED (no free event slot)
[scd] WARN: event 4 DROPPED (no free event slot)
[scd] WARN: event 4 DROPPED (no free event slot)
[scd] WARN: event 4 DROPPED (no free event slot)
[scd] WARN: event 4 DROPPED (no free event slot)
[scd] WARN: event 4 DROPPED (no free event slot)
[scd] WARN: event 4 DROPPED (no free event slot)
[scd] WARN: event 4 DROPPED (no free event slot)
[scd] WARN: event 4 DROPPED (no free event slot)
[scd] WARN: event 4 DROPPED (no free event slot)
[scd] WARN: event 4 DROPPED (no free event slot)
[scd] WARN: event 4 DROPPED (no free event slot)
[scd] WARN: event 4 DROPPED (no free event slot)
[scd] WARN: event 4 DROPPED (no free event slot)
[scd] WARN: event 4 DROPPED (no free event slot)
[scd] WARN: event 4 DROPPED (no free event slot)
[scd] WARN: event 4 DROPPED (no free event slot)
[scd] WARN: event 4 DROPPED (no free event slot)
[scd] WARN: event 4 DROPPED (no free event slot)
[scd] WARN: event 4 DROPPED (no free event slot)
[scd] WARN: event 4 DROPPED (no free event slot)
[scd] WARN: event 4 DROPPED (no free event slot)
[scd] WARN: event 4 DROPPED (no free event slot)
[scd] WARN: event 4 DROPPED (no free event slot)
[scd] WARN: event 4 DROPPED (no free event slot)
[scd] WARN: event 4 DROPPED (no free event slot)
[scd] WARN: event 4 DROPPED (no free event slot)
[scd] WARN: event 4 DROPPED (no free event slot)
[scd] WARN: event 4 DROPPED (no free event slot)
[scd] WARN: event 4 DROPPED (no free event slot)
[scd] WARN: event 4 DROPPED (no free event slot)
[scd] WARN: event 4 DROPPED (no free event slot)
[scd] WARN: event 4 DROPPED (no free event slot)
[scd] WARN: event 4 DROPPED (no free event slot)
[scd] WARN: event 4 DROPPED (no free event slot)
[scd] WARN: event 4 DROPPED (no free event slot)
[scd] WARN: event 4 DROPPED (no free event slot)
[scd] WARN: event 4 DROPPED (no free event slot)
[scd] WARN: event 4 DROPPED (no free event slot)
[scd] WARN: event 4 DROPPED (no free event slot)
[scd] WARN: event 4 DROPPED (no free event slot)
[scd] WARN: event 4 DROPPED (no free event slot)
[scd] WARN: event 4 DROPPED (no free event slot)
[scd] WARN: event 4 DROPPED (no free event slot)
[scd] WARN: event 4 DROPPED (no free event slot)
[scd] WARN: event 4 DROPPED (no free event slot)
[scd] WARN: event 4 DROPPED (no free event slot)
[scd] WARN: event 4 DROPPED (no free event slot)
[scd] WARN: event 4 DROPPED (no free event slot)
[scd] WARN: event 4 DROPPED (no free event slot)
[scd] WARN: event 4 DROPPED (no free event slot)
[scd] WARN: event 4 DROPPED (no free event slot)
[scd] WARN: event 4 DROPPED (no free event slot)
[scd] WARN: event 4 DROPPED (no free event slot)
[scd] WARN: event 4 DROPPED (no free event slot)
[scd] WARN: event 4 DROPPED (no free event slot)
[scd] WARN: event 4 DROPPED (no free event slot)
[scd] WARN: event 4 DROPPED (no free event slot)
[scd] WARN: event 4 DROPPED (no free event slot)
[scd] WARN: event 4 DROPPED (no free event slot)
[scd] WARN: event 4 DROPPED (no free event slot)
[scd] WARN: event 4 DROPPED (no free event slot)
[scd] WARN: event 4 DROPPED (no free event slot)
[scd] WARN: event 4 DROPPED (no free event slot)
[scd] WARN: event 4 DROPPED (no free event slot)
[scd] WARN: event 4 DROPPED (no free event slot)
[scd] WARN: event 4 DROPPED (no free event slot)
[scd] WARN: event 4 DROPPED (no free event slot)
[scd] WARN: event 4 DROPPED (no free event slot)
[scd] WARN: event 4 DROPPED (no free event slot)
[scd] WARN: event 4 DROPPED (no free event slot)
[scd] WARN: event 4 DROPPED (no free event slot)
[scd] WARN: event 4 DROPPED (no free event slot)
[scd] WARN: event 4 DROPPED (no free event slot)
[scd] WARN: event 4 DROPPED (no free event slot)
[scd] WARN: event 4 DROPPED (no free event slot)
[scd] WARN: event 4 DROPPED (no free event slot)
[scd] WARN: event 4 DROPPED (no free event slot)
[scd] WARN: event 4 DROPPED (no free event slot)
[scd] WARN: event 4 DROPPED (no free event slot)
[scd] WARN: event 4 DROPPED (no free event slot)
[scd] WARN: event 4 DROPPED (no free event slot)
[scd] WARN: event 4 DROPPED (no free event slot)
[scd] WARN: event 4 DROPPED (no free event slot)
[scd] WARN: event 4 DROPPED (no free event slot)
[scd] WARN: event 4 DROPPED (no free event slot)
[scd] WARN: event 4 DROPPED (no free event slot)
[scd] WARN: event 4 DROPPED (no free event slot)
[scd] WARN: event 4 DROPPED (no free event slot)
[scd] WARN: event 4 DROPPED (no free event slot)
[scd] WARN: event 4 DROPPED (no free event slot)
[scd] WARN: event 4 DROPPED (no free event slot)
[scd] WARN: event 4 DROPPED (no free event slot)
[scd] WARN: event 4 DROPPED (no free event slot)
[scd] WARN: event 4 DROPPED (no free event slot)
[scd] WARN: event 4 DROPPED (no free event slot)
[scd] WARN: event 4 DROPPED (no free event slot)
[scd] WARN: event 4 DROPPED (no free event slot)
[scd] WARN: event 4 DROPPED (no free event slot)
[scd] WARN: event 4 DROPPED (no free event slot)
[scd] WARN: event 4 DROPPED (no free event slot)
[scd] WARN: event 4 DROPPED (no free event slot)
[scd] WARN: event 4 DROPPED (no free event slot)
[scd] WARN: event 4 DROPPED (no free event slot)
[scd] WARN: event 4 DROPPED (no free event slot)
[scd] WARN: event 4 DROPPED (no free event slot)
[scd] WARN: event 4 DROPPED (no free event slot)
[scd] WARN: event 4 DROPPED (no free event slot)
[scd] WARN: event 4 DROPPED (no free event slot)
[scd] WARN: event 4 DROPPED (no free event slot)
[scd] WARN: event 4 DROPPED (no free event slot)
[scd] WARN: event 4 DROPPED (no free event slot)
[scd] WARN: event 4 DROPPED (no free event slot)
[scd] WARN: event 4 DROPPED (no free event slot)
[scd] WARN: event 4 DROPPED (no free event slot)
[scd] WARN: event 4 DROPPED (no free event slot)
[scd] WARN: event 4 DROPPED (no free event slot)
[scd] WARN: event 4 DROPPED (no free event slot)
[scd] WARN: event 4 DROPPED (no free event slot)
[scd] WARN: event 4 DROPPED (no free event slot)
[scd] WARN: event 4 DROPPED (no free event slot)
[scd] WARN: event 4 DROPPED (no free event slot)
[scd] WARN: event 4 DROPPED (no free event slot)
[scd] WARN: event 4 DROPPED (no free event slot)
[scd] WARN: event 4 DROPPED (no free event slot)
[scd] WARN: event 4 DROPPED (no free event slot)
[scd] WARN: event 4 DROPPED (no free event slot)
[scd] WARN: event 4 DROPPED (no free event slot)
[scd] WARN: event 4 DROPPED (no free event slot)
[scd] WARN: event 4 DROPPED (no free event slot)
[scd] WARN: event 4 DROPPED (no free event slot)
[scd] WARN: event 4 DROPPED (no free event slot)
[scd] WARN: event 4 DROPPED (no free event slot)
[scd] WARN: event 4 DROPPED (no free event slot)
[scd] WARN: event 4 DROPPED (no free event slot)
[scd] WARN: event 4 DROPPED (no free event slot)
[scd] WARN: event 4 DROPPED (no free event slot)
[scd] WARN: event 4 DROPPED (no free event slot)
[scd] WARN: event 4 DROPPED (no free event slot)
[scd] WARN: event 4 DROPPED (no free event slot)
[scd] WARN: event 4 DROPPED (no free event slot)
[scd] WARN: event 4 DROPPED (no free event slot)
  [ZOMBIE 0x10 stehend   ] Treffer   82 in  900 Bildern | box_set=1 | Tor5 0 / Klasse 82
[scd] thread start slot=0 first_op=0x3B
[scd] thread start slot=1 first_op=0x06
[scd] Obj_model_set[0] id=0x00 type=0 pos=(-7124,0,-6976) rot=(0,0,0)
[scd] WARN: event 4 DROPPED (no free event slot)
[scd] WARN: event 4 DROPPED (no free event slot)
[scd] WARN: event 4 DROPPED (no free event slot)
[scd] WARN: event 4 DROPPED (no free event slot)
[scd] WARN: event 4 DROPPED (no free event slot)
[scd] WARN: event 4 DROPPED (no free event slot)
[scd] WARN: event 4 DROPPED (no free event slot)
[scd] WARN: event 4 DROPPED (no free event slot)
[scd] WARN: event 4 DROPPED (no free event slot)
[scd] WARN: event 4 DROPPED (no free event slot)
[scd] WARN: event 4 DROPPED (no free event slot)
[scd] WARN: event 4 DROPPED (no free event slot)
[scd] WARN: event 4 DROPPED (no free event slot)
[scd] WARN: event 4 DROPPED (no free event slot)
[scd] WARN: event 4 DROPPED (no free event slot)
[scd] WARN: event 4 DROPPED (no free event slot)
[scd] WARN: event 4 DROPPED (no free event slot)
[scd] WARN: event 4 DROPPED (no free event slot)
[scd] WARN: event 4 DROPPED (no free event slot)
[scd] WARN: event 4 DROPPED (no free event slot)
[scd] WARN: event 4 DROPPED (no free event slot)
[scd] WARN: event 4 DROPPED (no free event slot)
[scd] WARN: event 4 DROPPED (no free event slot)
[scd] WARN: event 4 DROPPED (no free event slot)
[scd] WARN: event 4 DROPPED (no free event slot)
[scd] WARN: event 4 DROPPED (no free event slot)
[scd] WARN: event 4 DROPPED (no free event slot)
[scd] WARN: event 4 DROPPED (no free event slot)
[scd] WARN: event 4 DROPPED (no free event slot)
[scd] WARN: event 4 DROPPED (no free event slot)
[scd] WARN: event 4 DROPPED (no free event slot)
[scd] WARN: event 4 DROPPED (no free event slot)
[scd] WARN: event 4 DROPPED (no free event slot)
[scd] WARN: event 4 DROPPED (no free event slot)
[scd] WARN: event 4 DROPPED (no free event slot)
[scd] WARN: event 4 DROPPED (no free event slot)
[scd] WARN: event 4 DROPPED (no free event slot)
[scd] WARN: event 4 DROPPED (no free event slot)
[scd] WARN: event 4 DROPPED (no free event slot)
[scd] WARN: event 4 DROPPED (no free event slot)
[scd] WARN: event 4 DROPPED (no free event slot)
[scd] WARN: event 4 DROPPED (no free event slot)
[scd] WARN: event 4 DROPPED (no free event slot)
[scd] WARN: event 4 DROPPED (no free event slot)
[scd] WARN: event 4 DROPPED (no free event slot)
[scd] WARN: event 4 DROPPED (no free event slot)
[scd] WARN: event 4 DROPPED (no free event slot)
[scd] WARN: event 4 DROPPED (no free event slot)
[scd] WARN: event 4 DROPPED (no free event slot)
[scd] WARN: event 4 DROPPED (no free event slot)
[scd] WARN: event 4 DROPPED (no free event slot)
[scd] WARN: event 4 DROPPED (no free event slot)
[scd] WARN: event 4 DROPPED (no free event slot)
[scd] WARN: event 4 DROPPED (no free event slot)
[scd] WARN: event 4 DROPPED (no free event slot)
[scd] WARN: event 4 DROPPED (no free event slot)
[scd] WARN: event 4 DROPPED (no free event slot)
[scd] WARN: event 4 DROPPED (no free event slot)
[scd] WARN: event 4 DROPPED (no free event slot)
[scd] WARN: event 4 DROPPED (no free event slot)
[scd] WARN: event 4 DROPPED (no free event slot)
[scd] WARN: event 4 DROPPED (no free event slot)
[scd] WARN: event 4 DROPPED (no free event slot)
[scd] WARN: event 4 DROPPED (no free event slot)
[scd] WARN: event 4 DROPPED (no free event slot)
[scd] WARN: event 4 DROPPED (no free event slot)
[scd] WARN: event 4 DROPPED (no free event slot)
[scd] WARN: event 4 DROPPED (no free event slot)
[scd] WARN: event 4 DROPPED (no free event slot)
[scd] WARN: event 4 DROPPED (no free event slot)
[scd] WARN: event 4 DROPPED (no free event slot)
[scd] WARN: event 4 DROPPED (no free event slot)
[scd] WARN: event 4 DROPPED (no free event slot)
[scd] WARN: event 4 DROPPED (no free event slot)
[scd] WARN: event 4 DROPPED (no free event slot)
[scd] WARN: event 4 DROPPED (no free event slot)
[scd] WARN: event 4 DROPPED (no free event slot)
[scd] WARN: event 4 DROPPED (no free event slot)
[scd] WARN: event 4 DROPPED (no free event slot)
[scd] WARN: event 4 DROPPED (no free event slot)
[scd] WARN: event 4 DROPPED (no free event slot)
[scd] WARN: event 4 DROPPED (no free event slot)
[scd] WARN: event 4 DROPPED (no free event slot)
[scd] WARN: event 4 DROPPED (no free event slot)
[scd] WARN: event 4 DROPPED (no free event slot)
[scd] WARN: event 4 DROPPED (no free event slot)
[scd] WARN: event 4 DROPPED (no free event slot)
[scd] WARN: event 4 DROPPED (no free event slot)
[scd] WARN: event 4 DROPPED (no free event slot)
[scd] WARN: event 4 DROPPED (no free event slot)
[scd] WARN: event 4 DROPPED (no free event slot)
[scd] WARN: event 4 DROPPED (no free event slot)
[scd] WARN: event 4 DROPPED (no free event slot)
[scd] WARN: event 4 DROPPED (no free event slot)
[scd] WARN: event 4 DROPPED (no free event slot)
[scd] WARN: event 4 DROPPED (no free event slot)
[scd] WARN: event 4 DROPPED (no free event slot)
[scd] WARN: event 4 DROPPED (no free event slot)
[scd] WARN: event 4 DROPPED (no free event slot)
[scd] WARN: event 4 DROPPED (no free event slot)
[scd] WARN: event 4 DROPPED (no free event slot)
[scd] WARN: event 4 DROPPED (no free event slot)
[scd] WARN: event 4 DROPPED (no free event slot)
[scd] WARN: event 4 DROPPED (no free event slot)
[scd] WARN: event 4 DROPPED (no free event slot)
[scd] WARN: event 4 DROPPED (no free event slot)
[scd] WARN: event 4 DROPPED (no free event slot)
[scd] WARN: event 4 DROPPED (no free event slot)
[scd] WARN: event 4 DROPPED (no free event slot)
[scd] WARN: event 4 DROPPED (no free event slot)
[scd] WARN: event 4 DROPPED (no free event slot)
[scd] WARN: event 4 DROPPED (no free event slot)
[scd] WARN: event 4 DROPPED (no free event slot)
[scd] WARN: event 4 DROPPED (no free event slot)
[scd] WARN: event 4 DROPPED (no free event slot)
[scd] WARN: event 4 DROPPED (no free event slot)
[scd] WARN: event 4 DROPPED (no free event slot)
[scd] WARN: event 4 DROPPED (no free event slot)
[scd] WARN: event 4 DROPPED (no free event slot)
[scd] WARN: event 4 DROPPED (no free event slot)
[scd] WARN: event 4 DROPPED (no free event slot)
[scd] WARN: event 4 DROPPED (no free event slot)
[scd] WARN: event 4 DROPPED (no free event slot)
[scd] WARN: event 4 DROPPED (no free event slot)
[scd] WARN: event 4 DROPPED (no free event slot)
[scd] WARN: event 4 DROPPED (no free event slot)
[scd] WARN: event 4 DROPPED (no free event slot)
[scd] WARN: event 4 DROPPED (no free event slot)
[scd] WARN: event 4 DROPPED (no free event slot)
[scd] WARN: event 4 DROPPED (no free event slot)
[scd] WARN: event 4 DROPPED (no free event slot)
[scd] WARN: event 4 DROPPED (no free event slot)
[scd] WARN: event 4 DROPPED (no free event slot)
[scd] WARN: event 4 DROPPED (no free event slot)
[scd] WARN: event 4 DROPPED (no free event slot)
[scd] WARN: event 4 DROPPED (no free event slot)
[scd] WARN: event 4 DROPPED (no free event slot)
[scd] WARN: event 4 DROPPED (no free event slot)
[scd] WARN: event 4 DROPPED (no free event slot)
[scd] WARN: event 4 DROPPED (no free event slot)
[scd] WARN: event 4 DROPPED (no free event slot)
[scd] WARN: event 4 DROPPED (no free event slot)
[scd] WARN: event 4 DROPPED (no free event slot)
[scd] WARN: event 4 DROPPED (no free event slot)
[scd] WARN: event 4 DROPPED (no free event slot)
[scd] WARN: event 4 DROPPED (no free event slot)
[scd] WARN: event 4 DROPPED (no free event slot)
[scd] WARN: event 4 DROPPED (no free event slot)
[scd] WARN: event 4 DROPPED (no free event slot)
[scd] WARN: event 4 DROPPED (no free event slot)
[scd] WARN: event 4 DROPPED (no free event slot)
[scd] WARN: event 4 DROPPED (no free event slot)
[scd] WARN: event 4 DROPPED (no free event slot)
[scd] WARN: event 4 DROPPED (no free event slot)
[scd] WARN: event 4 DROPPED (no free event slot)
[scd] WARN: event 4 DROPPED (no free event slot)
[scd] WARN: event 4 DROPPED (no free event slot)
[scd] WARN: event 4 DROPPED (no free event slot)
[scd] WARN: event 4 DROPPED (no free event slot)
[scd] WARN: event 4 DROPPED (no free event slot)
[scd] WARN: event 4 DROPPED (no free event slot)
  [ZOMBIE 0x10 Kriecherbox] Treffer   82 in  900 Bildern | box_set=1 | Tor5 0 / Klasse 82  (Box erzwungen: Kriecher -350/350 @0x80100B14-20)
[scd] thread start slot=0 first_op=0x06
[scd] thread start slot=1 first_op=0x13
[scd] thread start slot=2 first_op=0x06
[scd] Obj_model_set[0] id=0x00 type=0 pos=(-21340,-4446,-24516) rot=(0,0,0)
[scd] Obj_model_set[1] id=0x01 type=0 pos=(-21340,-4446,-20916) rot=(0,0,0)
[scd] Obj_model_set[2] id=0x02 type=0 pos=(-21340,-4446,-17316) rot=(0,0,0)
[scd] Obj_model_set[3] id=0x03 type=0 pos=(-21340,-4446,-13716) rot=(0,0,0)
[scd] Obj_model_set[4] id=0x04 type=0 pos=(310,-4500,-26946) rot=(-2048,1024,0)
[scd] Obj_model_set[5] id=0x05 type=0 pos=(3920,0,-25952) rot=(0,3072,0)
[scd] Obj_model_set[6] id=0x06 type=0 pos=(4304,-1340,-26600) rot=(0,2912,0)
  [HUND 0x20             ] Treffer   11 in  900 Bildern | box_set=1 | Tor5 0 / Klasse 82
[scd] thread start slot=0 first_op=0x3B
[scd] thread start slot=1 first_op=0x01
  [KRAEHE 0x21           ] Treffer   40 in  900 Bildern | box_set=0 | Tor5 0 / Klasse 0
[scd] thread start slot=0 first_op=0x3B
[scd] thread start slot=1 first_op=0x06
[scd] Obj_model_set[0] id=0x00 type=4 pos=(-8136,-1800,4753) rot=(0,0,0)
[scd] Obj_model_set[1] id=0x01 type=4 pos=(-5960,-9000,-15482) rot=(0,0,0)
[scd F0] Cut_chg(8)
[scd] Obj_model_set[2] id=0x03 type=0 pos=(3060,-2754,-1560) rot=(80,1878,0)
[scd] thread start slot=0 first_op=0x3B
[scd] thread start slot=1 first_op=0x06
[scd] Obj_model_set[0] id=0x00 type=3 pos=(-19800,-900,10800) rot=(0,2048,0)
[scd] Obj_model_set[1] id=0x01 type=3 pos=(-25200,-900,-19800) rot=(0,1024,0)
[scd] Obj_model_set[2] id=0x02 type=3 pos=(-22450,-5400,16600) rot=(0,2048,0)
[scd] thread start slot=0 first_op=0x3B
[scd] thread start slot=1 first_op=0x06
[scd] Obj_model_set[0] id=0x00 type=0 pos=(4412,0,-6772) rot=(0,3072,0)
[scd] Obj_model_set[1] id=0x01 type=0 pos=(-2250,-300,-6875) rot=(0,1024,0)
[scd] Obj_model_set[2] id=0x02 type=0 pos=(-2550,-300,-6875) rot=(0,1024,0)
[scd] Obj_model_set[3] id=0x04 type=0 pos=(2850,-1400,6125) rot=(0,457,0)
[scd] Obj_model_set[4] id=0x03 type=0 pos=(2950,-1400,-1075) rot=(0,1885,0)
[scd] thread start slot=0 first_op=0x3B
[scd] thread start slot=1 first_op=0x06
[scd] Obj_model_set[0] id=0x00 type=3 pos=(-3950,-900,-225) rot=(0,1024,0)
[scd] Obj_model_set[1] id=0x01 type=0 pos=(-1452,-1784,-584) rot=(0,0,0)
[scd] thread start slot=0 first_op=0x54
[scd] thread start slot=1 first_op=0x06
[scd] Obj_model_set[0] id=0x01 type=4 pos=(-16575,-5400,1700) rot=(0,0,0)
[scd] Obj_model_set[1] id=0x02 type=4 pos=(22925,-5400,-5400) rot=(0,0,0)
[scd] Obj_model_set[2] id=0x03 type=3 pos=(5025,-5000,-1850) rot=(0,1024,0)
[scd] Obj_model_set[3] id=0x04 type=3 pos=(-18275,-5000,850) rot=(0,1024,0)
[scd] thread start slot=0 first_op=0x3B
[scd] thread start slot=1 first_op=0x06
[scd] Obj_model_set[0] id=0x06 type=4 pos=(-1600,-5400,-9348) rot=(0,2048,0)
[scd] Obj_model_set[1] id=0x00 type=0 pos=(-6625,-16200,-1850) rot=(0,1024,0)
[scd] Obj_model_set[2] id=0x01 type=4 pos=(2052,0,-5552) rot=(0,1024,0)
[scd] Obj_model_set[3] id=0x02 type=4 pos=(-1256,0,-64) rot=(0,1024,0)
[scd] Obj_model_set[4] id=0x03 type=4 pos=(4248,0,1400) rot=(0,1024,0)
[scd] Obj_model_set[5] id=0x04 type=3 pos=(7996,-16200,4450) rot=(0,2048,0)
[scd] Obj_model_set[6] id=0x05 type=3 pos=(2975,-16200,-13950) rot=(0,0,0)
[scd] Obj_model_set[7] id=0x07 type=0 pos=(5475,-16200,-13050) rot=(0,0,0)
[scd] thread start slot=0 first_op=0x3B
[scd] thread start slot=1 first_op=0x06
[scd] Obj_model_set[0] id=0x06 type=4 pos=(-1600,-5400,-9348) rot=(0,2048,0)
[scd] Obj_model_set[1] id=0x00 type=0 pos=(-6625,-16200,-1850) rot=(0,1024,0)
[scd] Obj_model_set[2] id=0x01 type=4 pos=(2052,0,-5552) rot=(0,1024,0)
[scd] Obj_model_set[3] id=0x02 type=4 pos=(-1256,0,-64) rot=(0,1024,0)
[scd] Obj_model_set[4] id=0x03 type=4 pos=(4248,0,1400) rot=(0,1024,0)
[scd] Obj_model_set[5] id=0x04 type=3 pos=(7996,-16200,4450) rot=(0,2048,0)
[scd] Obj_model_set[6] id=0x05 type=3 pos=(2975,-16200,-13950) rot=(0,0,0)
[scd] Obj_model_set[7] id=0x07 type=0 pos=(5475,-16200,-13050) rot=(0,0,0)
  [SPINNE 0x25           ] Treffer   82 in  900 Bildern | box_set=1 | Tor5 0 / Klasse 0
[scd] thread start slot=0 first_op=0x3B
[scd] thread start slot=1 first_op=0x06
[scd] Obj_model_set[0] id=0x00 type=4 pos=(-8136,-1800,4753) rot=(0,0,0)
[scd] Obj_model_set[1] id=0x01 type=4 pos=(-5960,-9000,-15482) rot=(0,0,0)
[scd F0] Cut_chg(8)
[scd] Obj_model_set[2] id=0x03 type=0 pos=(3060,-2754,-1560) rot=(80,1878,0)
  [BABY 0x26             ] Treffer   41 in  900 Bildern | box_set=0 | Tor5 0 / Klasse 0

=== TEIL 3a: KONTROLLE — TREFFERBOX KUENSTLICH GENULLT ===
  (Seit Runde 34 ist das die GEGENPROBE: die Zahlen muessen den Zeilen aus Teil 2
   gleichen und Tor5 muss 0 sein — das Tor liegt nicht mehr im Schuss-Pfad.)
[scd] thread start slot=0 first_op=0x3B
[scd] thread start slot=1 first_op=0x06
[scd] Obj_model_set[0] id=0x00 type=0 pos=(-7124,0,-6976) rot=(0,0,0)
[scd] WARN: event 4 DROPPED (no free event slot)
[scd] WARN: event 4 DROPPED (no free event slot)
[scd] WARN: event 4 DROPPED (no free event slot)
[scd] WARN: event 4 DROPPED (no free event slot)
[scd] WARN: event 4 DROPPED (no free event slot)
[scd] WARN: event 4 DROPPED (no free event slot)
[scd] WARN: event 4 DROPPED (no free event slot)
[scd] WARN: event 4 DROPPED (no free event slot)
[scd] WARN: event 4 DROPPED (no free event slot)
[scd] WARN: event 4 DROPPED (no free event slot)
[scd] WARN: event 4 DROPPED (no free event slot)
[scd] WARN: event 4 DROPPED (no free event slot)
[scd] WARN: event 4 DROPPED (no free event slot)
[scd] WARN: event 4 DROPPED (no free event slot)
[scd] WARN: event 4 DROPPED (no free event slot)
[scd] WARN: event 4 DROPPED (no free event slot)
[scd] WARN: event 4 DROPPED (no free event slot)
[scd] WARN: event 4 DROPPED (no free event slot)
[scd] WARN: event 4 DROPPED (no free event slot)
[scd] WARN: event 4 DROPPED (no free event slot)
[scd] WARN: event 4 DROPPED (no free event slot)
[scd] WARN: event 4 DROPPED (no free event slot)
[scd] WARN: event 4 DROPPED (no free event slot)
[scd] WARN: event 4 DROPPED (no free event slot)
[scd] WARN: event 4 DROPPED (no free event slot)
[scd] WARN: event 4 DROPPED (no free event slot)
[scd] WARN: event 4 DROPPED (no free event slot)
[scd] WARN: event 4 DROPPED (no free event slot)
[scd] WARN: event 4 DROPPED (no free event slot)
[scd] WARN: event 4 DROPPED (no free event slot)
[scd] WARN: event 4 DROPPED (no free event slot)
[scd] WARN: event 4 DROPPED (no free event slot)
[scd] WARN: event 4 DROPPED (no free event slot)
[scd] WARN: event 4 DROPPED (no free event slot)
[scd] WARN: event 4 DROPPED (no free event slot)
[scd] WARN: event 4 DROPPED (no free event slot)
[scd] WARN: event 4 DROPPED (no free event slot)
[scd] WARN: event 4 DROPPED (no free event slot)
[scd] WARN: event 4 DROPPED (no free event slot)
[scd] WARN: event 4 DROPPED (no free event slot)
[scd] WARN: event 4 DROPPED (no free event slot)
[scd] WARN: event 4 DROPPED (no free event slot)
[scd] WARN: event 4 DROPPED (no free event slot)
[scd] WARN: event 4 DROPPED (no free event slot)
[scd] WARN: event 4 DROPPED (no free event slot)
[scd] WARN: event 4 DROPPED (no free event slot)
[scd] WARN: event 4 DROPPED (no free event slot)
[scd] WARN: event 4 DROPPED (no free event slot)
[scd] WARN: event 4 DROPPED (no free event slot)
[scd] WARN: event 4 DROPPED (no free event slot)
[scd] WARN: event 4 DROPPED (no free event slot)
[scd] WARN: event 4 DROPPED (no free event slot)
[scd] WARN: event 4 DROPPED (no free event slot)
[scd] WARN: event 4 DROPPED (no free event slot)
[scd] WARN: event 4 DROPPED (no free event slot)
[scd] WARN: event 4 DROPPED (no free event slot)
[scd] WARN: event 4 DROPPED (no free event slot)
[scd] WARN: event 4 DROPPED (no free event slot)
[scd] WARN: event 4 DROPPED (no free event slot)
[scd] WARN: event 4 DROPPED (no free event slot)
[scd] WARN: event 4 DROPPED (no free event slot)
[scd] WARN: event 4 DROPPED (no free event slot)
[scd] WARN: event 4 DROPPED (no free event slot)
[scd] WARN: event 4 DROPPED (no free event slot)
[scd] WARN: event 4 DROPPED (no free event slot)
[scd] WARN: event 4 DROPPED (no free event slot)
[scd] WARN: event 4 DROPPED (no free event slot)
[scd] WARN: event 4 DROPPED (no free event slot)
[scd] WARN: event 4 DROPPED (no free event slot)
[scd] WARN: event 4 DROPPED (no free event slot)
[scd] WARN: event 4 DROPPED (no free event slot)
[scd] WARN: event 4 DROPPED (no free event slot)
[scd] WARN: event 4 DROPPED (no free event slot)
[scd] WARN: event 4 DROPPED (no free event slot)
[scd] WARN: event 4 DROPPED (no free event slot)
[scd] WARN: event 4 DROPPED (no free event slot)
[scd] WARN: event 4 DROPPED (no free event slot)
[scd] WARN: event 4 DROPPED (no free event slot)
[scd] WARN: event 4 DROPPED (no free event slot)
[scd] WARN: event 4 DROPPED (no free event slot)
[scd] WARN: event 4 DROPPED (no free event slot)
[scd] WARN: event 4 DROPPED (no free event slot)
[scd] WARN: event 4 DROPPED (no free event slot)
[scd] WARN: event 4 DROPPED (no free event slot)
[scd] WARN: event 4 DROPPED (no free event slot)
[scd] WARN: event 4 DROPPED (no free event slot)
[scd] WARN: event 4 DROPPED (no free event slot)
[scd] WARN: event 4 DROPPED (no free event slot)
[scd] WARN: event 4 DROPPED (no free event slot)
[scd] WARN: event 4 DROPPED (no free event slot)
[scd] WARN: event 4 DROPPED (no free event slot)
[scd] WARN: event 4 DROPPED (no free event slot)
[scd] WARN: event 4 DROPPED (no free event slot)
[scd] WARN: event 4 DROPPED (no free event slot)
[scd] WARN: event 4 DROPPED (no free event slot)
[scd] WARN: event 4 DROPPED (no free event slot)
[scd] WARN: event 4 DROPPED (no free event slot)
[scd] WARN: event 4 DROPPED (no free event slot)
[scd] WARN: event 4 DROPPED (no free event slot)
[scd] WARN: event 4 DROPPED (no free event slot)
[scd] WARN: event 4 DROPPED (no free event slot)
[scd] WARN: event 4 DROPPED (no free event slot)
[scd] WARN: event 4 DROPPED (no free event slot)
[scd] WARN: event 4 DROPPED (no free event slot)
[scd] WARN: event 4 DROPPED (no free event slot)
[scd] WARN: event 4 DROPPED (no free event slot)
[scd] WARN: event 4 DROPPED (no free event slot)
[scd] WARN: event 4 DROPPED (no free event slot)
[scd] WARN: event 4 DROPPED (no free event slot)
[scd] WARN: event 4 DROPPED (no free event slot)
[scd] WARN: event 4 DROPPED (no free event slot)
[scd] WARN: event 4 DROPPED (no free event slot)
[scd] WARN: event 4 DROPPED (no free event slot)
[scd] WARN: event 4 DROPPED (no free event slot)
[scd] WARN: event 4 DROPPED (no free event slot)
[scd] WARN: event 4 DROPPED (no free event slot)
[scd] WARN: event 4 DROPPED (no free event slot)
[scd] WARN: event 4 DROPPED (no free event slot)
[scd] WARN: event 4 DROPPED (no free event slot)
[scd] WARN: event 4 DROPPED (no free event slot)
[scd] WARN: event 4 DROPPED (no free event slot)
[scd] WARN: event 4 DROPPED (no free event slot)
[scd] WARN: event 4 DROPPED (no free event slot)
[scd] WARN: event 4 DROPPED (no free event slot)
[scd] WARN: event 4 DROPPED (no free event slot)
[scd] WARN: event 4 DROPPED (no free event slot)
[scd] WARN: event 4 DROPPED (no free event slot)
[scd] WARN: event 4 DROPPED (no free event slot)
[scd] WARN: event 4 DROPPED (no free event slot)
[scd] WARN: event 4 DROPPED (no free event slot)
[scd] WARN: event 4 DROPPED (no free event slot)
[scd] WARN: event 4 DROPPED (no free event slot)
[scd] WARN: event 4 DROPPED (no free event slot)
[scd] WARN: event 4 DROPPED (no free event slot)
[scd] WARN: event 4 DROPPED (no free event slot)
[scd] WARN: event 4 DROPPED (no free event slot)
[scd] WARN: event 4 DROPPED (no free event slot)
[scd] WARN: event 4 DROPPED (no free event slot)
[scd] WARN: event 4 DROPPED (no free event slot)
[scd] WARN: event 4 DROPPED (no free event slot)
[scd] WARN: event 4 DROPPED (no free event slot)
[scd] WARN: event 4 DROPPED (no free event slot)
[scd] WARN: event 4 DROPPED (no free event slot)
[scd] WARN: event 4 DROPPED (no free event slot)
[scd] WARN: event 4 DROPPED (no free event slot)
[scd] WARN: event 4 DROPPED (no free event slot)
[scd] WARN: event 4 DROPPED (no free event slot)
[scd] WARN: event 4 DROPPED (no free event slot)
[scd] WARN: event 4 DROPPED (no free event slot)
[scd] WARN: event 4 DROPPED (no free event slot)
[scd] WARN: event 4 DROPPED (no free event slot)
[scd] WARN: event 4 DROPPED (no free event slot)
[scd] WARN: event 4 DROPPED (no free event slot)
[scd] WARN: event 4 DROPPED (no free event slot)
[scd] WARN: event 4 DROPPED (no free event slot)
[scd] WARN: event 4 DROPPED (no free event slot)
[scd] WARN: event 4 DROPPED (no free event slot)
[scd] WARN: event 4 DROPPED (no free event slot)
[scd] WARN: event 4 DROPPED (no free event slot)
[scd] WARN: event 4 DROPPED (no free event slot)
[scd] WARN: event 4 DROPPED (no free event slot)
  [ZOMBIE 0x10 stehend   ] Treffer   28 in  300 Bildern | box_set=1 | Tor5 0 / Klasse 28  (KONTROLLE Box genullt — darf NICHTS aendern)
[scd] thread start slot=0 first_op=0x06
[scd] thread start slot=1 first_op=0x13
[scd] thread start slot=2 first_op=0x06
[scd] Obj_model_set[0] id=0x00 type=0 pos=(-21340,-4446,-24516) rot=(0,0,0)
[scd] Obj_model_set[1] id=0x01 type=0 pos=(-21340,-4446,-20916) rot=(0,0,0)
[scd] Obj_model_set[2] id=0x02 type=0 pos=(-21340,-4446,-17316) rot=(0,0,0)
[scd] Obj_model_set[3] id=0x03 type=0 pos=(-21340,-4446,-13716) rot=(0,0,0)
[scd] Obj_model_set[4] id=0x04 type=0 pos=(310,-4500,-26946) rot=(-2048,1024,0)
[scd] Obj_model_set[5] id=0x05 type=0 pos=(3920,0,-25952) rot=(0,3072,0)
[scd] Obj_model_set[6] id=0x06 type=0 pos=(4304,-1340,-26600) rot=(0,2912,0)
  [HUND 0x20             ] Treffer    4 in  300 Bildern | box_set=1 | Tor5 0 / Klasse 28  (KONTROLLE Box genullt — darf NICHTS aendern)

=== TEIL 3b: KONTROLLE — HALTUNGSKLASSE AUF 4 (nur Bit 2) ===
[scd] thread start slot=0 first_op=0x3B
[scd] thread start slot=1 first_op=0x06
[scd] Obj_model_set[0] id=0x00 type=0 pos=(-7124,0,-6976) rot=(0,0,0)
[scd] WARN: event 4 DROPPED (no free event slot)
[scd] WARN: event 4 DROPPED (no free event slot)
[scd] WARN: event 4 DROPPED (no free event slot)
[scd] WARN: event 4 DROPPED (no free event slot)
[scd] WARN: event 4 DROPPED (no free event slot)
[scd] WARN: event 4 DROPPED (no free event slot)
[scd] WARN: event 4 DROPPED (no free event slot)
[scd] WARN: event 4 DROPPED (no free event slot)
[scd] WARN: event 4 DROPPED (no free event slot)
[scd] WARN: event 4 DROPPED (no free event slot)
[scd] WARN: event 4 DROPPED (no free event slot)
[scd] WARN: event 4 DROPPED (no free event slot)
[scd] WARN: event 4 DROPPED (no free event slot)
[scd] WARN: event 4 DROPPED (no free event slot)
[scd] WARN: event 4 DROPPED (no free event slot)
[scd] WARN: event 4 DROPPED (no free event slot)
[scd] WARN: event 4 DROPPED (no free event slot)
[scd] WARN: event 4 DROPPED (no free event slot)
[scd] WARN: event 4 DROPPED (no free event slot)
[scd] WARN: event 4 DROPPED (no free event slot)
[scd] WARN: event 4 DROPPED (no free event slot)
[scd] WARN: event 4 DROPPED (no free event slot)
[scd] WARN: event 4 DROPPED (no free event slot)
[scd] WARN: event 4 DROPPED (no free event slot)
[scd] WARN: event 4 DROPPED (no free event slot)
[scd] WARN: event 4 DROPPED (no free event slot)
[scd] WARN: event 4 DROPPED (no free event slot)
[scd] WARN: event 4 DROPPED (no free event slot)
[scd] WARN: event 4 DROPPED (no free event slot)
[scd] WARN: event 4 DROPPED (no free event slot)
[scd] WARN: event 4 DROPPED (no free event slot)
[scd] WARN: event 4 DROPPED (no free event slot)
[scd] WARN: event 4 DROPPED (no free event slot)
[scd] WARN: event 4 DROPPED (no free event slot)
[scd] WARN: event 4 DROPPED (no free event slot)
[scd] WARN: event 4 DROPPED (no free event slot)
[scd] WARN: event 4 DROPPED (no free event slot)
[scd] WARN: event 4 DROPPED (no free event slot)
[scd] WARN: event 4 DROPPED (no free event slot)
[scd] WARN: event 4 DROPPED (no free event slot)
[scd] WARN: event 4 DROPPED (no free event slot)
[scd] WARN: event 4 DROPPED (no free event slot)
[scd] WARN: event 4 DROPPED (no free event slot)
[scd] WARN: event 4 DROPPED (no free event slot)
[scd] WARN: event 4 DROPPED (no free event slot)
[scd] WARN: event 4 DROPPED (no free event slot)
[scd] WARN: event 4 DROPPED (no free event slot)
[scd] WARN: event 4 DROPPED (no free event slot)
[scd] WARN: event 4 DROPPED (no free event slot)
[scd] WARN: event 4 DROPPED (no free event slot)
[scd] WARN: event 4 DROPPED (no free event slot)
[scd] WARN: event 4 DROPPED (no free event slot)
[scd] WARN: event 4 DROPPED (no free event slot)
[scd] WARN: event 4 DROPPED (no free event slot)
[scd] WARN: event 4 DROPPED (no free event slot)
[scd] WARN: event 4 DROPPED (no free event slot)
[scd] WARN: event 4 DROPPED (no free event slot)
[scd] WARN: event 4 DROPPED (no free event slot)
[scd] WARN: event 4 DROPPED (no free event slot)
[scd] WARN: event 4 DROPPED (no free event slot)
[scd] WARN: event 4 DROPPED (no free event slot)
[scd] WARN: event 4 DROPPED (no free event slot)
[scd] WARN: event 4 DROPPED (no free event slot)
[scd] WARN: event 4 DROPPED (no free event slot)
[scd] WARN: event 4 DROPPED (no free event slot)
[scd] WARN: event 4 DROPPED (no free event slot)
[scd] WARN: event 4 DROPPED (no free event slot)
[scd] WARN: event 4 DROPPED (no free event slot)
[scd] WARN: event 4 DROPPED (no free event slot)
[scd] WARN: event 4 DROPPED (no free event slot)
[scd] WARN: event 4 DROPPED (no free event slot)
[scd] WARN: event 4 DROPPED (no free event slot)
[scd] WARN: event 4 DROPPED (no free event slot)
[scd] WARN: event 4 DROPPED (no free event slot)
[scd] WARN: event 4 DROPPED (no free event slot)
[scd] WARN: event 4 DROPPED (no free event slot)
[scd] WARN: event 4 DROPPED (no free event slot)
[scd] WARN: event 4 DROPPED (no free event slot)
[scd] WARN: event 4 DROPPED (no free event slot)
[scd] WARN: event 4 DROPPED (no free event slot)
[scd] WARN: event 4 DROPPED (no free event slot)
[scd] WARN: event 4 DROPPED (no free event slot)
[scd] WARN: event 4 DROPPED (no free event slot)
[scd] WARN: event 4 DROPPED (no free event slot)
[scd] WARN: event 4 DROPPED (no free event slot)
[scd] WARN: event 4 DROPPED (no free event slot)
[scd] WARN: event 4 DROPPED (no free event slot)
[scd] WARN: event 4 DROPPED (no free event slot)
[scd] WARN: event 4 DROPPED (no free event slot)
[scd] WARN: event 4 DROPPED (no free event slot)
[scd] WARN: event 4 DROPPED (no free event slot)
[scd] WARN: event 4 DROPPED (no free event slot)
[scd] WARN: event 4 DROPPED (no free event slot)
[scd] WARN: event 4 DROPPED (no free event slot)
[scd] WARN: event 4 DROPPED (no free event slot)
[scd] WARN: event 4 DROPPED (no free event slot)
[scd] WARN: event 4 DROPPED (no free event slot)
[scd] WARN: event 4 DROPPED (no free event slot)
[scd] WARN: event 4 DROPPED (no free event slot)
[scd] WARN: event 4 DROPPED (no free event slot)
[scd] WARN: event 4 DROPPED (no free event slot)
[scd] WARN: event 4 DROPPED (no free event slot)
[scd] WARN: event 4 DROPPED (no free event slot)
[scd] WARN: event 4 DROPPED (no free event slot)
[scd] WARN: event 4 DROPPED (no free event slot)
[scd] WARN: event 4 DROPPED (no free event slot)
[scd] WARN: event 4 DROPPED (no free event slot)
[scd] WARN: event 4 DROPPED (no free event slot)
[scd] WARN: event 4 DROPPED (no free event slot)
[scd] WARN: event 4 DROPPED (no free event slot)
[scd] WARN: event 4 DROPPED (no free event slot)
[scd] WARN: event 4 DROPPED (no free event slot)
[scd] WARN: event 4 DROPPED (no free event slot)
[scd] WARN: event 4 DROPPED (no free event slot)
[scd] WARN: event 4 DROPPED (no free event slot)
[scd] WARN: event 4 DROPPED (no free event slot)
[scd] WARN: event 4 DROPPED (no free event slot)
[scd] WARN: event 4 DROPPED (no free event slot)
[scd] WARN: event 4 DROPPED (no free event slot)
[scd] WARN: event 4 DROPPED (no free event slot)
[scd] WARN: event 4 DROPPED (no free event slot)
[scd] WARN: event 4 DROPPED (no free event slot)
[scd] WARN: event 4 DROPPED (no free event slot)
[scd] WARN: event 4 DROPPED (no free event slot)
[scd] WARN: event 4 DROPPED (no free event slot)
[scd] WARN: event 4 DROPPED (no free event slot)
[scd] WARN: event 4 DROPPED (no free event slot)
[scd] WARN: event 4 DROPPED (no free event slot)
[scd] WARN: event 4 DROPPED (no free event slot)
[scd] WARN: event 4 DROPPED (no free event slot)
[scd] WARN: event 4 DROPPED (no free event slot)
[scd] WARN: event 4 DROPPED (no free event slot)
[scd] WARN: event 4 DROPPED (no free event slot)
[scd] WARN: event 4 DROPPED (no free event slot)
[scd] WARN: event 4 DROPPED (no free event slot)
[scd] WARN: event 4 DROPPED (no free event slot)
[scd] WARN: event 4 DROPPED (no free event slot)
[scd] WARN: event 4 DROPPED (no free event slot)
[scd] WARN: event 4 DROPPED (no free event slot)
[scd] WARN: event 4 DROPPED (no free event slot)
[scd] WARN: event 4 DROPPED (no free event slot)
[scd] WARN: event 4 DROPPED (no free event slot)
[scd] WARN: event 4 DROPPED (no free event slot)
[scd] WARN: event 4 DROPPED (no free event slot)
[scd] WARN: event 4 DROPPED (no free event slot)
[scd] WARN: event 4 DROPPED (no free event slot)
[scd] WARN: event 4 DROPPED (no free event slot)
[scd] WARN: event 4 DROPPED (no free event slot)
[scd] WARN: event 4 DROPPED (no free event slot)
[scd] WARN: event 4 DROPPED (no free event slot)
[scd] WARN: event 4 DROPPED (no free event slot)
[scd] WARN: event 4 DROPPED (no free event slot)
[scd] WARN: event 4 DROPPED (no free event slot)
[scd] WARN: event 4 DROPPED (no free event slot)
[scd] WARN: event 4 DROPPED (no free event slot)
  [ZOMBIE 0x10 stehend   ] Treffer    0 in  300 Bildern | box_set=1 | Tor5 0 / Klasse 28  (KONTROLLE Klasse 4 — muss auf 0 fallen)
[scd] thread start slot=0 first_op=0x06
[scd] thread start slot=1 first_op=0x13
[scd] thread start slot=2 first_op=0x06
[scd] Obj_model_set[0] id=0x00 type=0 pos=(-21340,-4446,-24516) rot=(0,0,0)
[scd] Obj_model_set[1] id=0x01 type=0 pos=(-21340,-4446,-20916) rot=(0,0,0)
[scd] Obj_model_set[2] id=0x02 type=0 pos=(-21340,-4446,-17316) rot=(0,0,0)
[scd] Obj_model_set[3] id=0x03 type=0 pos=(-21340,-4446,-13716) rot=(0,0,0)
[scd] Obj_model_set[4] id=0x04 type=0 pos=(310,-4500,-26946) rot=(-2048,1024,0)
[scd] Obj_model_set[5] id=0x05 type=0 pos=(3920,0,-25952) rot=(0,3072,0)
[scd] Obj_model_set[6] id=0x06 type=0 pos=(4304,-1340,-26600) rot=(0,2912,0)
  [HUND 0x20             ] Treffer    0 in  300 Bildern | box_set=1 | Tor5 0 / Klasse 28  (KONTROLLE Klasse 4 — muss auf 0 fallen)
[scd] thread start slot=0 first_op=0x06
[scd] thread start slot=1 first_op=0x13
[scd] thread start slot=2 first_op=0x06
[scd] Obj_model_set[0] id=0x00 type=0 pos=(-21340,-4446,-24516) rot=(0,0,0)
[scd] Obj_model_set[1] id=0x01 type=0 pos=(-21340,-4446,-20916) rot=(0,0,0)
[scd] Obj_model_set[2] id=0x02 type=0 pos=(-21340,-4446,-17316) rot=(0,0,0)
[scd] Obj_model_set[3] id=0x03 type=0 pos=(-21340,-4446,-13716) rot=(0,0,0)
[scd] Obj_model_set[4] id=0x04 type=0 pos=(310,-4500,-26946) rot=(-2048,1024,0)
[scd] Obj_model_set[5] id=0x05 type=0 pos=(3920,0,-25952) rot=(0,3072,0)
[scd] Obj_model_set[6] id=0x06 type=0 pos=(4304,-1340,-26600) rot=(0,2912,0)

=== TEIL 4: DER NUTZER-BEFUND, GEMESSEN UEBER DIE HALTUNGSKLASSE ===
  stehend getroffen: 1 | Kette bis er wieder steht: 78 Bilder
  waehrend er LIEGT: 0 Treffer in 77 Bildern (Klasse != 1 in 0 Bildern)
  nach dem AUFSTEHEN: 1 Treffer in 60 Bildern (Klasse MIT Bit 1 in 10 Bildern)
  MECHANISMUS: Tor5-Urteile 0 | Klassen-Lesungen 13

=== TEIL 5: MESSER (Waffe 1) — das Tor MUSS hier laufen ===
[scd] thread start slot=0 first_op=0x3B
[scd] thread start slot=1 first_op=0x06
[scd] Obj_model_set[0] id=0x00 type=0 pos=(-7124,0,-6976) rot=(0,0,0)
[scd] WARN: event 4 DROPPED (no free event slot)
[scd] WARN: event 4 DROPPED (no free event slot)
[scd] WARN: event 4 DROPPED (no free event slot)
[scd] WARN: event 4 DROPPED (no free event slot)
[scd] WARN: event 4 DROPPED (no free event slot)
[scd] WARN: event 4 DROPPED (no free event slot)
[scd] WARN: event 4 DROPPED (no free event slot)
[scd] WARN: event 4 DROPPED (no free event slot)
[scd] WARN: event 4 DROPPED (no free event slot)
[scd] WARN: event 4 DROPPED (no free event slot)
[scd] WARN: event 4 DROPPED (no free event slot)
[scd] WARN: event 4 DROPPED (no free event slot)
[scd] WARN: event 4 DROPPED (no free event slot)
[scd] WARN: event 4 DROPPED (no free event slot)
[scd] WARN: event 4 DROPPED (no free event slot)
[scd] WARN: event 4 DROPPED (no free event slot)
[scd] WARN: event 4 DROPPED (no free event slot)
[scd] WARN: event 4 DROPPED (no free event slot)
[scd] WARN: event 4 DROPPED (no free event slot)
[scd] WARN: event 4 DROPPED (no free event slot)
[scd] WARN: event 4 DROPPED (no free event slot)
[scd] WARN: event 4 DROPPED (no free event slot)
[scd] WARN: event 4 DROPPED (no free event slot)
[scd] WARN: event 4 DROPPED (no free event slot)
[scd] WARN: event 4 DROPPED (no free event slot)
[scd] WARN: event 4 DROPPED (no free event slot)
[scd] WARN: event 4 DROPPED (no free event slot)
[scd] WARN: event 4 DROPPED (no free event slot)
[scd] WARN: event 4 DROPPED (no free event slot)
[scd] WARN: event 4 DROPPED (no free event slot)
[scd] WARN: event 4 DROPPED (no free event slot)
[scd] WARN: event 4 DROPPED (no free event slot)
[scd] WARN: event 4 DROPPED (no free event slot)
[scd] WARN: event 4 DROPPED (no free event slot)
[scd] WARN: event 4 DROPPED (no free event slot)
[scd] WARN: event 4 DROPPED (no free event slot)
[scd] WARN: event 4 DROPPED (no free event slot)
[scd] WARN: event 4 DROPPED (no free event slot)
[scd] WARN: event 4 DROPPED (no free event slot)
[scd] WARN: event 4 DROPPED (no free event slot)
[scd] WARN: event 4 DROPPED (no free event slot)
[scd] WARN: event 4 DROPPED (no free event slot)
[scd] WARN: event 4 DROPPED (no free event slot)
[scd] WARN: event 4 DROPPED (no free event slot)
[scd] WARN: event 4 DROPPED (no free event slot)
[scd] WARN: event 4 DROPPED (no free event slot)
[scd] WARN: event 4 DROPPED (no free event slot)
[scd] WARN: event 4 DROPPED (no free event slot)
[scd] WARN: event 4 DROPPED (no free event slot)
[scd] WARN: event 4 DROPPED (no free event slot)
[scd] WARN: event 4 DROPPED (no free event slot)
[scd] WARN: event 4 DROPPED (no free event slot)
[scd] WARN: event 4 DROPPED (no free event slot)
[scd] WARN: event 4 DROPPED (no free event slot)
[scd] WARN: event 4 DROPPED (no free event slot)
[scd] WARN: event 4 DROPPED (no free event slot)
[scd] WARN: event 4 DROPPED (no free event slot)
[scd] WARN: event 4 DROPPED (no free event slot)
[scd] WARN: event 4 DROPPED (no free event slot)
[scd] WARN: event 4 DROPPED (no free event slot)
[scd] WARN: event 4 DROPPED (no free event slot)
[scd] WARN: event 4 DROPPED (no free event slot)
[scd] WARN: event 4 DROPPED (no free event slot)
[scd] WARN: event 4 DROPPED (no free event slot)
[scd] WARN: event 4 DROPPED (no free event slot)
[scd] WARN: event 4 DROPPED (no free event slot)
[scd] WARN: event 4 DROPPED (no free event slot)
[scd] WARN: event 4 DROPPED (no free event slot)
[scd] WARN: event 4 DROPPED (no free event slot)
[scd] WARN: event 4 DROPPED (no free event slot)
[scd] WARN: event 4 DROPPED (no free event slot)
[scd] WARN: event 4 DROPPED (no free event slot)
[scd] WARN: event 4 DROPPED (no free event slot)
[scd] WARN: event 4 DROPPED (no free event slot)
[scd] WARN: event 4 DROPPED (no free event slot)
[scd] WARN: event 4 DROPPED (no free event slot)
[scd] WARN: event 4 DROPPED (no free event slot)
[scd] WARN: event 4 DROPPED (no free event slot)
[scd] WARN: event 4 DROPPED (no free event slot)
[scd] WARN: event 4 DROPPED (no free event slot)
[scd] WARN: event 4 DROPPED (no free event slot)
[scd] WARN: event 4 DROPPED (no free event slot)
[scd] WARN: event 4 DROPPED (no free event slot)
[scd] WARN: event 4 DROPPED (no free event slot)
[scd] WARN: event 4 DROPPED (no free event slot)
[scd] WARN: event 4 DROPPED (no free event slot)
[scd] WARN: event 4 DROPPED (no free event slot)
[scd] WARN: event 4 DROPPED (no free event slot)
[scd] WARN: event 4 DROPPED (no free event slot)
[scd] WARN: event 4 DROPPED (no free event slot)
[scd] WARN: event 4 DROPPED (no free event slot)
[scd] WARN: event 4 DROPPED (no free event slot)
[scd] WARN: event 4 DROPPED (no free event slot)
[scd] WARN: event 4 DROPPED (no free event slot)
[scd] WARN: event 4 DROPPED (no free event slot)
[scd] WARN: event 4 DROPPED (no free event slot)
[scd] WARN: event 4 DROPPED (no free event slot)
[scd] WARN: event 4 DROPPED (no free event slot)
[scd] WARN: event 4 DROPPED (no free event slot)
[scd] WARN: event 4 DROPPED (no free event slot)
[scd] WARN: event 4 DROPPED (no free event slot)
[scd] WARN: event 4 DROPPED (no free event slot)
[scd] WARN: event 4 DROPPED (no free event slot)
[scd] WARN: event 4 DROPPED (no free event slot)
[scd] WARN: event 4 DROPPED (no free event slot)
[scd] WARN: event 4 DROPPED (no free event slot)
[scd] WARN: event 4 DROPPED (no free event slot)
[scd] WARN: event 4 DROPPED (no free event slot)
[scd] WARN: event 4 DROPPED (no free event slot)
[scd] WARN: event 4 DROPPED (no free event slot)
[scd] WARN: event 4 DROPPED (no free event slot)
[scd] WARN: event 4 DROPPED (no free event slot)
[scd] WARN: event 4 DROPPED (no free event slot)
[scd] WARN: event 4 DROPPED (no free event slot)
[scd] WARN: event 4 DROPPED (no free event slot)
[scd] WARN: event 4 DROPPED (no free event slot)
[scd] WARN: event 4 DROPPED (no free event slot)
[scd] WARN: event 4 DROPPED (no free event slot)
[scd] WARN: event 4 DROPPED (no free event slot)
[scd] WARN: event 4 DROPPED (no free event slot)
[scd] WARN: event 4 DROPPED (no free event slot)
[scd] WARN: event 4 DROPPED (no free event slot)
[scd] WARN: event 4 DROPPED (no free event slot)
[scd] WARN: event 4 DROPPED (no free event slot)
[scd] WARN: event 4 DROPPED (no free event slot)
[scd] WARN: event 4 DROPPED (no free event slot)
[scd] WARN: event 4 DROPPED (no free event slot)
[scd] WARN: event 4 DROPPED (no free event slot)
[scd] WARN: event 4 DROPPED (no free event slot)
[scd] WARN: event 4 DROPPED (no free event slot)
[scd] WARN: event 4 DROPPED (no free event slot)
[scd] WARN: event 4 DROPPED (no free event slot)
[scd] WARN: event 4 DROPPED (no free event slot)
[scd] WARN: event 4 DROPPED (no free event slot)
[scd] WARN: event 4 DROPPED (no free event slot)
[scd] WARN: event 4 DROPPED (no free event slot)
[scd] WARN: event 4 DROPPED (no free event slot)
[scd] WARN: event 4 DROPPED (no free event slot)
[scd] WARN: event 4 DROPPED (no free event slot)
[scd] WARN: event 4 DROPPED (no free event slot)
[scd] WARN: event 4 DROPPED (no free event slot)
[scd] WARN: event 4 DROPPED (no free event slot)
[scd] WARN: event 4 DROPPED (no free event slot)
[scd] WARN: event 4 DROPPED (no free event slot)
[scd] WARN: event 4 DROPPED (no free event slot)
[scd] WARN: event 4 DROPPED (no free event slot)
[scd] WARN: event 4 DROPPED (no free event slot)
[scd] WARN: event 4 DROPPED (no free event slot)
[scd] WARN: event 4 DROPPED (no free event slot)
[scd] WARN: event 4 DROPPED (no free event slot)
[scd] WARN: event 4 DROPPED (no free event slot)
[scd] WARN: event 4 DROPPED (no free event slot)
[scd] WARN: event 4 DROPPED (no free event slot)
[scd] WARN: event 4 DROPPED (no free event slot)
[scd] WARN: event 4 DROPPED (no free event slot)
[scd] WARN: event 4 DROPPED (no free event slot)
[scd] WARN: event 4 DROPPED (no free event slot)
[scd] WARN: event 4 DROPPED (no free event slot)
[scd] WARN: event 4 DROPPED (no free event slot)
[scd] WARN: event 4 DROPPED (no free event slot)
[scd] WARN: event 4 DROPPED (no free event slot)
[scd] WARN: event 4 DROPPED (no free event slot)
[scd] WARN: event 4 DROPPED (no free event slot)
[scd] WARN: event 4 DROPPED (no free event slot)
[scd] WARN: event 4 DROPPED (no free event slot)
[scd] WARN: event 4 DROPPED (no free event slot)
[scd] WARN: event 4 DROPPED (no free event slot)
[scd] WARN: event 4 DROPPED (no free event slot)
[scd] WARN: event 4 DROPPED (no free event slot)
[scd] WARN: event 4 DROPPED (no free event slot)
[scd] WARN: event 4 DROPPED (no free event slot)
[scd] WARN: event 4 DROPPED (no free event slot)
[scd] WARN: event 4 DROPPED (no free event slot)
[scd] WARN: event 4 DROPPED (no free event slot)
[scd] WARN: event 4 DROPPED (no free event slot)
[scd] WARN: event 4 DROPPED (no free event slot)
[scd] WARN: event 4 DROPPED (no free event slot)
[scd] WARN: event 4 DROPPED (no free event slot)
[scd] WARN: event 4 DROPPED (no free event slot)
[scd] WARN: event 4 DROPPED (no free event slot)
[scd] WARN: event 4 DROPPED (no free event slot)
[scd] WARN: event 4 DROPPED (no free event slot)
[scd] WARN: event 4 DROPPED (no free event slot)
[scd] WARN: event 4 DROPPED (no free event slot)
[scd] WARN: event 4 DROPPED (no free event slot)
[scd] WARN: event 4 DROPPED (no free event slot)
[scd] WARN: event 4 DROPPED (no free event slot)
[scd] WARN: event 4 DROPPED (no free event slot)
[scd] WARN: event 4 DROPPED (no free event slot)
[scd] WARN: event 4 DROPPED (no free event slot)
[scd] WARN: event 4 DROPPED (no free event slot)
[scd] WARN: event 4 DROPPED (no free event slot)
[scd] WARN: event 4 DROPPED (no free event slot)
[scd] WARN: event 4 DROPPED (no free event slot)
[scd] WARN: event 4 DROPPED (no free event slot)
[scd] WARN: event 4 DROPPED (no free event slot)
[scd] WARN: event 4 DROPPED (no free event slot)
[scd] WARN: event 4 DROPPED (no free event slot)
[scd] WARN: event 4 DROPPED (no free event slot)
[scd] WARN: event 4 DROPPED (no free event slot)
[scd] WARN: event 4 DROPPED (no free event slot)
[scd] WARN: event 4 DROPPED (no free event slot)
[scd] WARN: event 4 DROPPED (no free event slot)
[scd] WARN: event 4 DROPPED (no free event slot)
[scd] WARN: event 4 DROPPED (no free event slot)
[scd] WARN: event 4 DROPPED (no free event slot)
[scd] WARN: event 4 DROPPED (no free event slot)
[scd] WARN: event 4 DROPPED (no free event slot)
[scd] WARN: event 4 DROPPED (no free event slot)
[scd] WARN: event 4 DROPPED (no free event slot)
[scd] WARN: event 4 DROPPED (no free event slot)
[scd] WARN: event 4 DROPPED (no free event slot)
[scd] WARN: event 4 DROPPED (no free event slot)
[scd] WARN: event 4 DROPPED (no free event slot)
[scd] WARN: event 4 DROPPED (no free event slot)
[scd] WARN: event 4 DROPPED (no free event slot)
[scd] WARN: event 4 DROPPED (no free event slot)
[scd] WARN: event 4 DROPPED (no free event slot)
[scd] WARN: event 4 DROPPED (no free event slot)
[scd] WARN: event 4 DROPPED (no free event slot)
[scd] WARN: event 4 DROPPED (no free event slot)
[scd] WARN: event 4 DROPPED (no free event slot)
[scd] WARN: event 4 DROPPED (no free event slot)
[scd] WARN: event 4 DROPPED (no free event slot)
[scd] WARN: event 4 DROPPED (no free event slot)
[scd] WARN: event 4 DROPPED (no free event slot)
[scd] WARN: event 4 DROPPED (no free event slot)
[scd] WARN: event 4 DROPPED (no free event slot)
[scd] WARN: event 4 DROPPED (no free event slot)
[scd] WARN: event 4 DROPPED (no free event slot)
[scd] WARN: event 4 DROPPED (no free event slot)
[scd] WARN: event 4 DROPPED (no free event slot)
[scd] WARN: event 4 DROPPED (no free event slot)
[scd] WARN: event 4 DROPPED (no free event slot)
[scd] WARN: event 4 DROPPED (no free event slot)
[scd] WARN: event 4 DROPPED (no free event slot)
[scd] WARN: event 4 DROPPED (no free event slot)
[scd] WARN: event 4 DROPPED (no free event slot)
[scd] WARN: event 4 DROPPED (no free event slot)
[scd] WARN: event 4 DROPPED (no free event slot)
[scd] WARN: event 4 DROPPED (no free event slot)
[scd] WARN: event 4 DROPPED (no free event slot)
[scd] WARN: event 4 DROPPED (no free event slot)
[scd] WARN: event 4 DROPPED (no free event slot)
[scd] WARN: event 4 DROPPED (no free event slot)
[scd] WARN: event 4 DROPPED (no free event slot)
[scd] WARN: event 4 DROPPED (no free event slot)
[scd] WARN: event 4 DROPPED (no free event slot)
[scd] WARN: event 4 DROPPED (no free event slot)
[scd] WARN: event 4 DROPPED (no free event slot)
[scd] WARN: event 4 DROPPED (no free event slot)
[scd] WARN: event 4 DROPPED (no free event slot)
[scd] WARN: event 4 DROPPED (no free event slot)
[scd] WARN: event 4 DROPPED (no free event slot)
[scd] WARN: event 4 DROPPED (no free event slot)
[scd] WARN: event 4 DROPPED (no free event slot)
[scd] WARN: event 4 DROPPED (no free event slot)
[scd] WARN: event 4 DROPPED (no free event slot)
[scd] WARN: event 4 DROPPED (no free event slot)
[scd] WARN: event 4 DROPPED (no free event slot)
[scd] WARN: event 4 DROPPED (no free event slot)
[scd] WARN: event 4 DROPPED (no free event slot)
[scd] WARN: event 4 DROPPED (no free event slot)
[scd] WARN: event 4 DROPPED (no free event slot)
[scd] WARN: event 4 DROPPED (no free event slot)
[scd] WARN: event 4 DROPPED (no free event slot)
[scd] WARN: event 4 DROPPED (no free event slot)
[scd] WARN: event 4 DROPPED (no free event slot)
[scd] WARN: event 4 DROPPED (no free event slot)
[scd] WARN: event 4 DROPPED (no free event slot)
[scd] WARN: event 4 DROPPED (no free event slot)
[scd] WARN: event 4 DROPPED (no free event slot)
[scd] WARN: event 4 DROPPED (no free event slot)
[scd] WARN: event 4 DROPPED (no free event slot)
[scd] WARN: event 4 DROPPED (no free event slot)
[scd] WARN: event 4 DROPPED (no free event slot)
[scd] WARN: event 4 DROPPED (no free event slot)
[scd] WARN: event 4 DROPPED (no free event slot)
[scd] WARN: event 4 DROPPED (no free event slot)
[scd] WARN: event 4 DROPPED (no free event slot)
[scd] WARN: event 4 DROPPED (no free event slot)
[scd] WARN: event 4 DROPPED (no free event slot)
[scd] WARN: event 4 DROPPED (no free event slot)
[scd] WARN: event 4 DROPPED (no free event slot)
[scd] WARN: event 4 DROPPED (no free event slot)
[scd] WARN: event 4 DROPPED (no free event slot)
[scd] WARN: event 4 DROPPED (no free event slot)
[scd] WARN: event 4 DROPPED (no free event slot)
[scd] WARN: event 4 DROPPED (no free event slot)
[scd] WARN: event 4 DROPPED (no free event slot)
[scd] WARN: event 4 DROPPED (no free event slot)
[scd] WARN: event 4 DROPPED (no free event slot)
[scd] WARN: event 4 DROPPED (no free event slot)
[scd] WARN: event 4 DROPPED (no free event slot)
[scd] WARN: event 4 DROPPED (no free event slot)
[scd] WARN: event 4 DROPPED (no free event slot)
[scd] WARN: event 4 DROPPED (no free event slot)
[scd] WARN: event 4 DROPPED (no free event slot)
[scd] WARN: event 4 DROPPED (no free event slot)
[scd] WARN: event 4 DROPPED (no free event slot)
[scd] WARN: event 4 DROPPED (no free event slot)
[scd] WARN: event 4 DROPPED (no free event slot)
[scd] WARN: event 4 DROPPED (no free event slot)
[scd] WARN: event 4 DROPPED (no free event slot)
[scd] WARN: event 4 DROPPED (no free event slot)
[scd] WARN: event 4 DROPPED (no free event slot)
[scd] WARN: event 4 DROPPED (no free event slot)
[scd] WARN: event 4 DROPPED (no free event slot)
[scd] WARN: event 4 DROPPED (no free event slot)
[scd] WARN: event 4 DROPPED (no free event slot)
[scd] WARN: event 4 DROPPED (no free event slot)
[scd] WARN: event 4 DROPPED (no free event slot)
  [ZOMBIE 0x10] Messer-Treffer  14 in 300 Bildern | Tor5-Urteile 135
[scd] thread start slot=0 first_op=0x06
[scd] thread start slot=1 first_op=0x13
[scd] thread start slot=2 first_op=0x06
[scd] Obj_model_set[0] id=0x00 type=0 pos=(-21340,-4446,-24516) rot=(0,0,0)
[scd] Obj_model_set[1] id=0x01 type=0 pos=(-21340,-4446,-20916) rot=(0,0,0)
[scd] Obj_model_set[2] id=0x02 type=0 pos=(-21340,-4446,-17316) rot=(0,0,0)
[scd] Obj_model_set[3] id=0x03 type=0 pos=(-21340,-4446,-13716) rot=(0,0,0)
[scd] Obj_model_set[4] id=0x04 type=0 pos=(310,-4500,-26946) rot=(-2048,1024,0)
[scd] Obj_model_set[5] id=0x05 type=0 pos=(3920,0,-25952) rot=(0,3072,0)
[scd] Obj_model_set[6] id=0x06 type=0 pos=(4304,-1340,-26600) rot=(0,2912,0)
  [HUND   0x20] Messer-Treffer   4 in 300 Bildern | Tor5-Urteile 135

=== URTEIL ===
  Haltungsklasse Hund: byte-true (liegend 1, stehend 3)
  ZOMBIE 0x10 stehend                    treffbar
  ZOMBIE 0x10 Kriecherbox (erzwungen)    treffbar
  HUND 0x20                              treffbar
  KRAEHE 0x21                            treffbar
  SPINNE 0x25                            treffbar
  BABY 0x26                              treffbar
  (Zeile 2 war bis Runde 33 eine WARNUNG: mit der Kriecher-Box -350/350 sperrte das
   fuenfte Tor den Kandidaten dauerhaft. Seit Runde 34 liegt das Tor nicht mehr im
   Schuss-Pfad, die Zeile trifft wieder und ist damit KEINE Warnung mehr — die
   Kriech-Frage haengt jetzt an der Haltungsklasse, nicht an der Box.)
PROBE-OK
