# Runde 32 / Welle 1 - Lauf-Protokoll

## local_build.sh all (Worktree-Stand)
100% tests passed, 0 tests failed out of 352
Total Test time (real) = 151.36 sec
=== LOCAL-BUILD-OK (all) — Tests 352/352

## PL00-Hierarchie RE1.5
  Bone 14  Kinder []                  bind(x,y,z)=(     4,   408,    37)

Eltern: {0: -1, 1: 0, 2: 1, 3: 2, 4: 3, 5: 1, 6: 5, 7: 6, 8: 0, 9: 0, 10: 9, 11: 10, 12: 0, 13: 12, 14: 13}
Kette zu Bone 11: 11 <- 10 <- 9 <- 0
Kette zu Bone 10: 10 <- 9 <- 0
Kette zu Bone  9: 9 <- 0

## PL00-Hierarchie RE2-Leon
  Bone 14  Kinder []                  bind(x,y,z)=(     4,   454,    45)

Eltern: {0: -1, 1: 0, 2: 1, 3: 2, 4: 3, 5: 1, 6: 5, 7: 6, 8: 0, 9: 0, 10: 9, 11: 10, 12: 0, 13: 12, 14: 13}
Kette zu Bone 11: 11 <- 10 <- 9 <- 0
Kette zu Bone 10: 10 <- 9 <- 0
Kette zu Bone  9: 9 <- 0

## Muendungshoehe je Aim-Clip (RE1.5 PL00W03)
Bank PL00W03: 14 Clips, 248 Keyframes (Groesse 80 B)
PL00-Bindpose Bone 11 ueber den Fuessen: 1666
Clip  Bilder Muend.min Muend.max Wurzel-py
0     22     1739      1948      1700..1839
1     16     1641      1721      1784..1810
2     52     1640      1653      1783..1788
3     1      1692      1692      1810..1810
4     50     1638      1650      1784..1784
5     30     1624      1668      1758..1804
6     10     1684      2500      1761..1802
7     23     2430      2550      1758..1761
8     1      2500      2500      1761..1761
9     24     2694      2751      1695..1761
10    1      2751      2751      1761..1761
11    24     1963      2123      1760..1769
12    1      1988      1988      1761..1761
13    32     2358      2526      1761..1761

## Band-Schreiber auf +0x154 (RE2-EXE)
## Aufruf: python analysis/befunde_2026-09-27/ctx_stores.py info/re2leon/PSX.EXE 0x80010000 0x800 340
800432fc  sh v1,340(s0)   <- ori a0,a0,0x9 | andi v1,v1,0x1fff | ori v1,v1,0x4000 | andi v0,v0,0xfff
800435a8  sh v0,340(s0)   <- addiu v1,zero,0x1 | andi v0,v0,0x1fff | ori v0,v0,0x2000
80043600  sh v0,340(s0)   <- addiu v1,zero,0x1 | andi v0,v0,0x1fff | ori v0,v0,0x8000
8004374c  sh v0,340(s0)   <- andi v0,s1,0x20 | andi v0,v0,0x1fff | ori v0,v0,0x8000
80043780  sh v0,340(s0)   <- andi v0,s1,0x30 | andi v0,v0,0x1fff | ori v0,v0,0x2000
800437b4  sh v0,340(s0)   <- andi v0,v0,0x1fff | ori v0,v0,0x4000
80047ae4  sh v0,340(s0)   <- andi v0,s1,0x20 | andi v0,v0,0x1fff | ori v0,v0,0x8000
80047b18  sh v0,340(s0)   <- andi v0,s1,0x30 | andi v0,v0,0x1fff | ori v0,v0,0x2000
80047b4c  sh v0,340(s0)   <- andi v0,v0,0x1fff | ori v0,v0,0x4000
80047fc0  sh v0,340(s0)   <- addiu v1,zero,0x1 | andi v0,v0,0x1fff | ori v0,v0,0x2000 | andi v1,v1,0xfff
80048038  sh v0,340(s0)   <- addiu v1,zero,0x1 | andi v0,v0,0x1fff | ori v0,v0,0x4000 | andi v1,v1,0xfff
80048c08  sh v0,340(s0)   <- ori v0,v0,0x4000 | andi v1,v1,0xfff
8004a880  sh v0,340(s0)   <- addiu a2,zero,0x2000 | addiu a3,zero,0x1 | andi v0,v0,0xf7ff
80060df0  sh v0,340(s0)   <- addiu v1,zero,0x501 | andi v0,v0,0x1fff | ori v0,v0,0x2000
80060e78  sh v0,340(a0)   <- addiu v1,zero,0x501 | andi v0,v0,0x1fff | ori v0,v0,0x2000
80060ed8  sh v0,340(a0)   <- addiu v1,zero,0x501 | andi v0,v0,0x1fff | ori v0,v0,0x4000
80060f9c  sh v1,340(s0)   <- andi v0,v0,0x1fff | ori v1,v0,0x4000
80060fa8  sh v0,340(s0)   <- ori v1,v0,0x4000 | andi v0,v1,0x1fff | ori v0,v0,0x8000
80060fd0  sh v0,340(s0)   <- andi v0,v0,0x1fff | ori v0,v0,0x2000
80061054  sh a0,340(a1)   <- andi v1,v1,0x1fff | ori a0,v1,0x4000
8006107c  sh v0,340(a1)   <- addiu v0,v1,0x1387 | andi v0,v0,0xffff | andi v0,a0,0x1fff | ori v0,v0,0x8000
80061100  sh v1,340(a1)   <- andi v0,v0,0x1fff | ori v1,v0,0x4000
8006110c  sh v0,340(a1)   <- ori v1,v0,0x4000 | andi v0,v1,0x1fff | ori v0,v0,0x8000
80061134  sh v0,340(a1)   <- andi v0,v0,0x1fff | ori v0,v0,0x2000
80061648  sh v0,340(a0)   <- addiu v1,zero,0x501 | andi v0,v0,0x1fff | ori v0,v0,0x2000
800616cc  sh v1,340(a1)   <- andi v0,v0,0x1fff | ori v1,v0,0x4000
800616d8  sh v0,340(a1)   <- ori v1,v0,0x4000 | andi v0,v1,0x1fff | ori v0,v0,0x8000
80061700  sh v0,340(a1)   <- andi v0,v0,0x1fff | ori v0,v0,0x2000

## Kein 0xE0000000 in der RE2-EXE = kein RE1.5-Band-Tor
## Aufruf: python analysis/befunde_2026-09-27/scan_imm.py e000 info/re2leon/PSX.EXE | grep lui
(Ausgabe leer = keine einzige lui-Zeile im ganzen Binary)

## Keine direkten jal auf die FSM-Einstiege (Dispatch ueber Zeiger-Tabellen)
## Aufruf: python analysis/befunde_2026-09-27/scan_jal.py 80060ee4 info/re2leon/PSX.EXE
##         python analysis/befunde_2026-09-27/scan_jal.py 8004326c info/re2leon/PSX.EXE
(beide Ausgaben leer)

## Schuss-Clip-Tabelle @0x80011010 = {0,14,10,0,12}, Index = +0x154 >> 13
  0x80011010: [0, 14, 10, 0, 12, 0, -200, 0, 250, 125, 0, 15]
