[re2se] ENEMSE Bank 11 geladen: 10 VAGs, Map 32 Eintraege (Cache-Slot 0)
[re2se] se=0 layer=0 bank=11 (gewaehlt 11) prog=0 tone=1 vag=1 samples=3444 pitch=0x5F3 (16397 Hz, 0.21 s) -> Kanal 2 (prio 1)
[re2se] se=8 layer=0 bank=11 (gewaehlt 11) prog=0 tone=9 vag=1 samples=3444 pitch=0x5F3 (16397 Hz, 0.21 s) -> Kanal 2 (prio 1)
[re2se] se=1 layer=0 bank=11 (gewaehlt 11) prog=0 tone=2 vag=2 samples=3500 pitch=0x5F3 (16397 Hz, 0.21 s) -> Kanal 3 (prio 2)
[re2se] ENEMSE Bank 17 geladen: 7 VAGs, Map 32 Eintraege (Cache-Slot 1)
[re2se] se=2 layer=0 bank=17 (gewaehlt 17) prog=0 tone=3 vag=1 samples=14364 pitch=0x556 (14707 Hz, 0.98 s) -> Kanal 3 (prio 3)
[re2se] se=0 layer=0 bank=11 (gewaehlt 11) prog=0 tone=1 vag=1 samples=3444 pitch=0x5F3 (16397 Hz, 0.21 s) -> Kanal 2 (prio 1)
[re2se] se=9 layer=0 bank=11 (gewaehlt 11) prog=0 tone=10 vag=1 samples=3444 pitch=0x5F3 (16397 Hz, 0.21 s) -> Kanal 2 (prio 1)
[re2se] se=2 layer=0 bank=17 (gewaehlt 17) prog=0 tone=3 vag=1 samples=14364 pitch=0x556 (14707 Hz, 0.98 s) -> Kanal 3 (prio 3)
[re2se] se=4 layer=0 bank=17 (gewaehlt 17) prog=0 tone=5 vag=5 samples=31528 pitch=0x4C1 (13102 Hz, 2.41 s) -> Kanal 4 (prio 2)
[re2se] se=8 layer=0 bank=11 (gewaehlt 11) prog=0 tone=9 vag=1 samples=3444 pitch=0x5F3 (16397 Hz, 0.21 s) -> Kanal 2 (prio 1)
[re2se] se=0 layer=0 bank=11 (gewaehlt 11) prog=0 tone=1 vag=1 samples=3444 pitch=0x5F3 (16397 Hz, 0.21 s) -> Kanal 2 (prio 1)
[re2se] se=8 layer=0 bank=11 (gewaehlt 11) prog=0 tone=9 vag=1 samples=3444 pitch=0x5F3 (16397 Hz, 0.21 s) -> Kanal 2 (prio 1)
[re2se] se=4 layer=0 bank=17 (gewaehlt 17) prog=0 tone=5 vag=5 samples=31528 pitch=0x4C1 (13102 Hz, 2.41 s) -> Kanal 4 (prio 2)
[re2se] se=9 layer=0 bank=11 (gewaehlt 11) prog=0 tone=10 vag=1 samples=3444 pitch=0x5F3 (16397 Hz, 0.21 s) -> Kanal 2 (prio 1)
[re2se] se=9 layer=0 bank=11 (gewaehlt 11) prog=0 tone=10 vag=1 samples=3444 pitch=0x5F3 (16397 Hz, 0.21 s) -> Kanal 2 (prio 1)
[re2se] se=1 layer=0 bank=17 (gewaehlt 17) prog=0 tone=2 vag=3 samples=13496 pitch=0x5F3 (16397 Hz, 0.82 s) -> Kanal 2 (prio 3)
[re2se] se=0 bank=11 GATE chan=2 prio-nib=1 VERWORFEN (laufend 3)
[re2se] se=8 layer=0 bank=11 (gewaehlt 11) prog=0 tone=9 vag=1 samples=3444 pitch=0x5F3 (16397 Hz, 0.21 s) -> Kanal 2 (prio 1)
[re2se] se=3 layer=0 bank=17 (gewaehlt 17) prog=0 tone=4 vag=2 samples=20776 pitch=0x800 (22050 Hz, 0.94 s) -> Kanal 2 (prio 3)
[re2se] se=0 bank=11 GATE chan=2 prio-nib=1 VERWORFEN (laufend 3)
[re2se] se=9 layer=0 bank=11 (gewaehlt 11) prog=0 tone=10 vag=1 samples=3444 pitch=0x5F3 (16397 Hz, 0.21 s) -> Kanal 2 (prio 1)
[re2se] se=8 layer=0 bank=11 (gewaehlt 11) prog=0 tone=9 vag=1 samples=3444 pitch=0x5F3 (16397 Hz, 0.21 s) -> Kanal 2 (prio 1)
