WECHSEL zw=0 rt=0
DREH rot=1089 soll=4095 dlt=-1090 pos=(-6000,-22000) ziel=(-4000,-22000)
BISS af=6 dist=1859 maul=2000 wand=0 hr=0
BISS af=7 dist=1814 maul=1824 wand=0 hr=0
BISS af=8 dist=1768 maul=1648 wand=0 hr=0
BISS af=9 dist=1722 maul=1504 wand=0 hr=0
BISS af=10 dist=1664 maul=1312 wand=0 hr=0
FSYNC t=1 anker=(-3010,-22513) pl=(-4000,0,-22000) b6=(-2490,-1762,-22469) b7=(-2342,-1961,-22422) maul=(-2416,-1861,-22445) dpl=2496 pitch=5 jaw=0 mo=4 af=2
FSYNC t=2 anker=(-2981,-22136) pl=(-4000,0,-22000) b6=(-2488,-1721,-21967) b7=(-2355,-1909,-21863) maul=(-2421,-1815,-21915) dpl=2416 pitch=11 jaw=0 mo=4 af=3
FSYNC t=3 anker=(-3008,-21755) pl=(-4000,0,-22000) b6=(-2559,-1715,-21490) b7=(-2449,-1895,-21352) maul=(-2504,-1805,-21421) dpl=2416 pitch=17 jaw=0 mo=4 af=4
FSYNC t=4 anker=(-2973,-21703) pl=(-4000,0,-22000) b6=(-2533,-1779,-21420) b7=(-2418,-1960,-21286) maul=(-2475,-1869,-21353) dpl=2512 pitch=23 jaw=0 mo=4 af=5
FSYNC t=5 anker=(-2927,-21689) pl=(-4000,0,-22000) b6=(-2487,-1895,-21392) b7=(-2353,-2076,-21279) maul=(-2420,-1985,-21335) dpl=2624 pitch=29 jaw=0 mo=4 af=6
FSYNC t=6 anker=(-2878,-21683) pl=(-4000,0,-22000) b6=(-2437,-2025,-21374) b7=(-2280,-2203,-21287) maul=(-2358,-2114,-21330) dpl=2768 pitch=35 jaw=0 mo=4 af=7
FSYNC t=7 anker=(-2832,-21669) pl=(-4000,0,-22000) b6=(-2386,-2139,-21362) b7=(-2209,-2309,-21302) maul=(-2297,-2224,-21332) dpl=2880 pitch=40 jaw=0 mo=4 af=8
FSYNC t=8 anker=(-2786,-21655) pl=(-4000,0,-22000) b6=(-2333,-2225,-21359) b7=(-2139,-2382,-21325) maul=(-2236,-2303,-21342) dpl=2976 pitch=46 jaw=0 mo=4 af=9
FSYNC t=9 anker=(-2740,-21641) pl=(-4000,0,-22000) b6=(-2282,-2314,-21356) b7=(-2071,-2453,-21348) maul=(-2176,-2383,-21352) dpl=3072 pitch=52 jaw=0 mo=4 af=10
FSYNC t=10 anker=(-2694,-21627) pl=(-4000,0,-22000) b6=(-2230,-2385,-21354) b7=(-2006,-2501,-21371) maul=(-2118,-2443,-21362) dpl=3152 pitch=58 jaw=0 mo=4 af=11
FSYNC t=11 anker=(-2648,-21613) pl=(-4000,0,-22000) b6=(-2178,-2435,-21358) b7=(-1945,-2529,-21394) maul=(-2061,-2482,-21376) dpl=3216 pitch=64 jaw=0 mo=4 af=12
FSYNC t=12 anker=(-2602,-21599) pl=(-4000,0,-22000) b6=(-2127,-2453,-21358) b7=(-1891,-2529,-21408) maul=(-2009,-2491,-21383) dpl=3264 pitch=70 jaw=0 mo=4 af=13
FSYNC t=13 anker=(-2554,-21592) pl=(-4000,0,-22000) b6=(-2072,-2424,-21374) b7=(-1836,-2489,-21440) maul=(-1954,-2456,-21407) dpl=3264 pitch=75 jaw=0 mo=4 af=14
FSYNC t=14 anker=(-2508,-21578) pl=(-4000,0,-22000) b6=(-2015,-2361,-21392) b7=(-1783,-2421,-21472) maul=(-1899,-2391,-21432) dpl=3248 pitch=81 jaw=0 mo=4 af=15
FSYNC t=15 anker=(-2462,-21564) pl=(-4000,0,-22000) b6=(-1959,-2272,-21415) b7=(-1733,-2333,-21510) maul=(-1846,-2302,-21462) dpl=3200 pitch=87 jaw=0 mo=4 af=16
FSYNC t=16 anker=(-2416,-21550) pl=(-4000,0,-22000) b6=(-1907,-2164,-21451) b7=(-1689,-2227,-21562) maul=(-1798,-2195,-21506) dpl=3152 pitch=93 jaw=0 mo=4 af=17
FSYNC t=17 anker=(-2370,-21536) pl=(-4000,0,-22000) b6=(-1857,-2037,-21489) b7=(-1648,-2104,-21615) maul=(-1752,-2070,-21552) dpl=3104 pitch=99 jaw=0 mo=4 af=18
TICK ph=8 pos=(-4824,-22232) y=-1200 dist=902 mo=4 cd=0 rt=0 zw=0 ziel=(-4000,-22000)
FSYNC t=18 anker=(-2322,-21530) pl=(-4000,0,-22000) b6=(-1809,-1862,-21570) b7=(-1618,-1934,-21720) maul=(-1713,-1898,-21645) dpl=3008 pitch=105 jaw=0 mo=4 af=19
FSYNC t=19 anker=(-2276,-21517) pl=(-4000,0,-22000) b6=(-1781,-1641,-21668) b7=(-1615,-1725,-21840) maul=(-1698,-1683,-21754) dpl=2864 pitch=110 jaw=0 mo=4 af=20
FSYNC t=20 anker=(-2230,-21504) pl=(-4000,0,-22000) b6=(-1764,-1438,-21751) b7=(-1620,-1537,-21934) maul=(-1692,-1487,-21842) dpl=2752 pitch=116 jaw=0 mo=4 af=21
FSYNC t=21 anker=(-2184,-21491) pl=(-4000,0,-22000) b6=(-1740,-1323,-21772) b7=(-1602,-1435,-21952) maul=(-1671,-1379,-21862) dpl=2720 pitch=122 jaw=0 mo=4 af=22
FSYNC t=22 anker=(-2138,-21478) pl=(-4000,0,-22000) b6=(-1700,-1269,-21741) b7=(-1555,-1389,-21911) maul=(-1627,-1329,-21826) dpl=2736 pitch=128 jaw=0 mo=4 af=23
FSYNC t=23 anker=(-2092,-21465) pl=(-4000,0,-22000) b6=(-1658,-1227,-21708) b7=(-1506,-1355,-21865) maul=(-1582,-1291,-21786) dpl=2752 pitch=134 jaw=0 mo=4 af=24
FSYNC t=24 anker=(-2046,-21452) pl=(-4000,0,-22000) b6=(-1615,-1184,-21669) b7=(-1455,-1319,-21812) maul=(-1535,-1251,-21740) dpl=2784 pitch=140 jaw=0 mo=4 af=25
FSYNC t=25 anker=(-2000,-21439) pl=(-4000,0,-22000) b6=(-1573,-1152,-21622) b7=(-1403,-1293,-21747) maul=(-1488,-1222,-21684) dpl=2816 pitch=145 jaw=0 mo=4 af=26
FSYNC t=26 anker=(-1954,-21426) pl=(-4000,0,-22000) b6=(-1533,-1123,-21568) b7=(-1355,-1267,-21675) maul=(-1444,-1195,-21621) dpl=2848 pitch=151 jaw=0 mo=4 af=27
FSYNC t=27 anker=(-1908,-21413) pl=(-4000,0,-22000) b6=(-1493,-1090,-21517) b7=(-1307,-1239,-21604) maul=(-1400,-1164,-21560) dpl=2896 pitch=157 jaw=0 mo=4 af=28
FSYNC t=28 anker=(-1862,-21400) pl=(-4000,0,-22000) b6=(-1454,-1065,-21462) b7=(-1263,-1216,-21530) maul=(-1358,-1140,-21496) dpl=2928 pitch=163 jaw=0 mo=4 af=29
FSYNC t=29 anker=(-1816,-21387) pl=(-4000,0,-22000) b6=(-1418,-1040,-21406) b7=(-1221,-1192,-21453) maul=(-1319,-1116,-21429) dpl=2960 pitch=169 jaw=0 mo=4 af=30
FSYNC t=30 anker=(-1770,-21374) pl=(-4000,0,-22000) b6=(-1382,-1016,-21353) b7=(-1183,-1170,-21378) maul=(-1282,-1093,-21365) dpl=3008 pitch=175 jaw=0 mo=4 af=31
FSYNC t=31 anker=(-1724,-21361) pl=(-4000,0,-22000) b6=(-1349,-995,-21303) b7=(-1148,-1149,-21308) maul=(-1248,-1072,-21305) dpl=3040 pitch=180 jaw=0 mo=4 af=32
FSYNC t=32 anker=(-1674,-21364) pl=(-4000,0,-22000) b6=(-1313,-970,-21271) b7=(-1113,-1124,-21259) maul=(-1213,-1047,-21265) dpl=3072 pitch=186 jaw=0 mo=4 af=33
FSYNC t=33 anker=(-1628,-21351) pl=(-4000,0,-22000) b6=(-1279,-942,-21237) b7=(-1079,-1095,-21208) maul=(-1179,-1018,-21222) dpl=3104 pitch=192 jaw=0 mo=4 af=34
FSYNC t=34 anker=(-1579,-21346) pl=(-4000,0,-22000) b6=(-1245,-912,-21209) b7=(-1048,-1064,-21165) maul=(-1146,-988,-21187) dpl=3136 pitch=198 jaw=0 mo=4 af=35
FSYNC t=35 anker=(-1529,-21348) pl=(-4000,0,-22000) b6=(-1211,-879,-21194) b7=(-1014,-1029,-21141) maul=(-1112,-954,-21167) dpl=3168 pitch=204 jaw=0 mo=4 af=36
FSYNC t=36 anker=(-1413,-21711) pl=(-4000,0,-22000) b6=(-1088,-847,-21596) b7=(-885,-995,-21565) maul=(-986,-921,-21580) dpl=3184 pitch=210 jaw=0 mo=4 af=37
FSYNC t=37 anker=(-1436,-21329) pl=(-4000,0,-22000) b6=(-1139,-822,-21173) b7=(-942,-968,-21110) maul=(-1040,-895,-21141) dpl=3216 pitch=215 jaw=0 mo=4 af=38
FSYNC t=38 anker=(-1516,-20954) pl=(-4000,0,-22000) b6=(-1247,-794,-20772) b7=(-1061,-939,-20679) maul=(-1154,-866,-20725) dpl=3248 pitch=221 jaw=0 mo=4 af=39
FSYNC t=39 anker=(-1648,-20595) pl=(-4000,0,-22000) b6=(-1411,-768,-20392) b7=(-1239,-911,-20274) maul=(-1325,-839,-20333) dpl=3264 pitch=227 jaw=0 mo=4 af=40
FSYNC t=40 anker=(-1833,-20260) pl=(-4000,0,-22000) b6=(-1623,-745,-20045) b7=(-1467,-886,-19905) maul=(-1545,-815,-19975) dpl=3296 pitch=233 jaw=0 mo=4 af=41
FSYNC t=41 anker=(-2064,-19955) pl=(-4000,0,-22000) b6=(-1884,-722,-19729) b7=(-1746,-860,-19569) maul=(-1815,-791,-19649) dpl=3312 pitch=239 jaw=0 mo=4 af=42
FSYNC t=42 anker=(-2338,-19687) pl=(-4000,0,-22000) b6=(-2186,-698,-19454) b7=(-2071,-834,-19276) maul=(-2128,-766,-19365) dpl=3328 pitch=245 jaw=0 mo=4 af=43
FSYNC t=43 anker=(-2647,-19462) pl=(-4000,0,-22000) b6=(-2537,-676,-19217) b7=(-2447,-811,-19022) maul=(-2492,-743,-19119) dpl=3344 pitch=250 jaw=0 mo=4 af=44
FSYNC t=44 anker=(-2987,-19284) pl=(-4000,0,-22000) b6=(-2916,-651,-19036) b7=(-2856,-784,-18830) maul=(-2886,-717,-18933) dpl=3344 pitch=256 jaw=0 mo=4 af=45
FSYNC t=45 anker=(-3349,-19158) pl=(-4000,0,-22000) b6=(-3316,-624,-18914) b7=(-3288,-756,-18700) maul=(-3302,-690,-18807) dpl=3344 pitch=262 jaw=0 mo=4 af=46
FSYNC t=46 anker=(-3720,-19087) pl=(-4000,0,-22000) b6=(-3724,-598,-18852) b7=(-3727,-728,-18635) maul=(-3725,-663,-18743) dpl=3344 pitch=268 jaw=0 mo=4 af=47
FSYNC t=47 anker=(-4103,-19072) pl=(-4000,0,-22000) b6=(-4139,-573,-18853) b7=(-4174,-700,-18638) maul=(-4156,-636,-18745) dpl=3328 pitch=274 jaw=0 mo=4 af=48
TICK ph=8 pos=(-3697,-21591) y=-1200 dist=475 mo=4 cd=0 rt=0 zw=0 ziel=(-4000,-22000)
FSYNC t=48 anker=(-4483,-19113) pl=(-4000,0,-22000) b6=(-4547,-547,-18914) b7=(-4613,-672,-18704) maul=(-4580,-609,-18809) dpl=3312 pitch=280 jaw=0 mo=4 af=49
FSYNC t=49 anker=(-4853,-19210) pl=(-4000,0,-22000) b6=(-4942,-526,-19031) b7=(-5039,-649,-18833) maul=(-4990,-587,-18932) dpl=3280 pitch=285 jaw=0 mo=4 af=50
FSYNC t=50 anker=(-5205,-19359) pl=(-4000,0,-22000) b6=(-5313,-502,-19205) b7=(-5438,-623,-19022) maul=(-5375,-562,-19113) dpl=3248 pitch=291 jaw=0 mo=4 af=51
FSYNC t=51 anker=(-5532,-19558) pl=(-4000,0,-22000) b6=(-5651,-476,-19431) b7=(-5802,-596,-19269) maul=(-5726,-536,-19350) dpl=3216 pitch=297 jaw=0 mo=4 af=52
FSYNC t=52 anker=(-5825,-19803) pl=(-4000,0,-22000) b6=(-5952,-450,-19703) b7=(-6127,-568,-19564) maul=(-6039,-509,-19633) dpl=3168 pitch=303 jaw=0 mo=4 af=53
FSYNC t=53 anker=(-6080,-20089) pl=(-4000,0,-22000) b6=(-6208,-425,-20015) b7=(-6403,-540,-19902) maul=(-6305,-482,-19958) dpl=3120 pitch=309 jaw=0 mo=4 af=54
FSYNC t=54 anker=(-6290,-20408) pl=(-4000,0,-22000) b6=(-6413,-402,-20360) b7=(-6623,-515,-20276) maul=(-6518,-458,-20318) dpl=3072 pitch=315 jaw=0 mo=4 af=55
FSYNC t=55 anker=(-6450,-20755) pl=(-4000,0,-22000) b6=(-6569,-380,-20727) b7=(-6790,-492,-20675) maul=(-6679,-436,-20701) dpl=3024 pitch=320 jaw=0 mo=4 af=56
FSYNC t=56 anker=(-6558,-21121) pl=(-4000,0,-22000) b6=(-6666,-356,-21112) b7=(-6893,-465,-21093) maul=(-6779,-410,-21102) dpl=2960 pitch=326 jaw=0 mo=4 af=57
FSYNC t=57 anker=(-6610,-21494) pl=(-4000,0,-22000) b6=(-6704,-331,-21500) b7=(-6933,-438,-21514) maul=(-6818,-384,-21507) dpl=2896 pitch=332 jaw=0 mo=4 af=58
FSYNC t=58 anker=(-6606,-21875) pl=(-4000,0,-22000) b6=(-6684,-307,-21891) b7=(-6909,-412,-21939) maul=(-6796,-359,-21915) dpl=2832 pitch=338 jaw=0 mo=4 af=59
FSYNC t=59 anker=(-6546,-22251) pl=(-4000,0,-22000) b6=(-6606,-284,-22275) b7=(-6822,-387,-22355) maul=(-6714,-335,-22315) dpl=2768 pitch=344 jaw=0 mo=4 af=60
FSYNC t=60 anker=(-6431,-22615) pl=(-4000,0,-22000) b6=(-6474,-259,-22640) b7=(-6677,-360,-22751) maul=(-6575,-309,-22695) dpl=2688 pitch=350 jaw=0 mo=4 af=61
FSYNC t=61 anker=(-6265,-22959) pl=(-4000,0,-22000) b6=(-6265,-259,-22960) b7=(-6450,-360,-23100) maul=(-6357,-309,-23030) dpl=2592 pitch=350 jaw=0 mo=4 af=62
FSYNC t=62 anker=(-6011,-23246) pl=(-4000,0,-22000) b6=(-6011,-259,-23246) b7=(-6173,-360,-23413) maul=(-6092,-309,-23329) dpl=2512 pitch=350 jaw=0 mo=4 af=63
FSYNC t=63 anker=(-5718,-23492) pl=(-4000,0,-22000) b6=(-5718,-259,-23493) b7=(-5854,-360,-23681) maul=(-5786,-309,-23587) dpl=2416 pitch=350 jaw=0 mo=4 af=64
FSYNC t=64 anker=(-5392,-23693) pl=(-4000,0,-22000) b6=(-5393,-259,-23694) b7=(-5499,-360,-23900) maul=(-5446,-309,-23797) dpl=2336 pitch=350 jaw=0 mo=4 af=65
FSYNC t=65 anker=(-5041,-23843) pl=(-4000,0,-22000) b6=(-5041,-259,-23844) b7=(-5116,-360,-24063) maul=(-5078,-309,-23953) dpl=2256 pitch=350 jaw=0 mo=4 af=66
FSYNC t=66 anker=(-4671,-23941) pl=(-4000,0,-22000) b6=(-4671,-259,-23942) b7=(-4713,-360,-24170) maul=(-4692,-309,-24056) dpl=2192 pitch=350 jaw=0 mo=4 af=67
FSYNC t=67 anker=(-4290,-23983) pl=(-4000,0,-22000) b6=(-4291,-259,-23984) b7=(-4299,-360,-24215) maul=(-4295,-309,-24099) dpl=2144 pitch=350 jaw=0 mo=4 af=68
FSYNC t=68 anker=(-3912,-23968) pl=(-4000,0,-22000) b6=(-3912,-259,-23969) b7=(-3887,-360,-24200) maul=(-3899,-309,-24084) dpl=2112 pitch=350 jaw=0 mo=4 af=69
FSYNC t=69 anker=(-3536,-23898) pl=(-4000,0,-22000) b6=(-3536,-259,-23898) b7=(-3477,-360,-24123) maul=(-3506,-309,-24010) dpl=2096 pitch=350 jaw=0 mo=4 af=70
FSYNC t=70 anker=(-3398,-23857) pl=(-4000,0,-22000) b6=(-3398,-259,-23858) b7=(-3327,-360,-24078) maul=(-3362,-309,-23968) dpl=2096 pitch=350 jaw=0 mo=4 af=71
FSYNC t=71 anker=(-3398,-23857) pl=(-4000,0,-22000) b6=(-3398,-259,-23858) b7=(-3327,-360,-24078) maul=(-3362,-309,-23968) dpl=2096 pitch=350 jaw=0 mo=4 af=72
FSYNC t=72 anker=(-3398,-23857) pl=(-4000,0,-22000) b6=(-3398,-259,-23858) b7=(-3327,-360,-24078) maul=(-3362,-309,-23968) dpl=2096 pitch=350 jaw=0 mo=4 af=73
FSYNC t=73 anker=(-3398,-23857) pl=(-4000,0,-22000) b6=(-3398,-259,-23858) b7=(-3327,-360,-24078) maul=(-3362,-309,-23968) dpl=2096 pitch=350 jaw=0 mo=4 af=74
FSYNC t=74 anker=(-3398,-23857) pl=(-4000,0,-22000) b6=(-3398,-259,-23858) b7=(-3327,-360,-24078) maul=(-3362,-309,-23968) dpl=2096 pitch=350 jaw=0 mo=4 af=75
FSYNC t=75 anker=(-3398,-23857) pl=(-4000,0,-22000) b6=(-3402,-252,-23848) b7=(-3319,-352,-24064) maul=(-3360,-302,-23956) dpl=2096 pitch=350 jaw=0 mo=4 af=1
FSYNC t=76 anker=(-3398,-23857) pl=(-4000,0,-22000) b6=(-3416,-236,-23820) b7=(-3300,-332,-24024) maul=(-3358,-284,-23922) dpl=2048 pitch=350 jaw=0 mo=4 af=2
FSYNC t=77 anker=(-3398,-23857) pl=(-4000,0,-22000) b6=(-3417,-236,-23790) b7=(-3272,-326,-23975) maul=(-3344,-281,-23882) dpl=2016 pitch=350 jaw=0 mo=4 af=3
TICK ph=8 pos=(-4198,-21385) y=-1200 dist=643 mo=4 cd=0 rt=0 zw=0 ziel=(-4000,-22000)
FSYNC t=78 anker=(-3398,-23857) pl=(-4000,0,-22000) b6=(-3413,-264,-23775) b7=(-3254,-350,-23950) maul=(-3333,-307,-23862) dpl=2016 pitch=350 jaw=0 mo=4 af=4
FSYNC t=79 anker=(-3398,-23857) pl=(-4000,0,-22000) b6=(-3376,-348,-23783) b7=(-3224,-434,-23964) maul=(-3300,-391,-23873) dpl=2048 pitch=350 jaw=0 mo=4 af=5
FSYNC t=80 anker=(-3398,-23857) pl=(-4000,0,-22000) b6=(-3312,-479,-23807) b7=(-3178,-562,-24004) maul=(-3245,-520,-23905) dpl=2128 pitch=350 jaw=0 mo=4 af=6
FSYNC t=81 anker=(-3398,-23857) pl=(-4000,0,-22000) b6=(-3238,-622,-23833) b7=(-3128,-698,-24047) maul=(-3183,-660,-23940) dpl=2208 pitch=350 jaw=0 mo=4 af=7
FSYNC t=82 anker=(-3398,-23857) pl=(-4000,0,-22000) b6=(-3187,-748,-23860) b7=(-3102,-814,-24087) maul=(-3144,-781,-23973) dpl=2304 pitch=350 jaw=0 mo=4 af=8
FSYNC t=83 anker=(-3398,-23857) pl=(-4000,0,-22000) b6=(-3146,-854,-23883) b7=(-3084,-906,-24122) maul=(-3115,-880,-24002) dpl=2368 pitch=350 jaw=0 mo=4 af=9
FSYNC t=84 anker=(-3398,-23857) pl=(-4000,0,-22000) b6=(-3106,-967,-23908) b7=(-3070,-1002,-24156) maul=(-3088,-984,-24032) dpl=2448 pitch=350 jaw=0 mo=4 af=10
FSYNC t=85 anker=(-3398,-23857) pl=(-4000,0,-22000) b6=(-3068,-1066,-23930) b7=(-3055,-1080,-24182) maul=(-3061,-1073,-24056) dpl=2512 pitch=350 jaw=0 mo=4 af=11
FSYNC t=86 anker=(-3398,-23857) pl=(-4000,0,-22000) b6=(-3046,-1144,-23948) b7=(-3052,-1139,-24200) maul=(-3049,-1141,-24074) dpl=2560 pitch=350 jaw=0 mo=4 af=12
FSYNC t=87 anker=(-3398,-23857) pl=(-4000,0,-22000) b6=(-3034,-1191,-23963) b7=(-3056,-1172,-24214) maul=(-3045,-1181,-24088) dpl=2592 pitch=350 jaw=0 mo=4 af=13
FSYNC t=88 anker=(-3398,-23857) pl=(-4000,0,-22000) b6=(-3046,-1187,-23968) b7=(-3080,-1162,-24217) maul=(-3063,-1174,-24092) dpl=2576 pitch=350 jaw=0 mo=4 af=14
FSYNC t=89 anker=(-3398,-23857) pl=(-4000,0,-22000) b6=(-3079,-1154,-23974) b7=(-3129,-1129,-24220) maul=(-3104,-1141,-24097) dpl=2560 pitch=350 jaw=0 mo=4 af=15
FSYNC t=90 anker=(-3398,-23857) pl=(-4000,0,-22000) b6=(-3124,-1094,-23978) b7=(-3190,-1076,-24221) maul=(-3157,-1085,-24099) dpl=2512 pitch=350 jaw=0 mo=4 af=16
FSYNC t=91 anker=(-3398,-23857) pl=(-4000,0,-22000) b6=(-3184,-1014,-23975) b7=(-3266,-1003,-24214) maul=(-3225,-1008,-24094) dpl=2464 pitch=350 jaw=0 mo=4 af=17
FSYNC t=92 anker=(-3398,-23857) pl=(-4000,0,-22000) b6=(-3248,-925,-23968) b7=(-3347,-924,-24201) maul=(-3297,-924,-24084) dpl=2400 pitch=350 jaw=0 mo=4 af=18
FSYNC t=93 anker=(-3398,-23857) pl=(-4000,0,-22000) b6=(-3346,-790,-23948) b7=(-3469,-804,-24168) maul=(-3407,-797,-24058) dpl=2288 pitch=350 jaw=0 mo=4 af=19
FSYNC t=94 anker=(-3398,-23857) pl=(-4000,0,-22000) b6=(-3474,-615,-23905) b7=(-3620,-651,-24108) maul=(-3547,-633,-24006) dpl=2160 pitch=350 jaw=0 mo=4 af=20
FSYNC t=95 anker=(-3398,-23857) pl=(-4000,0,-22000) b6=(-3591,-460,-23858) b7=(-3748,-520,-24047) maul=(-3669,-490,-23952) dpl=2048 pitch=350 jaw=0 mo=4 af=21
FSYNC t=96 anker=(-3398,-23857) pl=(-3398,-511,-23857) b6=(-3638,-536,-23932) b7=(-3797,-618,-24112) maul=(-3717,-577,-24022) dpl=368 pitch=310 jaw=0 mo=4 af=22
FSYNC t=97 anker=(-3398,-23857) pl=(-3398,-621,-23857) b6=(-3632,-670,-24023) b7=(-3782,-766,-24201) maul=(-3707,-718,-24112) dpl=416 pitch=269 jaw=0 mo=4 af=23
FSYNC t=98 anker=(-3398,-23857) pl=(-3398,-728,-23857) b6=(-3620,-822,-24108) b7=(-3762,-932,-24285) maul=(-3691,-877,-24196) dpl=480 pitch=228 jaw=0 mo=4 af=24
FSYNC t=99 anker=(-3398,-23857) pl=(-3398,-833,-23857) b6=(-3604,-974,-24180) b7=(-3735,-1099,-24357) maul=(-3669,-1036,-24268) dpl=544 pitch=188 jaw=0 mo=4 af=25
FSYNC t=100 anker=(-3398,-23857) pl=(-3398,-933,-23857) b6=(-3578,-1144,-24244) b7=(-3697,-1283,-24419) maul=(-3637,-1213,-24331) dpl=608 pitch=147 jaw=0 mo=4 af=26
FSYNC t=101 anker=(-3398,-23857) pl=(-3398,-1032,-23857) b6=(-3542,-1325,-24293) b7=(-3648,-1479,-24465) maul=(-3595,-1402,-24379) dpl=672 pitch=106 jaw=0 mo=4 af=27
FSYNC t=102 anker=(-3398,-23857) pl=(-3398,-1128,-23857) b6=(-3508,-1504,-24329) b7=(-3598,-1672,-24497) maul=(-3553,-1588,-24413) dpl=752 pitch=66 jaw=0 mo=4 af=28
FSYNC t=103 anker=(-3398,-23857) pl=(-3398,-1222,-23857) b6=(-3470,-1699,-24352) b7=(-3544,-1881,-24512) maul=(-3507,-1790,-24432) dpl=816 pitch=25 jaw=0 mo=4 af=29
FSYNC t=104 anker=(-3398,-23857) pl=(-3398,-1311,-23857) b6=(-3428,-1890,-24358) b7=(-3485,-2085,-24509) maul=(-3456,-1987,-24433) dpl=896 pitch=-16 jaw=0 mo=4 af=30
FSYNC t=105 anker=(-3398,-23857) pl=(-3398,-1399,-23857) b6=(-3388,-2086,-24347) b7=(-3429,-2294,-24486) maul=(-3408,-2190,-24416) dpl=976 pitch=-56 jaw=0 mo=4 af=31
FSYNC t=106 anker=(-3398,-23857) pl=(-3398,-1484,-23857) b6=(-3352,-2280,-24321) b7=(-3376,-2499,-24445) maul=(-3364,-2389,-24383) dpl=1056 pitch=-97 jaw=0 mo=4 af=32
FSYNC t=107 anker=(-3398,-23857) pl=(-3398,-1567,-23857) b6=(-3313,-2475,-24279) b7=(-3324,-2704,-24387) maul=(-3318,-2589,-24333) dpl=1136 pitch=-138 jaw=0 mo=4 af=33
TICK ph=8 pos=(-4198,-21385) y=-1200 dist=2598 mo=4 cd=0 rt=0 zw=0 ziel=(-4000,-22000)
FSYNC t=108 anker=(-3398,-23857) pl=(-3398,-1645,-23857) b6=(-3290,-2659,-24230) b7=(-3289,-2895,-24321) maul=(-3289,-2777,-24275) dpl=1216 pitch=-178 jaw=0 mo=4 af=34
FSYNC t=109 anker=(-3398,-23857) pl=(-3398,-1722,-23857) b6=(-3266,-2844,-24164) b7=(-3254,-3087,-24236) maul=(-3260,-2965,-24200) dpl=1312 pitch=-219 jaw=0 mo=4 af=35
FSYNC t=110 anker=(-3398,-23857) pl=(-3398,-1796,-23857) b6=(-3252,-3019,-24091) b7=(-3234,-3266,-24145) maul=(-3243,-3142,-24118) dpl=1392 pitch=-260 jaw=0 mo=4 af=36
FSYNC t=111 anker=(-3398,-23857) pl=(-3398,-1868,-23857) b6=(-3236,-3013,-24084) b7=(-3210,-3259,-24135) maul=(-3223,-3136,-24109) dpl=1312 pitch=-260 jaw=0 mo=4 af=37
FSYNC t=112 anker=(-3398,-23857) pl=(-3398,-1935,-23857) b6=(-3233,-3010,-24084) b7=(-3204,-3257,-24133) maul=(-3218,-3133,-24108) dpl=1248 pitch=-260 jaw=0 mo=4 af=38
FSYNC t=113 anker=(-3398,-23857) pl=(-3398,-2001,-23857) b6=(-3241,-3009,-24087) b7=(-3211,-3255,-24137) maul=(-3226,-3132,-24112) dpl=1184 pitch=-260 jaw=0 mo=4 af=39
FSYNC t=114 anker=(-3398,-23857) pl=(-3398,-2064,-23857) b6=(-3256,-3011,-24093) b7=(-3229,-3258,-24143) maul=(-3242,-3134,-24118) dpl=1120 pitch=-260 jaw=0 mo=4 af=40
FSYNC t=115 anker=(-3398,-23857) pl=(-3398,-2125,-23857) b6=(-3281,-3013,-24102) b7=(-3258,-3260,-24154) maul=(-3269,-3136,-24128) dpl=1056 pitch=-260 jaw=0 mo=4 af=41
FSYNC t=116 anker=(-3398,-23857) pl=(-3398,-2181,-23857) b6=(-3301,-3017,-24108) b7=(-3282,-3264,-24163) maul=(-3291,-3140,-24135) dpl=1008 pitch=-260 jaw=0 mo=4 af=42
FSYNC t=117 anker=(-3398,-23857) pl=(-3398,-2236,-23857) b6=(-3316,-3019,-24113) b7=(-3298,-3266,-24167) maul=(-3307,-3142,-24140) dpl=960 pitch=-260 jaw=0 mo=4 af=43
FSYNC t=118 anker=(-3398,-23857) pl=(-3398,-2288,-23857) b6=(-3316,-3020,-24113) b7=(-3298,-3267,-24167) maul=(-3307,-3143,-24140) dpl=912 pitch=-260 jaw=0 mo=4 af=44
FSYNC t=119 anker=(-3398,-23857) pl=(-3398,-2338,-23857) b6=(-3316,-3020,-24113) b7=(-3298,-3267,-24167) maul=(-3307,-3143,-24140) dpl=864 pitch=-260 jaw=0 mo=4 af=45
FSYNC t=120 anker=(-3398,-23857) pl=(-3398,-2383,-23857) b6=(-3316,-3020,-24113) b7=(-3298,-3267,-24167) maul=(-3307,-3143,-24140) dpl=832 pitch=-260 jaw=0 mo=4 af=46
FSYNC t=121 anker=(-3398,-23857) pl=(-3398,-2427,-23857) b6=(-3316,-3020,-24113) b7=(-3298,-3267,-24167) maul=(-3307,-3143,-24140) dpl=784 pitch=-260 jaw=0 mo=4 af=47
FSYNC t=122 anker=(-3398,-23857) pl=(-3398,-2468,-23857) b6=(-3316,-3020,-24113) b7=(-3298,-3267,-24167) maul=(-3307,-3143,-24140) dpl=752 pitch=-260 jaw=0 mo=4 af=48
FSYNC t=123 anker=(-3398,-23857) pl=(-3398,-2507,-23857) b6=(-3316,-3020,-24113) b7=(-3298,-3267,-24167) maul=(-3307,-3143,-24140) dpl=704 pitch=-260 jaw=0 mo=4 af=49
FSYNC t=124 anker=(-3398,-23857) pl=(-3398,-2541,-23857) b6=(-3316,-3020,-24113) b7=(-3298,-3267,-24167) maul=(-3307,-3143,-24140) dpl=672 pitch=-260 jaw=0 mo=4 af=50
FSYNC t=125 anker=(-3398,-23857) pl=(-3398,-2574,-23857) b6=(-3316,-3020,-24113) b7=(-3298,-3267,-24167) maul=(-3307,-3143,-24140) dpl=656 pitch=-260 jaw=0 mo=4 af=51
FSYNC t=126 anker=(-3398,-23857) pl=(-3398,-2604,-23857) b6=(-3316,-3020,-24113) b7=(-3298,-3267,-24167) maul=(-3307,-3143,-24140) dpl=624 pitch=-260 jaw=0 mo=4 af=52
FSYNC t=127 anker=(-3398,-23857) pl=(-3398,-2632,-23857) b6=(-3316,-3020,-24113) b7=(-3298,-3267,-24167) maul=(-3307,-3143,-24140) dpl=592 pitch=-260 jaw=0 mo=4 af=53
FSYNC t=128 anker=(-3398,-23857) pl=(-3398,-2655,-23857) b6=(-3316,-3020,-24113) b7=(-3298,-3267,-24167) maul=(-3307,-3143,-24140) dpl=576 pitch=-260 jaw=0 mo=4 af=54
FSYNC t=129 anker=(-3398,-23857) pl=(-3398,-2677,-23857) b6=(-3316,-3020,-24113) b7=(-3298,-3267,-24167) maul=(-3307,-3143,-24140) dpl=560 pitch=-260 jaw=0 mo=4 af=55
FSYNC t=130 anker=(-3398,-23857) pl=(-3398,-2696,-23857) b6=(-3316,-3020,-24113) b7=(-3298,-3267,-24167) maul=(-3307,-3143,-24140) dpl=544 pitch=-260 jaw=0 mo=4 af=56
FSYNC t=131 anker=(-3398,-23857) pl=(-3398,-2713,-23857) b6=(-3316,-3020,-24113) b7=(-3298,-3267,-24167) maul=(-3307,-3143,-24140) dpl=528 pitch=-260 jaw=0 mo=4 af=57
FSYNC t=132 anker=(-3398,-23857) pl=(-3398,-2725,-23857) b6=(-3316,-3020,-24113) b7=(-3298,-3267,-24167) maul=(-3307,-3143,-24140) dpl=528 pitch=-260 jaw=0 mo=4 af=58
FSYNC t=133 anker=(-3398,-23857) pl=(-3398,-2736,-23857) b6=(-3316,-3020,-24113) b7=(-3298,-3267,-24167) maul=(-3307,-3143,-24140) dpl=512 pitch=-260 jaw=0 mo=4 af=59
FSYNC t=134 anker=(-3398,-23857) pl=(-3398,-2744,-23857) b6=(-3316,-3020,-24113) b7=(-3298,-3267,-24167) maul=(-3307,-3143,-24140) dpl=512 pitch=-260 jaw=0 mo=4 af=60
FSYNC t=135 anker=(-3398,-23857) pl=(-3398,-2750,-23857) b6=(-3316,-3020,-24113) b7=(-3298,-3267,-24167) maul=(-3307,-3143,-24140) dpl=496 pitch=-260 jaw=0 mo=4 af=61
FSYNC t=136 anker=(-3398,-23857) pl=(-3398,-2751,-23857) b6=(-3316,-3020,-24113) b7=(-3298,-3267,-24167) maul=(-3307,-3143,-24140) dpl=496 pitch=-260 jaw=0 mo=4 af=62
FSYNC t=137 anker=(-3398,-23857) pl=(-3398,-2751,-23857) b6=(-3316,-3020,-24113) b7=(-3298,-3267,-24167) maul=(-3307,-3143,-24140) dpl=496 pitch=-260 jaw=0 mo=4 af=63
TICK ph=8 pos=(-4198,-21385) y=-1200 dist=2598 mo=4 cd=0 rt=0 zw=0 ziel=(-4000,-22000)
FSYNC t=138 anker=(-3398,-23857) pl=(-3398,-2748,-23857) b6=(-3316,-3020,-24113) b7=(-3298,-3267,-24167) maul=(-3307,-3143,-24140) dpl=496 pitch=-260 jaw=0 mo=4 af=64
FSYNC t=139 anker=(-3398,-23857) pl=(-3398,-2743,-23857) b6=(-3316,-3020,-24113) b7=(-3298,-3267,-24167) maul=(-3307,-3143,-24140) dpl=512 pitch=-260 jaw=0 mo=4 af=65
FSYNC t=140 anker=(-3398,-23857) pl=(-3398,-2733,-23857) b6=(-3316,-3020,-24113) b7=(-3298,-3267,-24167) maul=(-3307,-3143,-24140) dpl=512 pitch=-260 jaw=0 mo=4 af=66
FSYNC t=141 anker=(-3398,-23857) pl=(-3398,-2722,-23857) b6=(-3316,-3020,-24113) b7=(-3298,-3267,-24167) maul=(-3307,-3143,-24140) dpl=528 pitch=-260 jaw=0 mo=4 af=67
FSYNC t=142 anker=(-3398,-23857) pl=(-3398,-2708,-23857) b6=(-3316,-3020,-24113) b7=(-3298,-3267,-24167) maul=(-3307,-3143,-24140) dpl=528 pitch=-260 jaw=0 mo=4 af=68
FSYNC t=143 anker=(-3398,-23857) pl=(-3398,-2692,-23857) b6=(-3316,-3020,-24113) b7=(-3298,-3267,-24167) maul=(-3307,-3143,-24140) dpl=544 pitch=-260 jaw=0 mo=4 af=69
FSYNC t=144 anker=(-3398,-23857) pl=(-3398,-2671,-23857) b6=(-3316,-3020,-24113) b7=(-3298,-3267,-24167) maul=(-3307,-3143,-24140) dpl=560 pitch=-260 jaw=0 mo=4 af=70
FSYNC t=145 anker=(-3398,-23857) pl=(-3398,-2649,-23857) b6=(-3316,-3020,-24113) b7=(-3298,-3267,-24167) maul=(-3307,-3143,-24140) dpl=592 pitch=-260 jaw=0 mo=4 af=71
FSYNC t=146 anker=(-3398,-23857) pl=(-3398,-2624,-23857) b6=(-3316,-3020,-24113) b7=(-3298,-3267,-24167) maul=(-3307,-3143,-24140) dpl=608 pitch=-260 jaw=0 mo=4 af=72
FSYNC t=147 anker=(-3398,-23857) pl=(-3398,-2597,-23857) b6=(-3316,-3020,-24113) b7=(-3298,-3267,-24167) maul=(-3307,-3143,-24140) dpl=624 pitch=-260 jaw=0 mo=4 af=73
FSYNC t=148 anker=(-3398,-23857) pl=(-3398,-2565,-23857) b6=(-3316,-3020,-24113) b7=(-3298,-3267,-24167) maul=(-3307,-3143,-24140) dpl=656 pitch=-260 jaw=0 mo=4 af=74
FSYNC t=149 anker=(-3398,-23857) pl=(-3398,-2532,-23857) b6=(-3316,-3020,-24113) b7=(-3298,-3267,-24167) maul=(-3307,-3143,-24140) dpl=688 pitch=-260 jaw=0 mo=4 af=75
FSYNC t=150 anker=(-3398,-23857) pl=(-3398,-2496,-23857) b6=(-3316,-3020,-24113) b7=(-3298,-3267,-24167) maul=(-3307,-3143,-24140) dpl=720 pitch=-260 jaw=0 mo=4 af=76
FSYNC t=151 anker=(-3398,-23857) pl=(-3398,-2458,-23857) b6=(-3316,-3020,-24113) b7=(-3298,-3267,-24167) maul=(-3307,-3143,-24140) dpl=752 pitch=-260 jaw=18 mo=4 af=77
FSYNC t=152 anker=(-3398,-23857) pl=(-3398,-2415,-23857) b6=(-3316,-3020,-24113) b7=(-3298,-3267,-24167) maul=(-3307,-3143,-24140) dpl=800 pitch=-260 jaw=36 mo=4 af=78
FSYNC t=153 anker=(-3398,-23857) pl=(-3398,-2371,-23857) b6=(-3316,-3020,-24113) b7=(-3298,-3267,-24167) maul=(-3307,-3143,-24140) dpl=832 pitch=-260 jaw=54 mo=4 af=79
FSYNC t=154 anker=(-3398,-23857) pl=(-3398,-2324,-23857) b6=(-3316,-3020,-24113) b7=(-3298,-3267,-24167) maul=(-3307,-3143,-24140) dpl=880 pitch=-260 jaw=72 mo=4 af=80
FSYNC t=155 anker=(-3398,-23857) pl=(-3398,-2275,-23857) b6=(-3316,-3020,-24113) b7=(-3298,-3267,-24167) maul=(-3307,-3143,-24140) dpl=928 pitch=-260 jaw=90 mo=4 af=81
FSYNC t=156 anker=(-3398,-23857) pl=(-3398,-2221,-23857) b6=(-3316,-3020,-24113) b7=(-3298,-3267,-24167) maul=(-3307,-3143,-24140) dpl=976 pitch=-260 jaw=108 mo=4 af=82
FSYNC t=157 anker=(-3398,-23857) pl=(-3398,-2166,-23857) b6=(-3316,-3020,-24113) b7=(-3298,-3267,-24167) maul=(-3307,-3143,-24140) dpl=1024 pitch=-260 jaw=126 mo=4 af=83
FSYNC t=158 anker=(-3398,-23857) pl=(-3398,-2108,-23857) b6=(-3316,-3020,-24113) b7=(-3298,-3267,-24167) maul=(-3307,-3143,-24140) dpl=1088 pitch=-260 jaw=144 mo=4 af=84
FSYNC t=159 anker=(-3398,-23857) pl=(-3398,-2048,-23857) b6=(-3316,-3020,-24113) b7=(-3298,-3267,-24167) maul=(-3307,-3143,-24140) dpl=1136 pitch=-260 jaw=162 mo=4 af=85
FSYNC t=160 anker=(-3398,-23857) pl=(-3398,-1983,-23857) b6=(-3316,-3020,-24113) b7=(-3298,-3267,-24167) maul=(-3307,-3143,-24140) dpl=1200 pitch=-260 jaw=180 mo=4 af=86
FSYNC t=161 anker=(-3398,-23857) pl=(-3398,-1917,-23857) b6=(-3316,-3020,-24113) b7=(-3298,-3267,-24167) maul=(-3307,-3143,-24140) dpl=1264 pitch=-260 jaw=198 mo=4 af=87
FSYNC t=162 anker=(-3398,-23857) pl=(-3398,-1848,-23857) b6=(-3316,-3020,-24113) b7=(-3298,-3267,-24167) maul=(-3307,-3143,-24140) dpl=1344 pitch=-260 jaw=216 mo=4 af=88
FSYNC t=163 anker=(-3398,-23857) pl=(-3398,-1777,-23857) b6=(-3316,-3020,-24113) b7=(-3298,-3267,-24167) maul=(-3307,-3143,-24140) dpl=1408 pitch=-260 jaw=234 mo=4 af=89
FSYNC t=164 anker=(-3398,-23857) pl=(-3398,-1701,-23857) b6=(-3316,-3020,-24113) b7=(-3298,-3267,-24167) maul=(-3307,-3143,-24140) dpl=1488 pitch=-260 jaw=252 mo=4 af=90
FSYNC t=165 anker=(-3398,-23857) pl=(-3398,-1624,-23857) b6=(-3316,-3020,-24113) b7=(-3298,-3267,-24167) maul=(-3307,-3143,-24140) dpl=1552 pitch=-260 jaw=270 mo=4 af=91
FSYNC t=166 anker=(-3398,-23857) pl=(-3398,-1544,-23857) b6=(-3316,-3020,-24113) b7=(-3298,-3267,-24167) maul=(-3307,-3143,-24140) dpl=1632 pitch=-260 jaw=288 mo=4 af=92
FSYNC t=167 anker=(-3398,-23857) pl=(-3398,-1462,-23857) b6=(-3316,-3020,-24113) b7=(-3298,-3267,-24167) maul=(-3307,-3143,-24140) dpl=1712 pitch=-260 jaw=306 mo=4 af=93
TICK ph=8 pos=(-4198,-21385) y=-1200 dist=2598 mo=4 cd=0 rt=0 zw=0 ziel=(-4000,-22000)
FSYNC t=168 anker=(-3398,-23857) pl=(-3398,-1375,-23857) b6=(-3316,-3020,-24113) b7=(-3298,-3267,-24167) maul=(-3307,-3143,-24140) dpl=1808 pitch=-260 jaw=324 mo=4 af=94
FSYNC t=169 anker=(-3398,-23857) pl=(-3398,-1287,-23857) b6=(-3316,-3020,-24113) b7=(-3298,-3267,-24167) maul=(-3307,-3143,-24140) dpl=1888 pitch=-260 jaw=342 mo=4 af=95
FSYNC t=170 anker=(-3398,-23857) pl=(-3398,-1196,-23857) b6=(-3316,-3020,-24113) b7=(-3298,-3267,-24167) maul=(-3307,-3143,-24140) dpl=1984 pitch=-260 jaw=360 mo=4 af=96
FSYNC t=171 anker=(-3398,-23857) pl=(-3398,-1103,-23857) b6=(-3316,-3020,-24113) b7=(-3298,-3267,-24167) maul=(-3307,-3143,-24140) dpl=2064 pitch=-260 jaw=378 mo=4 af=97
FSYNC t=172 anker=(-3398,-23857) pl=(-3398,-1005,-23857) b6=(-3316,-3020,-24113) b7=(-3298,-3267,-24167) maul=(-3307,-3143,-24140) dpl=2160 pitch=-260 jaw=396 mo=4 af=98
FSYNC t=173 anker=(-3398,-23857) pl=(-3398,-906,-23857) b6=(-3316,-3020,-24113) b7=(-3298,-3267,-24167) maul=(-3307,-3143,-24140) dpl=2272 pitch=-260 jaw=414 mo=4 af=99
FSYNC t=174 anker=(-3398,-23857) pl=(-3398,-804,-23857) b6=(-3286,-3010,-24112) b7=(-3255,-3256,-24162) maul=(-3270,-3133,-24137) dpl=2352 pitch=-260 jaw=432 mo=4 af=1
FSYNC t=175 anker=(-3398,-23857) pl=(-3398,-804,-23857) b6=(-3204,-2985,-24102) b7=(-3136,-3226,-24141) maul=(-3170,-3105,-24121) dpl=2336 pitch=-260 jaw=432 mo=4 af=2
FSYNC t=176 anker=(-3398,-23857) pl=(-3398,-804,-23857) b6=(-3116,-2973,-24087) b7=(-3012,-3203,-24111) maul=(-3064,-3088,-24099) dpl=2336 pitch=-260 jaw=432 mo=4 af=3
FSYNC t=177 anker=(-3398,-23857) pl=(-3398,-804,-23857) b6=(-3071,-2993,-24074) b7=(-2951,-3215,-24090) maul=(-3011,-3104,-24082) dpl=2352 pitch=-260 jaw=432 mo=4 af=4
FSYNC t=178 anker=(-3398,-23857) pl=(-3398,-804,-23857) b6=(-3074,-3083,-24061) b7=(-2962,-3309,-24084) maul=(-3018,-3196,-24072) dpl=2432 pitch=-260 jaw=432 mo=4 af=5
FSYNC t=179 anker=(-3398,-23857) pl=(-3398,-804,-23857) b6=(-3103,-3225,-24043) b7=(-3012,-3457,-24084) maul=(-3057,-3341,-24063) dpl=2576 pitch=-260 jaw=432 mo=4 af=6
FSYNC t=180 anker=(-3398,-23857) pl=(-3398,-804,-23857) b6=(-3146,-3379,-24020) b7=(-3083,-3615,-24084) maul=(-3114,-3497,-24052) dpl=2720 pitch=-260 jaw=432 mo=4 af=7
FSYNC t=181 anker=(-3398,-23857) pl=(-3398,-804,-23857) b6=(-3199,-3508,-24005) b7=(-3163,-3743,-24090) maul=(-3181,-3625,-24047) dpl=2848 pitch=-260 jaw=432 mo=4 af=8
FSYNC t=182 anker=(-3398,-23857) pl=(-3398,-804,-23857) b6=(-3262,-3615,-23998) b7=(-3253,-3845,-24104) maul=(-3257,-3730,-24051) dpl=2944 pitch=-260 jaw=432 mo=4 af=9
FSYNC t=183 anker=(-3398,-23857) pl=(-3398,-804,-23857) b6=(-3330,-3723,-23987) b7=(-3350,-3941,-24115) maul=(-3340,-3832,-24051) dpl=3040 pitch=-260 jaw=432 mo=4 af=10
FSYNC t=184 anker=(-3398,-23857) pl=(-3398,-804,-23857) b6=(-3405,-3816,-23979) b7=(-3450,-4016,-24128) maul=(-3427,-3916,-24053) dpl=3120 pitch=-260 jaw=432 mo=4 af=11
FRESS-ENDE pl=(-3398,-804,-23857) nodraw=1 mask=0000
FSYNC t=185 anker=(-3398,-23857) pl=(-3398,-804,-23857) b6=(-3475,-3882,-23976) b7=(-3541,-4063,-24141) maul=(-3508,-3972,-24058) dpl=3184 pitch=-260 jaw=432 mo=4 af=12
