VORHER spielstart gen=1 raum=1170 | belegt pri_masken=0 pri_atlas=0 sld=0 msk=0 tim=0 gegner=0 esp_bank=0 esp_fx=0 esp_pool=0 re2fx=0 rdt=0 ton=0 bg=0 stimme=0 figur=0 rbj=0 bg_prev=0 re2ton=0 | fremd pri_masken=0 pri_atlas=0 sld=0 msk=0 tim=0 gegner=0 esp_bank=0 esp_fx=0 esp_pool=0 re2fx=0 rdt=0 ton=0 bg=0 stimme=0 figur=0 rbj=0 bg_prev=0 re2ton=0 | stimme_laeuft=0
SUMME seit=prozess bilder=362 bilder_mit_masken=0 bilder_fremd_belegt=0 fremd_belegt_max=0 bilder_fremde_masken_gezeichnet=0 fremde_masken_max=0
EREIGNIS spielstart gen=2 raum=1170 | belegt pri_masken=0 pri_atlas=0 sld=0 msk=0 tim=0 gegner=0 esp_bank=0 esp_fx=0 esp_pool=0 re2fx=0 rdt=0 ton=0 bg=0 stimme=0 figur=0 rbj=0 bg_prev=0 re2ton=0 | fremd pri_masken=0 pri_atlas=0 sld=0 msk=0 tim=0 gegner=0 esp_bank=0 esp_fx=0 esp_pool=0 re2fx=0 rdt=0 ton=0 bg=0 stimme=0 figur=0 rbj=0 bg_prev=0 re2ton=0
VORHER raum gen=2 raum=1170 | belegt pri_masken=0 pri_atlas=0 sld=0 msk=0 tim=8 gegner=0 esp_bank=0 esp_fx=0 esp_pool=0 re2fx=0 rdt=1 ton=0 bg=1 stimme=0 figur=0 rbj=1 bg_prev=0 re2ton=0 | fremd pri_masken=0 pri_atlas=0 sld=0 msk=0 tim=0 gegner=0 esp_bank=0 esp_fx=0 esp_pool=0 re2fx=0 rdt=0 ton=0 bg=0 stimme=0 figur=0 rbj=0 bg_prev=0 re2ton=0 | tim_slots 2 3 4 5 6 7 8 9 | rbj_datei raum=1170 bytes=55060 gen=2 | stimme_laeuft=0
SUMME seit=spielstart bilder=0 bilder_mit_masken=0 bilder_fremd_belegt=0 fremd_belegt_max=0 bilder_fremde_masken_gezeichnet=0 fremde_masken_max=0
EREIGNIS raum gen=3 raum=1170 | belegt pri_masken=0 pri_atlas=0 sld=0 msk=0 tim=0 gegner=0 esp_bank=0 esp_fx=0 esp_pool=0 re2fx=0 rdt=0 ton=0 bg=0 stimme=0 figur=0 rbj=0 bg_prev=0 re2ton=0 | fremd pri_masken=0 pri_atlas=0 sld=0 msk=0 tim=0 gegner=0 esp_bank=0 esp_fx=0 esp_pool=0 re2fx=0 rdt=0 ton=0 bg=0 stimme=0 figur=0 rbj=0 bg_prev=0 re2ton=0
VORHER spielende gen=3 raum=1240 | belegt pri_masken=0 pri_atlas=0 sld=0 msk=0 tim=2 gegner=0 esp_bank=1 esp_fx=0 esp_pool=0 re2fx=0 rdt=1 ton=0 bg=1 stimme=0 figur=0 rbj=0 bg_prev=1 re2ton=0 | fremd pri_masken=0 pri_atlas=0 sld=0 msk=0 tim=0 gegner=0 esp_bank=0 esp_fx=0 esp_pool=0 re2fx=0 rdt=0 ton=0 bg=0 stimme=0 figur=0 rbj=0 bg_prev=0 re2ton=0 | tim_slots 36 37 | stimme_laeuft=0
SUMME seit=raum bilder=321 bilder_mit_masken=0 bilder_fremd_belegt=0 fremd_belegt_max=0 bilder_fremde_masken_gezeichnet=0 fremde_masken_max=0
EREIGNIS spielende gen=4 raum=1240 | belegt pri_masken=0 pri_atlas=0 sld=0 msk=0 tim=0 gegner=0 esp_bank=0 esp_fx=0 esp_pool=0 re2fx=0 rdt=0 ton=0 bg=0 stimme=0 figur=0 rbj=0 bg_prev=0 re2ton=0 | fremd pri_masken=0 pri_atlas=0 sld=0 msk=0 tim=0 gegner=0 esp_bank=0 esp_fx=0 esp_pool=0 re2fx=0 rdt=0 ton=0 bg=0 stimme=0 figur=0 rbj=0 bg_prev=0 re2ton=0
VORHER spielstart gen=4 raum=1240 | belegt pri_masken=0 pri_atlas=0 sld=0 msk=0 tim=0 gegner=0 esp_bank=0 esp_fx=0 esp_pool=0 re2fx=0 rdt=0 ton=0 bg=0 stimme=0 figur=0 rbj=0 bg_prev=0 re2ton=0 | fremd pri_masken=0 pri_atlas=0 sld=0 msk=0 tim=0 gegner=0 esp_bank=0 esp_fx=0 esp_pool=0 re2fx=0 rdt=0 ton=0 bg=0 stimme=0 figur=0 rbj=0 bg_prev=0 re2ton=0 | stimme_laeuft=0
SUMME seit=spielende bilder=362 bilder_mit_masken=0 bilder_fremd_belegt=0 fremd_belegt_max=0 bilder_fremde_masken_gezeichnet=0 fremde_masken_max=0
EREIGNIS spielstart gen=5 raum=1240 | belegt pri_masken=0 pri_atlas=0 sld=0 msk=0 tim=0 gegner=0 esp_bank=0 esp_fx=0 esp_pool=0 re2fx=0 rdt=0 ton=0 bg=0 stimme=0 figur=0 rbj=0 bg_prev=0 re2ton=0 | fremd pri_masken=0 pri_atlas=0 sld=0 msk=0 tim=0 gegner=0 esp_bank=0 esp_fx=0 esp_pool=0 re2fx=0 rdt=0 ton=0 bg=0 stimme=0 figur=0 rbj=0 bg_prev=0 re2ton=0
VORHER raum gen=5 raum=1170 | belegt pri_masken=0 pri_atlas=0 sld=0 msk=0 tim=8 gegner=0 esp_bank=0 esp_fx=0 esp_pool=0 re2fx=0 rdt=1 ton=0 bg=1 stimme=0 figur=0 rbj=1 bg_prev=0 re2ton=0 | fremd pri_masken=0 pri_atlas=0 sld=0 msk=0 tim=0 gegner=0 esp_bank=0 esp_fx=0 esp_pool=0 re2fx=0 rdt=0 ton=0 bg=0 stimme=0 figur=0 rbj=0 bg_prev=0 re2ton=0 | tim_slots 2 3 4 5 6 7 8 9 | rbj_datei raum=1170 bytes=55060 gen=5 | stimme_laeuft=0
SUMME seit=spielstart bilder=0 bilder_mit_masken=0 bilder_fremd_belegt=0 fremd_belegt_max=0 bilder_fremde_masken_gezeichnet=0 fremde_masken_max=0
EREIGNIS raum gen=6 raum=1170 | belegt pri_masken=0 pri_atlas=0 sld=0 msk=0 tim=0 gegner=0 esp_bank=0 esp_fx=0 esp_pool=0 re2fx=0 rdt=0 ton=0 bg=0 stimme=0 figur=0 rbj=0 bg_prev=0 re2ton=0 | fremd pri_masken=0 pri_atlas=0 sld=0 msk=0 tim=0 gegner=0 esp_bank=0 esp_fx=0 esp_pool=0 re2fx=0 rdt=0 ton=0 bg=0 stimme=0 figur=0 rbj=0 bg_prev=0 re2ton=0
VORHER spielende gen=6 raum=1240 | belegt pri_masken=0 pri_atlas=0 sld=0 msk=0 tim=2 gegner=0 esp_bank=1 esp_fx=0 esp_pool=0 re2fx=0 rdt=1 ton=0 bg=1 stimme=0 figur=0 rbj=0 bg_prev=1 re2ton=0 | fremd pri_masken=0 pri_atlas=0 sld=0 msk=0 tim=0 gegner=0 esp_bank=0 esp_fx=0 esp_pool=0 re2fx=0 rdt=0 ton=0 bg=0 stimme=0 figur=0 rbj=0 bg_prev=0 re2ton=0 | tim_slots 36 37 | stimme_laeuft=0
SUMME seit=raum bilder=321 bilder_mit_masken=0 bilder_fremd_belegt=0 fremd_belegt_max=0 bilder_fremde_masken_gezeichnet=0 fremde_masken_max=0
EREIGNIS spielende gen=7 raum=1240 | belegt pri_masken=0 pri_atlas=0 sld=0 msk=0 tim=0 gegner=0 esp_bank=0 esp_fx=0 esp_pool=0 re2fx=0 rdt=0 ton=0 bg=0 stimme=0 figur=0 rbj=0 bg_prev=0 re2ton=0 | fremd pri_masken=0 pri_atlas=0 sld=0 msk=0 tim=0 gegner=0 esp_bank=0 esp_fx=0 esp_pool=0 re2fx=0 rdt=0 ton=0 bg=0 stimme=0 figur=0 rbj=0 bg_prev=0 re2ton=0
VORHER spielstart gen=7 raum=1240 | belegt pri_masken=0 pri_atlas=0 sld=0 msk=0 tim=0 gegner=0 esp_bank=0 esp_fx=0 esp_pool=0 re2fx=0 rdt=0 ton=0 bg=0 stimme=0 figur=0 rbj=0 bg_prev=0 re2ton=0 | fremd pri_masken=0 pri_atlas=0 sld=0 msk=0 tim=0 gegner=0 esp_bank=0 esp_fx=0 esp_pool=0 re2fx=0 rdt=0 ton=0 bg=0 stimme=0 figur=0 rbj=0 bg_prev=0 re2ton=0 | stimme_laeuft=0
SUMME seit=spielende bilder=362 bilder_mit_masken=0 bilder_fremd_belegt=0 fremd_belegt_max=0 bilder_fremde_masken_gezeichnet=0 fremde_masken_max=0
EREIGNIS spielstart gen=8 raum=1240 | belegt pri_masken=0 pri_atlas=0 sld=0 msk=0 tim=0 gegner=0 esp_bank=0 esp_fx=0 esp_pool=0 re2fx=0 rdt=0 ton=0 bg=0 stimme=0 figur=0 rbj=0 bg_prev=0 re2ton=0 | fremd pri_masken=0 pri_atlas=0 sld=0 msk=0 tim=0 gegner=0 esp_bank=0 esp_fx=0 esp_pool=0 re2fx=0 rdt=0 ton=0 bg=0 stimme=0 figur=0 rbj=0 bg_prev=0 re2ton=0
