VORHER spielstart gen=1 raum=1170 | belegt pri_masken=0 pri_atlas=0 sld=0 msk=0 tim=0 gegner=0 esp_bank=0 esp_fx=0 esp_pool=0 re2fx=0 rdt=0 | fremd pri_masken=0 pri_atlas=0 sld=0 msk=0 tim=0 gegner=0 esp_bank=0 esp_fx=0 esp_pool=0 re2fx=0 rdt=0
SUMME seit=prozess bilder=23 bilder_mit_masken=0 bilder_fremd_belegt=0 fremd_belegt_max=0 bilder_fremde_masken_gezeichnet=0 fremde_masken_max=0
EREIGNIS spielstart gen=2 raum=1170 | belegt pri_masken=0 pri_atlas=0 sld=0 msk=0 tim=0 gegner=0 esp_bank=0 esp_fx=0 esp_pool=0 re2fx=0 rdt=0 | fremd pri_masken=0 pri_atlas=0 sld=0 msk=0 tim=0 gegner=0 esp_bank=0 esp_fx=0 esp_pool=0 re2fx=0 rdt=0
VORHER raum gen=2 raum=1240 | belegt pri_masken=0 pri_atlas=0 sld=0 msk=0 tim=2 gegner=0 esp_bank=1 esp_fx=0 esp_pool=0 re2fx=0 rdt=0 | fremd pri_masken=0 pri_atlas=0 sld=0 msk=0 tim=0 gegner=0 esp_bank=0 esp_fx=0 esp_pool=0 re2fx=0 rdt=0
SUMME seit=spielstart bilder=5 bilder_mit_masken=0 bilder_fremd_belegt=0 fremd_belegt_max=0 bilder_fremde_masken_gezeichnet=0 fremde_masken_max=0
EREIGNIS raum gen=3 raum=1240 | belegt pri_masken=0 pri_atlas=0 sld=0 msk=0 tim=2 gegner=0 esp_bank=1 esp_fx=0 esp_pool=0 re2fx=0 rdt=0 | fremd pri_masken=0 pri_atlas=0 sld=0 msk=0 tim=2 gegner=0 esp_bank=1 esp_fx=0 esp_pool=0 re2fx=0 rdt=0
VORHER spielende gen=3 raum=1020 | belegt pri_masken=24 pri_atlas=1 sld=1 msk=0 tim=14 gegner=2 esp_bank=1 esp_fx=0 esp_pool=0 re2fx=0 rdt=1 | fremd pri_masken=0 pri_atlas=0 sld=0 msk=0 tim=0 gegner=0 esp_bank=0 esp_fx=0 esp_pool=0 re2fx=0 rdt=0
SUMME seit=raum bilder=301 bilder_mit_masken=116 bilder_fremd_belegt=0 fremd_belegt_max=0 bilder_fremde_masken_gezeichnet=0 fremde_masken_max=0
EREIGNIS spielende gen=4 raum=1020 | belegt pri_masken=24 pri_atlas=1 sld=1 msk=0 tim=14 gegner=2 esp_bank=1 esp_fx=0 esp_pool=0 re2fx=0 rdt=1 | fremd pri_masken=24 pri_atlas=1 sld=1 msk=0 tim=14 gegner=2 esp_bank=1 esp_fx=0 esp_pool=0 re2fx=0 rdt=1
VORHER spielstart gen=4 raum=1020 | belegt pri_masken=24 pri_atlas=1 sld=1 msk=0 tim=14 gegner=2 esp_bank=1 esp_fx=0 esp_pool=0 re2fx=0 rdt=1 | fremd pri_masken=24 pri_atlas=1 sld=1 msk=0 tim=14 gegner=2 esp_bank=1 esp_fx=0 esp_pool=0 re2fx=0 rdt=1
SUMME seit=spielende bilder=23 bilder_mit_masken=23 bilder_fremd_belegt=23 fremd_belegt_max=44 bilder_fremde_masken_gezeichnet=23 fremde_masken_max=24
EREIGNIS spielstart gen=5 raum=1020 | belegt pri_masken=24 pri_atlas=1 sld=1 msk=0 tim=14 gegner=2 esp_bank=1 esp_fx=0 esp_pool=0 re2fx=0 rdt=1 | fremd pri_masken=24 pri_atlas=1 sld=1 msk=0 tim=14 gegner=2 esp_bank=1 esp_fx=0 esp_pool=0 re2fx=0 rdt=1
BILD 1 gen=5 raum=1240 modus=4 masken_gezeichnet=0 (gen 3) fremd_gezeichnet=0 | belegt pri_masken=0 pri_atlas=0 sld=0 msk=0 tim=14 gegner=0 esp_bank=1 esp_fx=0 esp_pool=0 re2fx=0 rdt=1 | fremd pri_masken=0 pri_atlas=0 sld=0 msk=0 tim=12 gegner=0 esp_bank=0 esp_fx=0 esp_pool=0 re2fx=0 rdt=1
BILD 30 gen=5 raum=1240 modus=4 masken_gezeichnet=0 (gen 3) fremd_gezeichnet=0 | belegt pri_masken=0 pri_atlas=0 sld=0 msk=0 tim=14 gegner=0 esp_bank=1 esp_fx=0 esp_pool=0 re2fx=0 rdt=1 | fremd pri_masken=0 pri_atlas=0 sld=0 msk=0 tim=12 gegner=0 esp_bank=0 esp_fx=0 esp_pool=0 re2fx=0 rdt=1
BILD 60 gen=5 raum=1240 modus=4 masken_gezeichnet=0 (gen 3) fremd_gezeichnet=0 | belegt pri_masken=0 pri_atlas=0 sld=0 msk=0 tim=14 gegner=0 esp_bank=1 esp_fx=0 esp_pool=0 re2fx=0 rdt=1 | fremd pri_masken=0 pri_atlas=0 sld=0 msk=0 tim=12 gegner=0 esp_bank=0 esp_fx=0 esp_pool=0 re2fx=0 rdt=1
BILD 90 gen=5 raum=1240 modus=4 masken_gezeichnet=0 (gen 3) fremd_gezeichnet=0 | belegt pri_masken=0 pri_atlas=0 sld=0 msk=0 tim=14 gegner=0 esp_bank=1 esp_fx=0 esp_pool=0 re2fx=0 rdt=1 | fremd pri_masken=0 pri_atlas=0 sld=0 msk=0 tim=12 gegner=0 esp_bank=0 esp_fx=0 esp_pool=0 re2fx=0 rdt=1
BILD 120 gen=5 raum=1240 modus=4 masken_gezeichnet=0 (gen 3) fremd_gezeichnet=0 | belegt pri_masken=0 pri_atlas=0 sld=0 msk=0 tim=14 gegner=0 esp_bank=1 esp_fx=0 esp_pool=0 re2fx=0 rdt=1 | fremd pri_masken=0 pri_atlas=0 sld=0 msk=0 tim=12 gegner=0 esp_bank=0 esp_fx=0 esp_pool=0 re2fx=0 rdt=1
BILD 150 gen=5 raum=1240 modus=4 masken_gezeichnet=0 (gen 3) fremd_gezeichnet=0 | belegt pri_masken=0 pri_atlas=0 sld=0 msk=0 tim=14 gegner=0 esp_bank=1 esp_fx=0 esp_pool=0 re2fx=0 rdt=1 | fremd pri_masken=0 pri_atlas=0 sld=0 msk=0 tim=12 gegner=0 esp_bank=0 esp_fx=0 esp_pool=0 re2fx=0 rdt=1
BILD 180 gen=5 raum=1240 modus=4 masken_gezeichnet=0 (gen 3) fremd_gezeichnet=0 | belegt pri_masken=0 pri_atlas=0 sld=0 msk=0 tim=14 gegner=0 esp_bank=1 esp_fx=0 esp_pool=0 re2fx=0 rdt=1 | fremd pri_masken=0 pri_atlas=0 sld=0 msk=0 tim=12 gegner=0 esp_bank=0 esp_fx=0 esp_pool=0 re2fx=0 rdt=1
BILD 210 gen=5 raum=1240 modus=4 masken_gezeichnet=0 (gen 3) fremd_gezeichnet=0 | belegt pri_masken=0 pri_atlas=0 sld=0 msk=0 tim=14 gegner=0 esp_bank=1 esp_fx=0 esp_pool=0 re2fx=0 rdt=1 | fremd pri_masken=0 pri_atlas=0 sld=0 msk=0 tim=12 gegner=0 esp_bank=0 esp_fx=0 esp_pool=0 re2fx=0 rdt=1
BILD 240 gen=5 raum=1240 modus=4 masken_gezeichnet=0 (gen 3) fremd_gezeichnet=0 | belegt pri_masken=0 pri_atlas=0 sld=0 msk=0 tim=14 gegner=0 esp_bank=1 esp_fx=0 esp_pool=0 re2fx=0 rdt=1 | fremd pri_masken=0 pri_atlas=0 sld=0 msk=0 tim=12 gegner=0 esp_bank=0 esp_fx=0 esp_pool=0 re2fx=0 rdt=1
BILD 270 gen=5 raum=1240 modus=4 masken_gezeichnet=0 (gen 3) fremd_gezeichnet=0 | belegt pri_masken=0 pri_atlas=0 sld=0 msk=0 tim=14 gegner=0 esp_bank=1 esp_fx=0 esp_pool=0 re2fx=0 rdt=1 | fremd pri_masken=0 pri_atlas=0 sld=0 msk=0 tim=12 gegner=0 esp_bank=0 esp_fx=0 esp_pool=0 re2fx=0 rdt=1
BILD 300 gen=5 raum=1240 modus=4 masken_gezeichnet=0 (gen 3) fremd_gezeichnet=0 | belegt pri_masken=0 pri_atlas=0 sld=0 msk=0 tim=14 gegner=0 esp_bank=1 esp_fx=0 esp_pool=0 re2fx=0 rdt=1 | fremd pri_masken=0 pri_atlas=0 sld=0 msk=0 tim=12 gegner=0 esp_bank=0 esp_fx=0 esp_pool=0 re2fx=0 rdt=1
VORHER spielende gen=5 raum=1240 | belegt pri_masken=0 pri_atlas=0 sld=0 msk=0 tim=14 gegner=0 esp_bank=1 esp_fx=0 esp_pool=0 re2fx=0 rdt=1 | fremd pri_masken=0 pri_atlas=0 sld=0 msk=0 tim=12 gegner=0 esp_bank=0 esp_fx=0 esp_pool=0 re2fx=0 rdt=1
SUMME seit=spielstart bilder=301 bilder_mit_masken=0 bilder_fremd_belegt=301 fremd_belegt_max=13 bilder_fremde_masken_gezeichnet=0 fremde_masken_max=0
EREIGNIS spielende gen=6 raum=1240 | belegt pri_masken=0 pri_atlas=0 sld=0 msk=0 tim=14 gegner=0 esp_bank=1 esp_fx=0 esp_pool=0 re2fx=0 rdt=1 | fremd pri_masken=0 pri_atlas=0 sld=0 msk=0 tim=14 gegner=0 esp_bank=1 esp_fx=0 esp_pool=0 re2fx=0 rdt=1
BILD 1 gen=6 raum=1240 modus=1 masken_gezeichnet=0 (gen 3) fremd_gezeichnet=0 | belegt pri_masken=0 pri_atlas=0 sld=0 msk=0 tim=14 gegner=0 esp_bank=1 esp_fx=0 esp_pool=0 re2fx=0 rdt=1 | fremd pri_masken=0 pri_atlas=0 sld=0 msk=0 tim=14 gegner=0 esp_bank=1 esp_fx=0 esp_pool=0 re2fx=0 rdt=1
VORHER spielstart gen=6 raum=1240 | belegt pri_masken=0 pri_atlas=0 sld=0 msk=0 tim=14 gegner=0 esp_bank=1 esp_fx=0 esp_pool=0 re2fx=0 rdt=1 | fremd pri_masken=0 pri_atlas=0 sld=0 msk=0 tim=14 gegner=0 esp_bank=1 esp_fx=0 esp_pool=0 re2fx=0 rdt=1
SUMME seit=spielende bilder=23 bilder_mit_masken=0 bilder_fremd_belegt=23 fremd_belegt_max=16 bilder_fremde_masken_gezeichnet=0 fremde_masken_max=0
EREIGNIS spielstart gen=7 raum=1240 | belegt pri_masken=0 pri_atlas=0 sld=0 msk=0 tim=14 gegner=0 esp_bank=1 esp_fx=0 esp_pool=0 re2fx=0 rdt=1 | fremd pri_masken=0 pri_atlas=0 sld=0 msk=0 tim=14 gegner=0 esp_bank=1 esp_fx=0 esp_pool=0 re2fx=0 rdt=1
