VORHER spielstart gen=1 raum=1170 | belegt pri_masken=0 pri_atlas=0 sld=0 msk=0 tim=0 gegner=0 esp_bank=0 esp_fx=0 esp_pool=0 re2fx=0 rdt=0 | fremd pri_masken=0 pri_atlas=0 sld=0 msk=0 tim=0 gegner=0 esp_bank=0 esp_fx=0 esp_pool=0 re2fx=0 rdt=0
SUMME seit=prozess bilder=61 bilder_mit_masken=0 bilder_fremd_belegt=0 fremd_belegt_max=0 bilder_fremde_masken_gezeichnet=0 fremde_masken_max=0
EREIGNIS spielstart gen=2 raum=1170 | belegt pri_masken=0 pri_atlas=0 sld=0 msk=0 tim=0 gegner=0 esp_bank=0 esp_fx=0 esp_pool=0 re2fx=0 rdt=0 | fremd pri_masken=0 pri_atlas=0 sld=0 msk=0 tim=0 gegner=0 esp_bank=0 esp_fx=0 esp_pool=0 re2fx=0 rdt=0
VORHER raum gen=2 raum=1240 | belegt pri_masken=0 pri_atlas=0 sld=0 msk=0 tim=2 gegner=0 esp_bank=1 esp_fx=0 esp_pool=0 re2fx=0 rdt=0 | fremd pri_masken=0 pri_atlas=0 sld=0 msk=0 tim=0 gegner=0 esp_bank=0 esp_fx=0 esp_pool=0 re2fx=0 rdt=0
SUMME seit=spielstart bilder=5 bilder_mit_masken=0 bilder_fremd_belegt=0 fremd_belegt_max=0 bilder_fremde_masken_gezeichnet=0 fremde_masken_max=0
EREIGNIS raum gen=3 raum=1240 | belegt pri_masken=0 pri_atlas=0 sld=0 msk=0 tim=2 gegner=0 esp_bank=1 esp_fx=0 esp_pool=0 re2fx=0 rdt=0 | fremd pri_masken=0 pri_atlas=0 sld=0 msk=0 tim=2 gegner=0 esp_bank=1 esp_fx=0 esp_pool=0 re2fx=0 rdt=0
VORHER spielende gen=3 raum=1020 | belegt pri_masken=24 pri_atlas=1 sld=1 msk=0 tim=14 gegner=2 esp_bank=1 esp_fx=0 esp_pool=0 re2fx=0 rdt=1 | fremd pri_masken=0 pri_atlas=0 sld=0 msk=0 tim=0 gegner=0 esp_bank=0 esp_fx=0 esp_pool=0 re2fx=0 rdt=0
SUMME seit=raum bilder=301 bilder_mit_masken=116 bilder_fremd_belegt=0 fremd_belegt_max=0 bilder_fremde_masken_gezeichnet=0 fremde_masken_max=0
EREIGNIS spielende gen=4 raum=1020 | belegt pri_masken=24 pri_atlas=1 sld=1 msk=0 tim=14 gegner=2 esp_bank=1 esp_fx=0 esp_pool=0 re2fx=0 rdt=1 | fremd pri_masken=24 pri_atlas=1 sld=1 msk=0 tim=14 gegner=2 esp_bank=1 esp_fx=0 esp_pool=0 re2fx=0 rdt=1
BILD 1 gen=4 raum=1020 modus=1 masken_gezeichnet=24 (gen 3) fremd_gezeichnet=24 | belegt pri_masken=24 pri_atlas=1 sld=1 msk=0 tim=14 gegner=2 esp_bank=1 esp_fx=0 esp_pool=0 re2fx=0 rdt=1 | fremd pri_masken=24 pri_atlas=1 sld=1 msk=0 tim=14 gegner=2 esp_bank=1 esp_fx=0 esp_pool=0 re2fx=0 rdt=1
BILD 30 gen=4 raum=1020 modus=1 masken_gezeichnet=24 (gen 3) fremd_gezeichnet=24 | belegt pri_masken=24 pri_atlas=1 sld=1 msk=0 tim=14 gegner=2 esp_bank=1 esp_fx=0 esp_pool=0 re2fx=0 rdt=1 | fremd pri_masken=24 pri_atlas=1 sld=1 msk=0 tim=14 gegner=2 esp_bank=1 esp_fx=0 esp_pool=0 re2fx=0 rdt=1
BILD 60 gen=4 raum=1020 modus=1 masken_gezeichnet=24 (gen 3) fremd_gezeichnet=24 | belegt pri_masken=24 pri_atlas=1 sld=1 msk=0 tim=14 gegner=2 esp_bank=1 esp_fx=0 esp_pool=0 re2fx=0 rdt=1 | fremd pri_masken=24 pri_atlas=1 sld=1 msk=0 tim=14 gegner=2 esp_bank=1 esp_fx=0 esp_pool=0 re2fx=0 rdt=1
BILD 90 gen=4 raum=1020 modus=1 masken_gezeichnet=24 (gen 3) fremd_gezeichnet=24 | belegt pri_masken=24 pri_atlas=1 sld=1 msk=0 tim=14 gegner=2 esp_bank=1 esp_fx=0 esp_pool=0 re2fx=0 rdt=1 | fremd pri_masken=24 pri_atlas=1 sld=1 msk=0 tim=14 gegner=2 esp_bank=1 esp_fx=0 esp_pool=0 re2fx=0 rdt=1
BILD 120 gen=4 raum=1020 modus=1 masken_gezeichnet=24 (gen 3) fremd_gezeichnet=24 | belegt pri_masken=24 pri_atlas=1 sld=1 msk=0 tim=14 gegner=2 esp_bank=1 esp_fx=0 esp_pool=0 re2fx=0 rdt=1 | fremd pri_masken=24 pri_atlas=1 sld=1 msk=0 tim=14 gegner=2 esp_bank=1 esp_fx=0 esp_pool=0 re2fx=0 rdt=1
BILD 150 gen=4 raum=1020 modus=1 masken_gezeichnet=24 (gen 3) fremd_gezeichnet=24 | belegt pri_masken=24 pri_atlas=1 sld=1 msk=0 tim=14 gegner=2 esp_bank=1 esp_fx=0 esp_pool=0 re2fx=0 rdt=1 | fremd pri_masken=24 pri_atlas=1 sld=1 msk=0 tim=14 gegner=2 esp_bank=1 esp_fx=0 esp_pool=0 re2fx=0 rdt=1
BILD 180 gen=4 raum=1020 modus=1 masken_gezeichnet=24 (gen 3) fremd_gezeichnet=24 | belegt pri_masken=24 pri_atlas=1 sld=1 msk=0 tim=14 gegner=2 esp_bank=1 esp_fx=0 esp_pool=0 re2fx=0 rdt=1 | fremd pri_masken=24 pri_atlas=1 sld=1 msk=0 tim=14 gegner=2 esp_bank=1 esp_fx=0 esp_pool=0 re2fx=0 rdt=1
BILD 210 gen=4 raum=1020 modus=1 masken_gezeichnet=24 (gen 3) fremd_gezeichnet=24 | belegt pri_masken=24 pri_atlas=1 sld=1 msk=0 tim=14 gegner=2 esp_bank=1 esp_fx=0 esp_pool=0 re2fx=0 rdt=1 | fremd pri_masken=24 pri_atlas=1 sld=1 msk=0 tim=14 gegner=2 esp_bank=1 esp_fx=0 esp_pool=0 re2fx=0 rdt=1
BILD 240 gen=4 raum=1020 modus=1 masken_gezeichnet=24 (gen 3) fremd_gezeichnet=24 | belegt pri_masken=24 pri_atlas=1 sld=1 msk=0 tim=14 gegner=2 esp_bank=1 esp_fx=0 esp_pool=0 re2fx=0 rdt=1 | fremd pri_masken=24 pri_atlas=1 sld=1 msk=0 tim=14 gegner=2 esp_bank=1 esp_fx=0 esp_pool=0 re2fx=0 rdt=1
BILD 270 gen=4 raum=1020 modus=1 masken_gezeichnet=24 (gen 3) fremd_gezeichnet=24 | belegt pri_masken=24 pri_atlas=1 sld=1 msk=0 tim=14 gegner=2 esp_bank=1 esp_fx=0 esp_pool=0 re2fx=0 rdt=1 | fremd pri_masken=24 pri_atlas=1 sld=1 msk=0 tim=14 gegner=2 esp_bank=1 esp_fx=0 esp_pool=0 re2fx=0 rdt=1
BILD 300 gen=4 raum=1020 modus=1 masken_gezeichnet=24 (gen 3) fremd_gezeichnet=24 | belegt pri_masken=24 pri_atlas=1 sld=1 msk=0 tim=14 gegner=2 esp_bank=1 esp_fx=0 esp_pool=0 re2fx=0 rdt=1 | fremd pri_masken=24 pri_atlas=1 sld=1 msk=0 tim=14 gegner=2 esp_bank=1 esp_fx=0 esp_pool=0 re2fx=0 rdt=1
BILD 330 gen=4 raum=1020 modus=1 masken_gezeichnet=24 (gen 3) fremd_gezeichnet=24 | belegt pri_masken=24 pri_atlas=1 sld=1 msk=0 tim=14 gegner=2 esp_bank=1 esp_fx=0 esp_pool=0 re2fx=0 rdt=1 | fremd pri_masken=24 pri_atlas=1 sld=1 msk=0 tim=14 gegner=2 esp_bank=1 esp_fx=0 esp_pool=0 re2fx=0 rdt=1
BILD 360 gen=4 raum=1020 modus=1 masken_gezeichnet=24 (gen 3) fremd_gezeichnet=24 | belegt pri_masken=24 pri_atlas=1 sld=1 msk=0 tim=14 gegner=2 esp_bank=1 esp_fx=0 esp_pool=0 re2fx=0 rdt=1 | fremd pri_masken=24 pri_atlas=1 sld=1 msk=0 tim=14 gegner=2 esp_bank=1 esp_fx=0 esp_pool=0 re2fx=0 rdt=1
BILD 390 gen=4 raum=1020 modus=1 masken_gezeichnet=24 (gen 3) fremd_gezeichnet=24 | belegt pri_masken=24 pri_atlas=1 sld=1 msk=0 tim=14 gegner=2 esp_bank=1 esp_fx=0 esp_pool=0 re2fx=0 rdt=1 | fremd pri_masken=24 pri_atlas=1 sld=1 msk=0 tim=14 gegner=2 esp_bank=1 esp_fx=0 esp_pool=0 re2fx=0 rdt=1
BILD 420 gen=4 raum=1020 modus=1 masken_gezeichnet=24 (gen 3) fremd_gezeichnet=24 | belegt pri_masken=24 pri_atlas=1 sld=1 msk=0 tim=14 gegner=2 esp_bank=1 esp_fx=0 esp_pool=0 re2fx=0 rdt=1 | fremd pri_masken=24 pri_atlas=1 sld=1 msk=0 tim=14 gegner=2 esp_bank=1 esp_fx=0 esp_pool=0 re2fx=0 rdt=1
BILD 450 gen=4 raum=1020 modus=1 masken_gezeichnet=24 (gen 3) fremd_gezeichnet=24 | belegt pri_masken=24 pri_atlas=1 sld=1 msk=0 tim=14 gegner=2 esp_bank=1 esp_fx=0 esp_pool=0 re2fx=0 rdt=1 | fremd pri_masken=24 pri_atlas=1 sld=1 msk=0 tim=14 gegner=2 esp_bank=1 esp_fx=0 esp_pool=0 re2fx=0 rdt=1
BILD 480 gen=4 raum=1020 modus=1 masken_gezeichnet=24 (gen 3) fremd_gezeichnet=24 | belegt pri_masken=24 pri_atlas=1 sld=1 msk=0 tim=14 gegner=2 esp_bank=1 esp_fx=0 esp_pool=0 re2fx=0 rdt=1 | fremd pri_masken=24 pri_atlas=1 sld=1 msk=0 tim=14 gegner=2 esp_bank=1 esp_fx=0 esp_pool=0 re2fx=0 rdt=1
BILD 510 gen=4 raum=1020 modus=1 masken_gezeichnet=24 (gen 3) fremd_gezeichnet=24 | belegt pri_masken=24 pri_atlas=1 sld=1 msk=0 tim=14 gegner=2 esp_bank=1 esp_fx=0 esp_pool=0 re2fx=0 rdt=1 | fremd pri_masken=24 pri_atlas=1 sld=1 msk=0 tim=14 gegner=2 esp_bank=1 esp_fx=0 esp_pool=0 re2fx=0 rdt=1
BILD 540 gen=4 raum=1020 modus=1 masken_gezeichnet=24 (gen 3) fremd_gezeichnet=24 | belegt pri_masken=24 pri_atlas=1 sld=1 msk=0 tim=14 gegner=2 esp_bank=1 esp_fx=0 esp_pool=0 re2fx=0 rdt=1 | fremd pri_masken=24 pri_atlas=1 sld=1 msk=0 tim=14 gegner=2 esp_bank=1 esp_fx=0 esp_pool=0 re2fx=0 rdt=1
BILD 570 gen=4 raum=1020 modus=1 masken_gezeichnet=24 (gen 3) fremd_gezeichnet=24 | belegt pri_masken=24 pri_atlas=1 sld=1 msk=0 tim=14 gegner=2 esp_bank=1 esp_fx=0 esp_pool=0 re2fx=0 rdt=1 | fremd pri_masken=24 pri_atlas=1 sld=1 msk=0 tim=14 gegner=2 esp_bank=1 esp_fx=0 esp_pool=0 re2fx=0 rdt=1
VORHER spielstart gen=4 raum=1020 | belegt pri_masken=24 pri_atlas=1 sld=1 msk=0 tim=14 gegner=2 esp_bank=1 esp_fx=0 esp_pool=0 re2fx=0 rdt=1 | fremd pri_masken=24 pri_atlas=1 sld=1 msk=0 tim=14 gegner=2 esp_bank=1 esp_fx=0 esp_pool=0 re2fx=0 rdt=1
SUMME seit=spielende bilder=599 bilder_mit_masken=599 bilder_fremd_belegt=599 fremd_belegt_max=44 bilder_fremde_masken_gezeichnet=599 fremde_masken_max=24
EREIGNIS spielstart gen=5 raum=1020 | belegt pri_masken=24 pri_atlas=1 sld=1 msk=0 tim=14 gegner=2 esp_bank=1 esp_fx=0 esp_pool=0 re2fx=0 rdt=1 | fremd pri_masken=24 pri_atlas=1 sld=1 msk=0 tim=14 gegner=2 esp_bank=1 esp_fx=0 esp_pool=0 re2fx=0 rdt=1
