--- Geometrie-Record-ARRAYS + Pattern je Item (Gruppe 0 DOWN / 1 LEVEL / 2 UP)
 item 0: (keine gueltigen Zeiger - Tabellenzeile 0 ist Datenwort)
 item 1:
   grp0 rec@800a657c pat@800a6608 = ff/6 00/1 01/1 02/1 03/1 04/1 00/255
      [0] 800a657c flags=08 00 00 boxes=[(50, 500, 326, 121), (0, 0, 0, 0), (0, 0, 0, 0)]
      [1] 800a6598 flags=04 00 00 boxes=[(450, 350, 386, 145), (0, 0, 0, 0), (0, 0, 0, 0)]
      [2] 800a65b4 flags=04 00 00 boxes=[(400, 100, 386, 145), (0, 0, 0, 0), (0, 0, 0, 0)]
      [3] 800a65d0 flags=04 00 00 boxes=[(950, -50, 396, 161), (0, 0, 0, 0), (0, 0, 0, 0)]
      [4] 800a65ec flags=04 00 00 boxes=[(500, -150, 266, 121), (0, 0, 0, 0), (0, 0, 0, 0)]
   grp1 rec@800a63a8 pat@800a6434 = ff/6 00/1 01/1 02/1 03/1 04/1 00/255
      [0] 800a63a8 flags=08 00 00 boxes=[(250, 800, 426, 121), (0, 0, 0, 0), (0, 0, 0, 0)]
      [1] 800a63c4 flags=08 00 00 boxes=[(700, 800, 426, 121), (0, 0, 0, 0), (0, 0, 0, 0)]
      [2] 800a63e0 flags=08 00 00 boxes=[(1150, 300, 426, 121), (0, 0, 0, 0), (0, 0, 0, 0)]
      [3] 800a63fc flags=08 00 00 boxes=[(1250, 0, 426, 121), (0, 0, 0, 0), (0, 0, 0, 0)]
      [4] 800a6418 flags=08 00 00 boxes=[(1050, -200, 426, 121), (0, 0, 0, 0), (0, 0, 0, 0)]
   grp2 rec@800a64e0 pat@800a656c = ff/6 00/1 01/1 02/1 03/1 04/1 00/255
      [0] 800a64e0 flags=80 00 00 boxes=[(-500, 800, 326, 121), (0, 0, 0, 0), (0, 0, 0, 0)]
      [1] 800a64fc flags=10 00 00 boxes=[(0, 1100, 362, 121), (0, 0, 0, 0), (0, 0, 0, 0)]
      [2] 800a6518 flags=10 00 00 boxes=[(700, 800, 410, 157), (0, 0, 0, 0), (0, 0, 0, 0)]
      [3] 800a6534 flags=10 00 00 boxes=[(300, -100, 410, 157), (0, 0, 0, 0), (0, 0, 0, 0)]
      [4] 800a6550 flags=10 00 00 boxes=[(1050, -550, 326, 121), (0, 0, 0, 0), (0, 0, 0, 0)]
 item 2:
   grp0 rec@800a6618 pat@800a666c = 00/1 00/255
      [0] 800a6618 flags=04 02 01 boxes=[(100, 0, 1000, 375), (4100, 0, 1000, 500), (8100, 0, 2500, 625)]
   grp1 rec@800a6634 pat@800a666c = 00/1 00/255
      [0] 800a6634 flags=08 08 08 boxes=[(200, 0, 1000, 375), (4200, 0, 1000, 500), (8200, 0, 7500, 625)]
   grp2 rec@800a6650 pat@800a666c = 00/1 00/255
      [0] 800a6650 flags=10 20 40 boxes=[(100, 0, 1000, 375), (4100, 0, 1000, 500), (8200, 0, 2500, 625)]
 item 3:
   grp0 rec@800a6618 pat@800a666c = 00/1 00/255
      [0] 800a6618 flags=04 02 01 boxes=[(100, 0, 1000, 375), (4100, 0, 1000, 500), (8100, 0, 2500, 625)]
   grp1 rec@800a6634 pat@800a666c = 00/1 00/255
      [0] 800a6634 flags=08 08 08 boxes=[(200, 0, 1000, 375), (4200, 0, 1000, 500), (8200, 0, 7500, 625)]
   grp2 rec@800a6650 pat@800a666c = 00/1 00/255
      [0] 800a6650 flags=10 20 40 boxes=[(100, 0, 1000, 375), (4100, 0, 1000, 500), (8200, 0, 2500, 625)]
 item 4:
   grp0 rec@800a6618 pat@800a666c = 00/1 00/255
      [0] 800a6618 flags=04 02 01 boxes=[(100, 0, 1000, 375), (4100, 0, 1000, 500), (8100, 0, 2500, 625)]
   grp1 rec@800a6634 pat@800a666c = 00/1 00/255
      [0] 800a6634 flags=08 08 08 boxes=[(200, 0, 1000, 375), (4200, 0, 1000, 500), (8200, 0, 7500, 625)]
   grp2 rec@800a6650 pat@800a666c = 00/1 00/255
      [0] 800a6650 flags=10 20 40 boxes=[(100, 0, 1000, 375), (4100, 0, 1000, 500), (8200, 0, 2500, 625)]
 item 5:
   grp0 rec@800a6670 pat@800a66c4 = 00/1 00/255
      [0] 800a6670 flags=04 02 01 boxes=[(100, 0, 1000, 125), (4100, 0, 1000, 150), (8100, 0, 2500, 175)]
   grp1 rec@800a668c pat@800a66c4 = 00/1 00/255
      [0] 800a668c flags=08 08 08 boxes=[(200, 0, 1000, 125), (4200, 0, 1000, 150), (7200, 0, 7500, 175)]
   grp2 rec@800a66a8 pat@800a66c4 = 00/1 00/255
      [0] 800a66a8 flags=10 20 40 boxes=[(100, 0, 1000, 125), (4100, 0, 1000, 150), (8100, 0, 2500, 175)]
 item 6:
   grp0 rec@800a66c8 pat@800a671c = 00/1 00/1 00/1 00/255
      [0] 800a66c8 flags=04 02 01 boxes=[(100, 0, 1000, 125), (4100, 0, 1000, 150), (8100, 0, 2500, 175)]
   grp1 rec@800a66e4 pat@800a671c = 00/1 00/1 00/1 00/255
      [0] 800a66e4 flags=08 08 08 boxes=[(200, 0, 1000, 125), (4200, 0, 1000, 150), (7200, 0, 7500, 175)]
   grp2 rec@800a6700 pat@800a671c = 00/1 00/1 00/1 00/255
      [0] 800a6700 flags=10 20 40 boxes=[(100, 0, 1000, 125), (4100, 0, 1000, 150), (8100, 0, 2500, 175)]
 item 7:
   grp0 rec@800a6724 pat@800a6778 = 00/1 ff/1 00/1 ff/1 00/1 ff/1 00/255
      [0] 800a6724 flags=04 02 01 boxes=[(100, 0, 1000, 500), (4100, 0, 1000, 750), (8100, 0, 2500, 1000)]
   grp1 rec@800a6740 pat@800a6778 = 00/1 ff/1 00/1 ff/1 00/1 ff/1 00/255
      [0] 800a6740 flags=08 08 08 boxes=[(200, 0, 1000, 625), (4200, 0, 1000, 875), (8200, 0, 7500, 1125)]
   grp2 rec@800a675c pat@800a6778 = 00/1 ff/1 00/1 ff/1 00/1 ff/1 00/255
      [0] 800a675c flags=10 20 40 boxes=[(100, 0, 750, 500), (3100, 0, 1500, 750), (9100, 0, 2500, 1000)]
 item 8:
   grp0 rec@800a6788 pat@800a67dc = 00/1 ff/1 00/1 ff/1 00/1 ff/1 00/1 ff/1 00/255
      [0] 800a6788 flags=04 02 01 boxes=[(100, 0, 1000, 500), (4100, 0, 1000, 875), (8100, 0, 2500, 1125)]
   grp1 rec@800a67a4 pat@800a67dc = 00/1 ff/1 00/1 ff/1 00/1 ff/1 00/1 ff/1 00/255
      [0] 800a67a4 flags=08 08 08 boxes=[(200, 0, 1000, 625), (4200, 0, 1000, 1000), (8200, 0, 7500, 1250)]
   grp2 rec@800a67c0 pat@800a67dc = 00/1 ff/1 00/1 ff/1 00/1 ff/1 00/1 ff/1 00/255
      [0] 800a67c0 flags=10 20 40 boxes=[(100, 0, 750, 500), (3100, 0, 1000, 875), (7100, 0, 2500, 1125)]
 item 9:
   grp0 rec@800a6350 pat@800a63a4 = 00/255
      [0] 800a6350 flags=00 00 00 boxes=[(0, 0, 0, 0), (0, 0, 0, 0), (0, 0, 0, 0)]
   grp1 rec@800a6350 pat@800a63a4 = 00/255
      [0] 800a6350 flags=00 00 00 boxes=[(0, 0, 0, 0), (0, 0, 0, 0), (0, 0, 0, 0)]
   grp2 rec@800a6350 pat@800a63a4 = 00/255
      [0] 800a6350 flags=00 00 00 boxes=[(0, 0, 0, 0), (0, 0, 0, 0), (0, 0, 0, 0)]
 item10:
   grp0 rec@800a6350 pat@800a63a4 = 00/255
      [0] 800a6350 flags=00 00 00 boxes=[(0, 0, 0, 0), (0, 0, 0, 0), (0, 0, 0, 0)]
   grp1 rec@800a6350 pat@800a63a4 = 00/255
      [0] 800a6350 flags=00 00 00 boxes=[(0, 0, 0, 0), (0, 0, 0, 0), (0, 0, 0, 0)]
   grp2 rec@800a6350 pat@800a63a4 = 00/255
      [0] 800a6350 flags=00 00 00 boxes=[(0, 0, 0, 0), (0, 0, 0, 0), (0, 0, 0, 0)]
 item11:
   grp0 rec@800a6350 pat@800a63a4 = 00/255
      [0] 800a6350 flags=00 00 00 boxes=[(0, 0, 0, 0), (0, 0, 0, 0), (0, 0, 0, 0)]
   grp1 rec@800a6350 pat@800a63a4 = 00/255
      [0] 800a6350 flags=00 00 00 boxes=[(0, 0, 0, 0), (0, 0, 0, 0), (0, 0, 0, 0)]
   grp2 rec@800a6350 pat@800a63a4 = 00/255
      [0] 800a6350 flags=00 00 00 boxes=[(0, 0, 0, 0), (0, 0, 0, 0), (0, 0, 0, 0)]
 item12:
   grp0 rec@800a6350 pat@800a63a4 = 00/255
      [0] 800a6350 flags=00 00 00 boxes=[(0, 0, 0, 0), (0, 0, 0, 0), (0, 0, 0, 0)]
   grp1 rec@800a6350 pat@800a63a4 = 00/255
      [0] 800a6350 flags=00 00 00 boxes=[(0, 0, 0, 0), (0, 0, 0, 0), (0, 0, 0, 0)]
   grp2 rec@800a6350 pat@800a63a4 = 00/255
      [0] 800a6350 flags=00 00 00 boxes=[(0, 0, 0, 0), (0, 0, 0, 0), (0, 0, 0, 0)]
 item13:
   grp0 rec@800a6618 pat@800a666c = 00/1 00/255
      [0] 800a6618 flags=04 02 01 boxes=[(100, 0, 1000, 375), (4100, 0, 1000, 500), (8100, 0, 2500, 625)]
   grp1 rec@800a6634 pat@800a666c = 00/1 00/255
      [0] 800a6634 flags=08 08 08 boxes=[(200, 0, 1000, 375), (4200, 0, 1000, 500), (8200, 0, 7500, 625)]
   grp2 rec@800a6650 pat@800a666c = 00/1 00/255
      [0] 800a6650 flags=10 20 40 boxes=[(100, 0, 1000, 375), (4100, 0, 1000, 500), (8200, 0, 2500, 625)]
 item14:
   grp0 rec@800a67f0 pat@800a6844 = 00/1 00/255
      [0] 800a67f0 flags=04 00 00 boxes=[(200, 0, 3500, 500), (0, 0, 0, 0), (0, 0, 0, 0)]
   grp1 rec@800a680c pat@800a6844 = 00/1 00/255
      [0] 800a680c flags=08 00 00 boxes=[(200, 0, 3500, 500), (0, 0, 0, 0), (0, 0, 0, 0)]
   grp2 rec@800a6828 pat@800a6844 = 00/1 00/255
      [0] 800a6828 flags=10 00 00 boxes=[(200, 0, 3500, 500), (0, 0, 0, 0), (0, 0, 0, 0)]
 item15:
   grp0 rec@800a6848 pat@800a689c = 00/1 ff/2 fe/255
      [0] 800a6848 flags=04 02 01 boxes=[(100, 0, 1000, 375), (4100, 0, 1000, 500), (8100, 0, 2500, 625)]
   grp1 rec@800a6864 pat@800a689c = 00/1 ff/2 fe/255
      [0] 800a6864 flags=08 08 08 boxes=[(200, 0, 1000, 375), (4200, 0, 1000, 500), (8200, 0, 7500, 625)]
   grp2 rec@800a6880 pat@800a689c = 00/1 ff/2 fe/255
      [0] 800a6880 flags=10 20 40 boxes=[(100, 0, 1000, 375), (4100, 0, 1000, 500), (8200, 0, 2500, 625)]
 item16:
   grp0 rec@800a6350 pat@800a63a4 = 00/255
      [0] 800a6350 flags=00 00 00 boxes=[(0, 0, 0, 0), (0, 0, 0, 0), (0, 0, 0, 0)]
   grp1 rec@800a6350 pat@800a63a4 = 00/255
      [0] 800a6350 flags=00 00 00 boxes=[(0, 0, 0, 0), (0, 0, 0, 0), (0, 0, 0, 0)]
   grp2 rec@800a6350 pat@800a63a4 = 00/255
      [0] 800a6350 flags=00 00 00 boxes=[(0, 0, 0, 0), (0, 0, 0, 0), (0, 0, 0, 0)]
 item17:
   grp0 rec@800a6350 pat@800a63a4 = 00/255
      [0] 800a6350 flags=00 00 00 boxes=[(0, 0, 0, 0), (0, 0, 0, 0), (0, 0, 0, 0)]
   grp1 rec@800a6350 pat@800a63a4 = 00/255
      [0] 800a6350 flags=00 00 00 boxes=[(0, 0, 0, 0), (0, 0, 0, 0), (0, 0, 0, 0)]
   grp2 rec@800a6350 pat@800a63a4 = 00/255
      [0] 800a6350 flags=00 00 00 boxes=[(0, 0, 0, 0), (0, 0, 0, 0), (0, 0, 0, 0)]
 item18:
   grp0 rec@800a68a4 pat@800a68f8 = 00/2 ff/1 fe/255
      [0] 800a68a4 flags=04 02 01 boxes=[(100, 0, 1000, 500), (4100, 0, 1000, 625), (8100, 0, 2500, 625)]
   grp1 rec@800a68c0 pat@800a68f8 = 00/2 ff/1 fe/255
      [0] 800a68c0 flags=08 04 10 boxes=[(200, 0, 7500, 500), (200, 0, 7500, 500), (200, 0, 7500, 500)]
   grp2 rec@800a68dc pat@800a68f8 = 00/2 ff/1 fe/255
      [0] 800a68dc flags=10 20 40 boxes=[(100, 0, 1000, 375), (4100, 0, 1000, 500), (8200, 0, 2500, 625)]
 item19:
   grp0 rec@800a6618 pat@800a666c = 00/1 00/255
      [0] 800a6618 flags=04 02 01 boxes=[(100, 0, 1000, 375), (4100, 0, 1000, 500), (8100, 0, 2500, 625)]
   grp1 rec@800a6634 pat@800a666c = 00/1 00/255
      [0] 800a6634 flags=08 08 08 boxes=[(200, 0, 1000, 375), (4200, 0, 1000, 500), (8200, 0, 7500, 625)]
   grp2 rec@800a6650 pat@800a666c = 00/1 00/255
      [0] 800a6650 flags=10 20 40 boxes=[(100, 0, 1000, 375), (4100, 0, 1000, 500), (8200, 0, 2500, 625)]
