RDTs gelesen: 206 von 240   Stummel (<0x48 B): 34 [('ROOM1270', 4), ('ROOM1271', 4), ('ROOM20C0', 4), ('ROOM20C1', 4), ('ROOM20D0', 4), ('ROOM20D1', 4), ('ROOM20E0', 4), ('ROOM20E1', 4), ('ROOM20F0', 4), ('ROOM20F1', 4), ('ROOM30F0', 4), ('ROOM30F1', 4), ('ROOM4060', 4), ('ROOM4061', 4), ('ROOM40C0', 4), ('ROOM40C1', 4), ('ROOM40D0', 4), ('ROOM40D1', 4), ('ROOM40E0', 4), ('ROOM40E1', 4), ('ROOM40F0', 4), ('ROOM40F1', 4), ('ROOM5150', 4), ('ROOM5151', 4), ('ROOM5160', 4), ('ROOM5161', 4), ('ROOM5170', 4), ('ROOM5171', 4), ('ROOM6050', 4), ('ROOM6051', 4), ('ROOM6060', 4), ('ROOM6061', 4), ('ROOM6070', 4), ('ROOM6071', 4)]   Desync-Stopps: 0
Item_aot_set (0x50): 164 Records, 27 verschiedene Typen
Keep_Item_ck (0x5E): 0 Vorkommen
Ck  auf Zone 9: 54   Set auf Zone 9: 1
Set gesamt (alle Zonen): 2973

=== Zone-9-Bits, die geloescht/getoggelt werden: 0 ===

=== Gegenstaende: Platzierung -> taken-Bit -> Tore (Ck auf Zone 9) ===
  Typ   n  Menge  tk_bit   Ck  Set  Raeume / Tore
 0x04   1   [15]   [165]    1    0  ROOM1051
        Tore: ROOM1051/sub01@0xCB6(val=1)
 0x05   2   [15]   [155]    6    0  ROOM11D0,ROOM11D1
        Tore: ROOM11D0/sub03@0x189A(val=0);ROOM11D0/sub03@0x18B2(val=1);ROOM11D0/sub03@0x18D2(val=0);ROOM11D1/sub03@0x189A(val=0);ROOM11D1/sub03@0x18B2(val=1);ROOM11D1/sub03@0x18D2(val=0)
 0x07   2    [6]    [92]    2    0  ROOM3050,ROOM3051
        Tore: ROOM3050/sub01@0x223C(val=0);ROOM3051/sub01@0x223C(val=0)
 0x08   2    [7]   [164]    0    0  ROOM10F0,ROOM10F1
 0x0C   2  [100]   [153]    0    0  ROOM1190,ROOM1191
 0x0D   2   [12]   [109]    0    0  ROOM2030,ROOM2031
 0x13   2  [100]    [98]    0    0  ROOM1110,ROOM1111
 0x15  38 [15, 30] [2, 99, 134, 141, 144, 146, 147, 148, 149, 162, 163, 168, 169, 181, 182, 223, 227, 228, 231, 252]    7    0  ROOM1001,ROOM1010,ROOM1011,ROOM1020,ROOM1021,ROOM1050,ROOM1051,ROOM1070,ROOM1071,ROOM10E0,ROOM10E1,ROOM10F0,ROOM10F1,ROOM1110,ROOM1111,ROOM1140,ROOM1190,ROOM1191,ROOM11D0,ROOM11D1,ROOM11F0,ROOM11F1,ROOM1210,ROOM1211
        Tore: ROOM11F0/sub19@0x17C8(val=0);ROOM11F0/sub19@0x17DE(val=0);ROOM11F0/sub19@0x17F0(val=0);ROOM11F1/sub19@0x17C8(val=0);ROOM11F1/sub19@0x17DE(val=0);ROOM11F1/sub19@0x17F0(val=0);ROOM1000/sub01@0xD00(val=1)
 0x16  28 [7, 14] [12, 19, 20, 105, 108, 142, 150, 151, 152, 216, 217, 226, 230, 253]    0    0  ROOM1010,ROOM1011,ROOM1110,ROOM1111,ROOM1190,ROOM1191,ROOM11B0,ROOM11B1,ROOM11D0,ROOM11D1,ROOM1200,ROOM1201,ROOM2010,ROOM2011,ROOM2030,ROOM2031,ROOM3010,ROOM3011,ROOM4010,ROOM4011,ROOM5010,ROOM5011
 0x17   9 [6, 12] [22, 135, 188, 189, 195]    0    0  ROOM30E0,ROOM30E1,ROOM40B0,ROOM40B1,ROOM5020,ROOM5060,ROOM5061
 0x22  19    [1] [11, 14, 16, 18, 140, 143, 198, 218, 224, 229]    8    0  ROOM1010,ROOM10E0,ROOM10E1,ROOM10F0,ROOM10F1,ROOM1110,ROOM1111,ROOM2010,ROOM2011,ROOM4010,ROOM4011,ROOM4050,ROOM4051,ROOM40A0,ROOM40A1,ROOM5010,ROOM5011
        Tore: ROOM40A0/main00@0xE68(val=1);ROOM40A0/sub02@0xFE8(val=1);ROOM40A1/main00@0xE68(val=1);ROOM40A1/sub02@0xFE8(val=1);ROOM40A0/main00@0xEBC(val=1);ROOM40A0/sub02@0x1024(val=1);ROOM40A1/main00@0xEBC(val=1);ROOM40A1/sub02@0x1024(val=1)
 0x23   8    [1] [154, 187, 197, 225]    2    0  ROOM10E0,ROOM10E1,ROOM2040,ROOM2041,ROOM4050,ROOM4051
        Tore: ROOM2040/sub01@0x15F2(val=1);ROOM2041/sub01@0x15F2(val=1)
 0x24  10    [1] [166, 183, 185, 190, 194]    0    0  ROOM1000,ROOM1001,ROOM1220,ROOM1221,ROOM30E0,ROOM30E1,ROOM4050,ROOM4051,ROOM40B0,ROOM40B1
 0x25   8    [1] [167, 184, 191, 196]    0    0  ROOM1000,ROOM1001,ROOM1220,ROOM1221,ROOM4050,ROOM4051,ROOM40B0,ROOM40B1
 0x26   8    [1] [15, 186, 192, 193]    4    0  ROOM1220,ROOM1221,ROOM4050,ROOM4051,ROOM40A0,ROOM40A1,ROOM40B0,ROOM40B1
        Tore: ROOM40A0/main00@0xE92(val=1);ROOM40A0/sub02@0x1006(val=1);ROOM40A1/main00@0xE92(val=1);ROOM40A1/sub02@0x1006(val=1)
 0x30   2    [1]    [10]    3    0  ROOM11B0,ROOM11B1
        Tore: ROOM11B0/sub01@0x11DE(val=1);ROOM11B1/sub01@0x116A(val=1);ROOM11B1/sub01@0x117A(val=1)
 0x31   1    [1]   [134]    1    0  ROOM1000
        Tore: ROOM1000/sub01@0xD00(val=1)
 0x32   2    [1]    [91]    0    0  ROOM2040,ROOM2041
 0x36   2    [1]    [85]    2    0  ROOM3040,ROOM3041
        Tore: ROOM3040/sub01@0x14CE(val=1);ROOM3041/sub01@0x14CE(val=1)
 0x37   4    [1]   [136]    2    0  ROOM1190,ROOM1191
        Tore: ROOM1230/sub20@0x1488(val=1);ROOM1231/sub20@0x1488(val=1)
 0x38   2    [1]    [52]    2    0  ROOM1110,ROOM1111
        Tore: ROOM10D0/sub20@0x19C0(val=1);ROOM10D1/sub20@0x19AA(val=1)
 0x39   1    [1]   [138]    2    0  ROOM1011
        Tore: ROOM11E0/sub20@0x1FA8(val=1);ROOM11E1/sub20@0x1FA8(val=1)
 0x3F   2    [1]    [90]    0    0  ROOM2090,ROOM2091
 0x41   2    [1]    [86]    2    0  ROOM4040,ROOM4041
        Tore: ROOM4040/sub01@0x1014(val=1);ROOM4041/sub01@0x1014(val=1)
 0x44   2    [1]   [104]    6    0  ROOM1200,ROOM1201
        Tore: ROOM1200/sub01@0x94E(val=1);ROOM1200/sub03@0x9FC(val=0);ROOM1200/sub03@0xA08(val=1);ROOM1201/sub01@0x94E(val=1);ROOM1201/sub03@0x9FC(val=0);ROOM1201/sub03@0xA08(val=1)
 0x46   2    [1]   [180]    2    0  ROOM30A0,ROOM30A1
        Tore: ROOM30A0/sub01@0x860(val=1);ROOM30A1/sub01@0x860(val=1)
 0x47   1    [1]     [6]    1    0  ROOM4010
        Tore: ROOM4010/sub01@0x6E0(val=1)

=== Ck auf Zone 9, deren Bit KEIN Item_aot_set traegt (Skript-Vergabe oder fremde Bedeutung) ===
   bit  21: 2 Ck   Set: ROOM3091/sub06@0x16C2(op=1)
        ROOM3091/sub02@0x1596 val=0
        ROOM3091/sub06@0x16B8 val=0
