====================================================================================================
ROOM1090  msg 9  Gegenstand 0x31 Fire Extinguisher
  Datei: STAGE1\ROOM1090.RDT   336440 B
  msgScd@0x2748  mainScd@0x2118  subScd@0x21B4
  Text[9] = "You've used the Fire Extinguisher."   Steuerbytes=['04:02', '05:01', '05:00', '01']
  Raum-Zensus: Cmp(0x23)x1
     0x23 Cmp             : sub01@0x2400

  --- sub03  Subroutine 0x024CE..0x026E6   Message_on 9 @0x02502 ---
  Bedingungskette: KEINE (unbedingt erreichbar in dieser Subroutine)
    0x024CE  Set              22 03 84 00                                      bank=3 bit=132 val=0
    0x024D2  Set              22 03 bb 01                                      bank=3 bit=187 val=1
    0x024D6  Set              22 03 6e 01                                      bank=3 bit=110 val=1
    0x024DA  Sce_bgm_control  54 00 00 01 01 41                                
    0x024E0  Sce_bgm_control  54 00 02 00 00 00                                
    0x024E6  Cut_chg          29 05                                            
    0x024E8  Work_set         2e 01 00                                         kind=1 idx=0
    0x024EB  Nop              00                                               
    0x024EC  Plc_dest         40 00 06 3f 00 00 00 00                          
    0x024F4  Plc_neck         41 01 2a 0a 00 00 47 f7 64 00                    
    0x024FE  Sleep            09 0a 02 00                                      
  * 0x02502  Message_on       2b 09 ff ff                                      msg=9 typ=0xFF ?=255
    0x02506  Evt_next         02                                               
    0x02507  Nop              00                                               
    0x02508  Set              22 02 07 01                                      bank=2 bit=7 val=1
    0x0250C  Set              22 01 1b 01                                      bank=1 bit=27 val=1
    0x02510  Cut_chg          29 06                                            
    0x02512  Work_set         2e 03 02                                         kind=3 idx=2
    0x02515  Nop              00                                               
    0x02516  Speed_set        2f 00 ce ff                                      
    0x0251A  For              0d 00 04 00 02 00                                
    0x02520  op30             30                                               
    0x02521  Evt_next         02                                               
    0x02522  Next             0e 00                                            
    0x02524  Speed_set        2f 00 f6 ff                                      
    0x02528  Speed_set        2f 01 fe ff                                      
    0x0252C  Speed_set        2f 02 0a 00                                      
    0x02530  For              0d 00 04 00 02 00                                
    0x02536  op30             30                                               
    0x02537  Evt_next         02                                               
    0x02538  Next             0e 00                                            
    0x0253A  Speed_set        2f 00 00 00                                      
    0x0253E  Speed_set        2f 01 fe ff                                      
    0x02542  Speed_set        2f 02 32 00                                      
    0x02546  For              0d 00 04 00 17 00                                
    0x0254C  op30             30                                               
    0x0254D  Evt_next         02                                               
    0x0254E  Next             0e 00                                            
    0x02550  Work_set         2e 02 00                                         kind=2 idx=0
    0x02553  Nop              00                                               
    0x02554  Member_set       34 00 2a 0a                                      member=0 wert=2602
    0x02558  Member_set       34 01 f8 f8                                      member=1 wert=63736
    0x0255C  Member_set       34 02 47 f7                                      member=2 wert=63303
    0x02560  Member_set       34 04 fa f7                                      member=4 wert=63482
    0x02564  Plc_dest         40 00 06 3f 00 00 00 00                          
    0x0256C  Plc_neck         41 01 e4 04 00 00 1f f6 64 00                    
    0x02576  Sleep            09 0a 02 00                                      
    0x0257A  Plc_motion       3f 01 17 00                                      
    0x0257E  Plc_flg          43 00 04 00                                      
    0x02582  Sleep            09 0a 05 00                                      
    0x02586  Message_on       2b 03 00 00                                      msg=3 typ=0x00 ?=0
    0x0258A  Work_set         2e 01 00                                         kind=1 idx=0
    0x0258D  Nop              00                                               
    0x0258E  Plc_motion       3f 00 0f 00                                      
    0x02592  Sleep            09 0a 32 00                                      
    0x02596  Plc_motion       3f 00 0f 00                                      
    0x0259A  Plc_flg          43 00 80 00                                      
    0x0259E  Sleep            09 0a 33 00                                      
    0x025A2  Cut_chg          29 07                                            
    0x025A4  Work_set         2e 01 00                                         kind=1 idx=0
    0x025A7  Nop              00                                               
    0x025A8  Member_set       34 00 e4 04                                      member=0 wert=1252
    0x025AC  Member_set       34 02 1f f6                                      member=2 wert=63007
    0x025B0  Member_set       34 04 dd 14                                      member=4 wert=5341
    0x025B4  Plc_dest         40 00 06 3f 00 00 00 00                          
    0x025BC  Plc_neck         41 01 7b 02 f8 f8 08 f2 64 64                    
    0x025C6  Work_set         2e 02 00                                         kind=2 idx=0
    0x025C9  Nop              00                                               
    0x025CA  Plc_neck         41 00 00 00 00 00 00 00 64 00                    
    0x025D4  Member_set       34 00 7b 02                                      member=0 wert=635
    0x025D8  Member_set       34 02 08 f2                                      member=2 wert=61960
    0x025DC  Member_set       34 04 0d 18                                      member=4 wert=6157
    0x025E0  Plc_motion       3f 01 0b 00                                      
    0x025E4  Sleep            09 0a 3c 00                                      
    0x025E8  Message_on       2b 04 00 00                                      msg=4 typ=0x00 ?=0
    0x025EC  Plc_neck         41 04 04 00 00 00 00 00 5e 5e                    
    0x025F6  Sleep            09 0a 64 00                                      
    0x025FA  Plc_motion       3f 01 0b 00                                      
    0x025FE  Plc_flg          43 00 80 00                                      
    0x02602  Sleep            09 0a 1e 00                                      
    0x02606  Work_set         2e 01 00                                         kind=1 idx=0
    0x02609  Nop              00                                               
    0x0260A  Plc_neck         41 01 7b 02 00 00 08 f2 64 00                    
    0x02614  Sleep            09 0a 02 00                                      
    0x02618  Work_set         2e 02 00                                         kind=2 idx=0
    0x0261B  Nop              00                                               
    0x0261C  Plc_dest         40 00 09 21 e4 04 1f f6                          
    0x02624  Gosub            18 05                                            sub=5
    0x02626  Plc_neck         41 01 e4 04 00 00 1f f6 64 00                    
    0x02630  Sleep            09 0a 02 00                                      
    0x02634  Plc_motion       3f 01 17 00                                      
    0x02638  Plc_flg          43 00 04 00                                      
    0x0263C  Sleep            09 0a 14 00                                      
    0x02640  Message_on       2b 05 00 00                                      msg=5 typ=0x00 ?=0
    0x02644  Work_set         2e 01 00                                         kind=1 idx=0
    0x02647  Nop              00                                               
    0x02648  Plc_motion       3f 00 12 00                                      
    0x0264C  Sleep            09 0a 19 00                                      
    0x02650  Plc_motion       3f 00 12 00                                      
    0x02654  Plc_flg          43 00 80 00                                      
    0x02658  Sleep            09 0a 19 00                                      
    0x0265C  Plc_motion       3f 00 13 00                                      
    0x02660  Sleep            09 0a 19 00                                      
    0x02664  Plc_motion       3f 00 13 00                                      
    0x02668  Plc_flg          43 00 80 00                                      
    0x0266C  Sleep            09 0a 1a 00                                      
    0x02670  Message_on       2b 06 00 00                                      msg=6 typ=0x00 ?=0
    0x02674  Plc_motion       3f 00 0f 00                                      
    0x02678  Sleep            09 0a 19 00                                      
    0x0267C  Plc_motion       3f 00 0f 00                                      
    0x02680  Plc_flg          43 00 80 00                                      
    0x02684  Sleep            09 0a 19 00                                      
    0x02688  Plc_motion       3f 00 10 00                                      
    0x0268C  Sleep            09 0a 19 00                                      
    0x02690  Plc_motion       3f 00 10 00                                      
    0x02694  Plc_flg          43 00 80 00                                      
    0x02698  Sleep            09 0a 19 00                                      
    0x0269C  Plc_motion       3f 00 17 00                                      
    0x026A0  Sleep            09 0a 14 00                                      
    0x026A4  Work_set         2e 02 00                                         kind=2 idx=0
    0x026A7  Nop              00                                               
    0x026A8  Plc_neck         41 00 00 00 00 00 00 00 64 00                    
    0x026B2  Sleep            09 0a 02 00                                      
    0x026B6  Plc_neck         41 03 01 00 00 00 00 00 00 3c                    
    0x026C0  Sleep            09 0a 1e 00                                      
    0x026C4  Plc_ret          42                                               
    0x026C5  Nop              00                                               
    0x026C6  Work_set         2e 01 00                                         kind=1 idx=0
    0x026C9  Nop              00                                               
    0x026CA  Plc_neck         41 00 00 00 00 00 00 00 64 00                    
    0x026D4  Sleep            09 0a 02 00                                      
    0x026D8  Plc_ret          42                                               
    0x026D9  Nop              00                                               
    0x026DA  Set              22 02 07 00                                      bank=2 bit=7 val=0
    0x026DE  Set              22 01 1b 00                                      bank=1 bit=27 val=0
    0x026E2  Cut_auto         3c 01                                            
    0x026E4  Evt_end          01 00                                            

  === GANZER RAUM ===

  -- main00 0x0211A..0x021B4
    0x0211A  Door_aot_set     3b 00 02 31 01 00 72 cf d4 08 5c 12 40 06 8a...  slot=0 -> stage=0
    0x0213A  Door_aot_set     3b 01 02 31 06 00 10 e1 40 ac 68 10 7c 15 5c...  slot=1 -> stage=0
    0x0215A  Aot_set          2c 03 03 41 05 00 74 c3 1c bd 80 4a 55 54 ff...  
    0x0216E  Obj_model_set    2d 00 04 00 01 00 00 01 00 00 38 e0 f8 f8 91...  
    0x02190  Obj_model_set    2d 01 04 00 05 00 00 01 00 00 b8 e8 d8 dc 86...  
    0x021B2  Evt_end          01 00                                            

  -- sub00 0x021C4..0x023F4
    0x021C4  Ifel_ck          06 00 22 00                                      ueberspringe 34 B -> 0x21EA
    0x021C8  Ck               21 03 81 00                                      bank=3 bit=129 val=0
    0x021CC  Switch           13 0a 16 00                                      
    0x021D0  Case             14 00 04 00 00 00                                
    0x021D6  Cut_chg          29 08                                            
    0x021D8  Break            1a 00                                            
    0x021DA  Case             14 00 04 00 03 00                                
    0x021E0  Cut_chg          29 0b                                            
    0x021E2  Break            1a 00                                            
    0x021E4  Eswitch          16 00                                            
    0x021E6  Cut_auto         3c 01                                            
    0x021E8  Endif            08 00                                            
    0x021EA  Ifel_ck          06 00 b4 00                                      ueberspringe 180 B -> 0x22A2
    0x021EE  Ck               21 03 81 00                                      bank=3 bit=129 val=0
    0x021F2  Obj_model_set    2d 03 00 00 02 00 08 00 10 00 f4 0b 3e f5 e8...  
    0x02214  Sce_em_set       44 00 26 00 01 00 00 ff 04 08 f8 f8 ca fa 00...  
    0x02228  Sce_em_set       44 01 26 01 01 00 00 ff 47 09 f8 f8 e3 f6 00...  
    0x0223C  Sce_em_set       44 02 26 02 01 00 00 ff 20 0c f8 f8 56 f2 00...  
    0x02250  Sce_em_set       44 03 26 04 01 00 00 ff 9e 0b f8 f8 a4 fc 00...  
    0x02264  Sce_em_set       44 04 26 03 01 00 00 ff 3a 0b f8 f8 b8 01 00...  
    0x02278  Sce_em_set       44 05 26 03 01 00 00 ff d6 0a f8 f8 f8 07 00...  
    0x0228C  Sce_em_set       44 06 26 04 01 00 00 ff 5e 05 f8 f8 3c 05 00...  
    0x022A0  Endif            08 00                                            
    0x022A2  Ifel_ck          06 00 40 00                                      ueberspringe 64 B -> 0x22E6
    0x022A6  Ck               21 03 84 01                                      bank=3 bit=132 val=1
    0x022AA  Obj_model_set    2d 02 00 00 02 00 08 00 10 00 f4 0b 3e f5 e8...  
    0x022CC  Sce_em_set       44 00 42 40 01 00 00 ff d0 8a 00 00 d0 8a 00...  
    0x022E0  Evt_exec         04 ff 18 03                                      sub=3 (cond=0xff typ=0x18)
    0x022E4  Endif            08 00                                            
    0x022E6  Ifel_ck          06 00 1c 00                                      ueberspringe 28 B -> 0x2306
    0x022EA  Ck               21 03 81 00                                      bank=3 bit=129 val=0
    0x022EE  Sce_bgm_control  54 00 00 01 78 33                                
    0x022F4  Ifel_ck          06 00 0c 00                                      ueberspringe 12 B -> 0x2304
    0x022F8  Ck               21 03 80 01                                      bank=3 bit=128 val=1
    0x022FC  Sce_bgm_control  54 00 01 00 00 00                                
    0x02302  Endif            08 00                                            
    0x02304  Endif            08 00                                            
    0x02306  Ifel_ck          06 00 24 00                                      ueberspringe 36 B -> 0x232E
    0x0230A  Ck               21 03 85 00                                      bank=3 bit=133 val=0
    0x0230E  Aot_set          2c 02 01 b1 01 00 64 00 14 05 3a 07 66 08 de...  
    0x0232A  Else_ck          07 00 4c 00                                      -> 0x2376
    0x0232E  Ifel_ck          06 00 42 00                                      ueberspringe 66 B -> 0x2374
    0x02332  Ck               21 03 81 00                                      bank=3 bit=129 val=0
    0x02336  Aot_set          2c 02 03 b1 01 00 64 00 14 05 3a 07 66 08 de...  
    0x02352  Door_aot_set     3b 03 02 31 00 00 00 00 00 00 00 00 00 00 e4...  slot=3 -> stage=0
    0x02372  Endif            08 00                                            
    0x02374  Nop              00                                               
    0x02375  Nop              00                                               
    0x02376  Ifel_ck          06 00 78 00                                      ueberspringe 120 B -> 0x23F2
    0x0237A  Ck               21 03 bb 01                                      bank=3 bit=187 val=1
    0x0237E  Obj_model_set    2d 02 00 00 02 00 08 00 10 00 6a 09 a3 f5 2e...  
    0x023A0  Sce_em_set       44 00 10 02 01 00 00 f8 60 f0 f8 f8 00 19 00...  
    0x023B4  Sce_em_set       44 01 10 02 01 00 01 f9 80 f3 f8 f8 a0 0f 00...  
    0x023C8  Sce_em_set       44 02 11 02 01 00 01 fa e0 fc f8 f8 40 06 00...  
    0x023DC  Sce_em_set       44 03 11 02 01 00 01 fb 52 03 f8 f8 d2 f6 00...  
    0x023F0  Endif            08 00                                            
    0x023F2  Evt_end          01 00                                            

  -- sub01 0x023F4..0x02414
    0x023F4  Ifel_ck          06 00 1a 00                                      ueberspringe 26 B -> 0x2412
    0x023F8  Ck               21 03 80 00                                      bank=3 bit=128 val=0
    0x023FC  Ifel_ck          06 00 10 00                                      ueberspringe 16 B -> 0x2410
    0x02400  Cmp              23 00 0a 00 0d 00                                bank=0 var=10 op=0 wert=13
    0x02406  Evt_exec         04 ff 18 02                                      sub=2 (cond=0xff typ=0x18)
    0x0240A  Set              22 03 80 01                                      bank=3 bit=128 val=1
    0x0240E  Endif            08 00                                            
    0x02410  Endif            08 00                                            
    0x02412  Evt_end          01 00                                            

  -- sub02 0x02414..0x024CE
    0x02414  Set              22 02 07 01                                      bank=2 bit=7 val=1
    0x02418  Set              22 01 1b 01                                      bank=1 bit=27 val=1
    0x0241C  Work_set         2e 01 00                                         kind=1 idx=0
    0x0241F  Nop              00                                               
    0x02420  Member_set       34 00 3d f4                                      member=0 wert=62525
    0x02424  Member_set       34 02 2d 11                                      member=2 wert=4397
    0x02428  Member_set       34 04 c2 11                                      member=4 wert=4546
    0x0242C  Plc_dest         40 00 06 3f 00 00 00 00                          
    0x02434  Sleep            09 0a 14 00                                      
    0x02438  Message_on       2b 00 00 00                                      msg=0 typ=0x00 ?=0
    0x0243C  Sleep            09 0a 64 00                                      
    0x02440  Sce_bgm_control  54 00 01 00 00 00                                
    0x02446  Work_set         2e 01 00                                         kind=1 idx=0
    0x02449  Nop              00                                               
    0x0244A  Plc_dest         40 00 05 20 3b f9 ad 06                          
    0x02452  Gosub            18 04                                            sub=4
    0x02454  Plc_dest         40 00 05 20 5c ff da 00                          
    0x0245C  Gosub            18 04                                            sub=4
    0x0245E  Plc_dest         40 00 05 20 92 02 2a f7                          
    0x02466  Gosub            18 04                                            sub=4
    0x02468  Cut_chg          29 0f                                            
    0x0246A  Cut_auto         3c 01                                            
    0x0246C  Member_set       34 00 65 02                                      member=0 wert=613
    0x02470  Member_set       34 02 b5 f7                                      member=2 wert=63413
    0x02474  Member_set       34 04 91 00                                      member=4 wert=145
    0x02478  Sleep            09 0a 0a 00                                      
    0x0247C  Plc_dest         40 00 08 20 7e ff 3c f8                          
    0x02484  Gosub            18 04                                            sub=4
    0x02486  Sleep            09 0a 14 00                                      
    0x0248A  Message_on       2b 01 00 00                                      msg=1 typ=0x00 ?=0
    0x0248E  Plc_motion       3f 00 0f 00                                      
    0x02492  Sleep            09 0a 19 00                                      
    0x02496  Plc_motion       3f 00 0f 00                                      
    0x0249A  Plc_flg          43 00 80 00                                      
    0x0249E  Sleep            09 0a 19 00                                      
    0x024A2  Plc_motion       3f 00 14 00                                      
    0x024A6  Sleep            09 0a 19 00                                      
    0x024AA  Plc_motion       3f 00 14 00                                      
    0x024AE  Plc_flg          43 00 80 00                                      
    0x024B2  Sleep            09 0a 1a 00                                      
    0x024B6  Message_on       2b 02 00 00                                      msg=2 typ=0x00 ?=0
    0x024BA  Sleep            09 0a 64 00                                      
    0x024BE  Set              22 02 07 00                                      bank=2 bit=7 val=0
    0x024C2  Set              22 01 1b 00                                      bank=1 bit=27 val=0
    0x024C6  Work_set         2e 01 00                                         kind=1 idx=0
    0x024C9  Nop              00                                               
    0x024CA  Plc_ret          42                                               
    0x024CB  Nop              00                                               
    0x024CC  Evt_end          01 00                                            

  -- sub03 0x024CE..0x026E6
    0x024CE  Set              22 03 84 00                                      bank=3 bit=132 val=0
    0x024D2  Set              22 03 bb 01                                      bank=3 bit=187 val=1
    0x024D6  Set              22 03 6e 01                                      bank=3 bit=110 val=1
    0x024DA  Sce_bgm_control  54 00 00 01 01 41                                
    0x024E0  Sce_bgm_control  54 00 02 00 00 00                                
    0x024E6  Cut_chg          29 05                                            
    0x024E8  Work_set         2e 01 00                                         kind=1 idx=0
    0x024EB  Nop              00                                               
    0x024EC  Plc_dest         40 00 06 3f 00 00 00 00                          
    0x024F4  Plc_neck         41 01 2a 0a 00 00 47 f7 64 00                    
    0x024FE  Sleep            09 0a 02 00                                      
    0x02502  Message_on       2b 09 ff ff                                      msg=9 typ=0xFF ?=255
    0x02506  Evt_next         02                                               
    0x02507  Nop              00                                               
    0x02508  Set              22 02 07 01                                      bank=2 bit=7 val=1
    0x0250C  Set              22 01 1b 01                                      bank=1 bit=27 val=1
    0x02510  Cut_chg          29 06                                            
    0x02512  Work_set         2e 03 02                                         kind=3 idx=2
    0x02515  Nop              00                                               
    0x02516  Speed_set        2f 00 ce ff                                      
    0x0251A  For              0d 00 04 00 02 00                                
    0x02520  op30             30                                               
    0x02521  Evt_next         02                                               
    0x02522  Next             0e 00                                            
    0x02524  Speed_set        2f 00 f6 ff                                      
    0x02528  Speed_set        2f 01 fe ff                                      
    0x0252C  Speed_set        2f 02 0a 00                                      
    0x02530  For              0d 00 04 00 02 00                                
    0x02536  op30             30                                               
    0x02537  Evt_next         02                                               
    0x02538  Next             0e 00                                            
    0x0253A  Speed_set        2f 00 00 00                                      
    0x0253E  Speed_set        2f 01 fe ff                                      
    0x02542  Speed_set        2f 02 32 00                                      
    0x02546  For              0d 00 04 00 17 00                                
    0x0254C  op30             30                                               
    0x0254D  Evt_next         02                                               
    0x0254E  Next             0e 00                                            
    0x02550  Work_set         2e 02 00                                         kind=2 idx=0
    0x02553  Nop              00                                               
    0x02554  Member_set       34 00 2a 0a                                      member=0 wert=2602
    0x02558  Member_set       34 01 f8 f8                                      member=1 wert=63736
    0x0255C  Member_set       34 02 47 f7                                      member=2 wert=63303
    0x02560  Member_set       34 04 fa f7                                      member=4 wert=63482
    0x02564  Plc_dest         40 00 06 3f 00 00 00 00                          
    0x0256C  Plc_neck         41 01 e4 04 00 00 1f f6 64 00                    
    0x02576  Sleep            09 0a 02 00                                      
    0x0257A  Plc_motion       3f 01 17 00                                      
    0x0257E  Plc_flg          43 00 04 00                                      
    0x02582  Sleep            09 0a 05 00                                      
    0x02586  Message_on       2b 03 00 00                                      msg=3 typ=0x00 ?=0
    0x0258A  Work_set         2e 01 00                                         kind=1 idx=0
    0x0258D  Nop              00                                               
    0x0258E  Plc_motion       3f 00 0f 00                                      
    0x02592  Sleep            09 0a 32 00                                      
    0x02596  Plc_motion       3f 00 0f 00                                      
    0x0259A  Plc_flg          43 00 80 00                                      
    0x0259E  Sleep            09 0a 33 00                                      
    0x025A2  Cut_chg          29 07                                            
    0x025A4  Work_set         2e 01 00                                         kind=1 idx=0
    0x025A7  Nop              00                                               
    0x025A8  Member_set       34 00 e4 04                                      member=0 wert=1252
    0x025AC  Member_set       34 02 1f f6                                      member=2 wert=63007
    0x025B0  Member_set       34 04 dd 14                                      member=4 wert=5341
    0x025B4  Plc_dest         40 00 06 3f 00 00 00 00                          
    0x025BC  Plc_neck         41 01 7b 02 f8 f8 08 f2 64 64                    
    0x025C6  Work_set         2e 02 00                                         kind=2 idx=0
    0x025C9  Nop              00                                               
    0x025CA  Plc_neck         41 00 00 00 00 00 00 00 64 00                    
    0x025D4  Member_set       34 00 7b 02                                      member=0 wert=635
    0x025D8  Member_set       34 02 08 f2                                      member=2 wert=61960
    0x025DC  Member_set       34 04 0d 18                                      member=4 wert=6157
    0x025E0  Plc_motion       3f 01 0b 00                                      
    0x025E4  Sleep            09 0a 3c 00                                      
    0x025E8  Message_on       2b 04 00 00                                      msg=4 typ=0x00 ?=0
    0x025EC  Plc_neck         41 04 04 00 00 00 00 00 5e 5e                    
    0x025F6  Sleep            09 0a 64 00                                      
    0x025FA  Plc_motion       3f 01 0b 00                                      
    0x025FE  Plc_flg          43 00 80 00                                      
    0x02602  Sleep            09 0a 1e 00                                      
    0x02606  Work_set         2e 01 00                                         kind=1 idx=0
    0x02609  Nop              00                                               
    0x0260A  Plc_neck         41 01 7b 02 00 00 08 f2 64 00                    
    0x02614  Sleep            09 0a 02 00                                      
    0x02618  Work_set         2e 02 00                                         kind=2 idx=0
    0x0261B  Nop              00                                               
    0x0261C  Plc_dest         40 00 09 21 e4 04 1f f6                          
    0x02624  Gosub            18 05                                            sub=5
    0x02626  Plc_neck         41 01 e4 04 00 00 1f f6 64 00                    
    0x02630  Sleep            09 0a 02 00                                      
    0x02634  Plc_motion       3f 01 17 00                                      
    0x02638  Plc_flg          43 00 04 00                                      
    0x0263C  Sleep            09 0a 14 00                                      
    0x02640  Message_on       2b 05 00 00                                      msg=5 typ=0x00 ?=0
    0x02644  Work_set         2e 01 00                                         kind=1 idx=0
    0x02647  Nop              00                                               
    0x02648  Plc_motion       3f 00 12 00                                      
    0x0264C  Sleep            09 0a 19 00                                      
    0x02650  Plc_motion       3f 00 12 00                                      
    0x02654  Plc_flg          43 00 80 00                                      
    0x02658  Sleep            09 0a 19 00                                      
    0x0265C  Plc_motion       3f 00 13 00                                      
    0x02660  Sleep            09 0a 19 00                                      
    0x02664  Plc_motion       3f 00 13 00                                      
    0x02668  Plc_flg          43 00 80 00                                      
    0x0266C  Sleep            09 0a 1a 00                                      
    0x02670  Message_on       2b 06 00 00                                      msg=6 typ=0x00 ?=0
    0x02674  Plc_motion       3f 00 0f 00                                      
    0x02678  Sleep            09 0a 19 00                                      
    0x0267C  Plc_motion       3f 00 0f 00                                      
    0x02680  Plc_flg          43 00 80 00                                      
    0x02684  Sleep            09 0a 19 00                                      
    0x02688  Plc_motion       3f 00 10 00                                      
    0x0268C  Sleep            09 0a 19 00                                      
    0x02690  Plc_motion       3f 00 10 00                                      
    0x02694  Plc_flg          43 00 80 00                                      
    0x02698  Sleep            09 0a 19 00                                      
    0x0269C  Plc_motion       3f 00 17 00                                      
    0x026A0  Sleep            09 0a 14 00                                      
    0x026A4  Work_set         2e 02 00                                         kind=2 idx=0
    0x026A7  Nop              00                                               
    0x026A8  Plc_neck         41 00 00 00 00 00 00 00 64 00                    
    0x026B2  Sleep            09 0a 02 00                                      
    0x026B6  Plc_neck         41 03 01 00 00 00 00 00 00 3c                    
    0x026C0  Sleep            09 0a 1e 00                                      
    0x026C4  Plc_ret          42                                               
    0x026C5  Nop              00                                               
    0x026C6  Work_set         2e 01 00                                         kind=1 idx=0
    0x026C9  Nop              00                                               
    0x026CA  Plc_neck         41 00 00 00 00 00 00 00 64 00                    
    0x026D4  Sleep            09 0a 02 00                                      
    0x026D8  Plc_ret          42                                               
    0x026D9  Nop              00                                               
    0x026DA  Set              22 02 07 00                                      bank=2 bit=7 val=0
    0x026DE  Set              22 01 1b 00                                      bank=1 bit=27 val=0
    0x026E2  Cut_auto         3c 01                                            
    0x026E4  Evt_end          01 00                                            

  -- sub04 0x026E6..0x026F4
    0x026E6  Do               11 00 08 00                                      
    0x026EA  Evt_next         02                                               
    0x026EB  Nop              00                                               
    0x026EC  Edwhile          12 04                                            
    0x026EE  Ck               21 05 20 00                                      bank=5 bit=32 val=0
    0x026F2  Evt_end          01 00                                            

  -- sub05 0x026F4..0x02702
    0x026F4  Do               11 00 08 00                                      
    0x026F8  Evt_next         02                                               
    0x026F9  Nop              00                                               
    0x026FA  Edwhile          12 04                                            
    0x026FC  Ck               21 05 21 00                                      bank=5 bit=33 val=0
    0x02700  Evt_end          01 00                                            

  -- sub06 0x02702..0x0272C
    0x02702  Message_on       2b 07 ff ff                                      msg=7 typ=0xFF ?=255
    0x02706  Evt_next         02                                               
    0x02707  Nop              00                                               
    0x02708  Message_on       2b 08 ff ff                                      msg=8 typ=0xFF ?=255
    0x0270C  Evt_next         02                                               
    0x0270D  Nop              00                                               
    0x0270E  Ifel_ck          06 00 18 00                                      ueberspringe 24 B -> 0x272A
    0x02712  Ck               21 0c 1f 00                                      bank=12 bit=31 val=0
    0x02716  Set              22 02 07 01                                      bank=2 bit=7 val=1
    0x0271A  Sleep            09 0a 0a 00                                      
    0x0271E  Set              22 03 81 01                                      bank=3 bit=129 val=1
    0x02722  Set              22 03 84 01                                      bank=3 bit=132 val=1
    0x02726  Aot_on           47 03                                            
    0x02728  Endif            08 00                                            
    0x0272A  Evt_end          01 00                                            

  -- sub07 0x0272C..0x02740
    0x0272C  Aot_reset        46 03 00 00 00 00 00 00 00 00                    
    0x02736  Work_set         2e 03 00                                         kind=3 idx=0
    0x02739  Nop              00                                               
    0x0273A  Member_set       34 00 94 d9                                      member=0 wert=55700
    0x0273E  Evt_end          01 00                                            

  === NACHRICHTEN ===
   [ 0] 'Woman: Anyone! Can someone please / get me out of here!?'  ctrl=['04:00', '05:02', '05:00', '04:01', '01']
   [ 1] "Leon: Hey! Who's that?!"  ctrl=['04:00', '05:01', '05:00', '04:01', '01']
   [ 2] 'Woman: Someone, anyone! If out there, / open the door!'  ctrl=['04:00', '05:02', '05:00', '04:01', '01']
   [ 3] 'Leon: There! Are you okay?'  ctrl=['04:00', '05:01', '05:00', '04:01', '01']
   [ 4] 'Woman: You saved me... Thank you, / you have my gratitude.'  ctrl=['04:00', '05:02', '05:00', '04:01', '01']
   [ 5] "Leon: We can talk later... It's not safe / here."  ctrl=['04:00', '05:01', '05:00', '04:01', '01']
   [ 6] "Leon: Besides, you need to get that / wound treated, right? Let's go."  ctrl=['04:00', '05:01', '05:00', '04:01', '01']
   [ 7] 'I must hurry up and get something to / put out this fire to save that woman!'  ctrl=['04:02', '01']
   [ 8] 'Will you use the Fire Extinguisher? '  ctrl=['04:02', '05:01', '05:00', '03', '02:01']
   [ 9] "You've used the Fire Extinguisher."  ctrl=['04:02', '05:01', '05:00', '01']
====================================================================================================
Stellen mit ausfuehrendem Message_on gefunden: 1
