.\probe_r16_sk_birkin_g5.exe : [scd] thread start slot=0 first_op=0x3B
In Zeile:1 Zeichen:692
+ ... e.log 2>&1; .\probe_r16_sk_birkin_g5.exe C > ..\..\..\..\analysis\bef ...
+                 ~~~~~~~~~~~~~~~~~~~~~~~~~~~~~~~~~~~~~~~~~~~~~~~~~~~~~~~~~
    + CategoryInfo          : NotSpecified: ([scd] thread start slot=0 first_op=0x3B:String) [], RemoteException
    + FullyQualifiedErrorId : NativeCommandError
 
[scd] thread start slot=1 first_op=0x44
[scd] thread start slot=10 first_op=0x22
[scd F0] Cut_chg(15)
[scd] Plc_dest(slot=0 mode=0x09 dest=(300,-23400) flag=32) walk_active=1
[scd F0] Cut_chg(12)
[aot] DOOR FIRE slot=5 rect=(0,0,hw=0,hh=0) target_cut=0 spawn=(-26214,0,-3861)
[aot] DOOR FIRE slot=5 rect=(0,0,hw=0,hh=0) target_cut=0 spawn=(-26214,0,-3861)
[aot] DOOR FIRE slot=5 rect=(0,0,hw=0,hh=0) target_cut=0 spawn=(-26214,0,-3861)
[aot] DOOR FIRE slot=5 rect=(0,0,hw=0,hh=0) target_cut=0 spawn=(-26214,0,-3861)
[aot] DOOR FIRE slot=5 rect=(0,0,hw=0,hh=0) target_cut=0 spawn=(-26214,0,-3861)
[aot] DOOR FIRE slot=5 rect=(0,0,hw=0,hh=0) target_cut=0 spawn=(-26214,0,-3861)
[aot] DOOR FIRE slot=5 rect=(0,0,hw=0,hh=0) target_cut=0 spawn=(-26214,0,-3861)
[aot] DOOR FIRE slot=5 rect=(0,0,hw=0,hh=0) target_cut=0 spawn=(-26214,0,-3861)
[aot] DOOR FIRE slot=5 rect=(0,0,hw=0,hh=0) target_cut=0 spawn=(-26214,0,-3861)
[aot] DOOR FIRE slot=5 rect=(0,0,hw=0,hh=0) target_cut=0 spawn=(-26214,0,-3861)
[aot] DOOR FIRE slot=5 rect=(0,0,hw=0,hh=0) target_cut=0 spawn=(-26214,0,-3861)
[aot] DOOR FIRE slot=5 rect=(0,0,hw=0,hh=0) target_cut=0 spawn=(-26214,0,-3861)
[aot] DOOR FIRE slot=5 rect=(0,0,hw=0,hh=0) target_cut=0 spawn=(-26214,0,-3861)
[aot] DOOR FIRE slot=5 rect=(0,0,hw=0,hh=0) target_cut=0 spawn=(-26214,0,-3861)
=== R16 SKEPTIKER birkin-g5: Modus C x0=0 ===
KAMPF-GATE: Kamera 12 bei Bild 180, Spieler x=13399, Boss pos=(-9000,-23400) clip=1 pending_vor_gate=-1
-- C) 3000 Bilder, Spieler |dx|=6500 oestlich, HP je Bild zurueck; je Treffer alle Arme --
   TREFFER f 183 hp=85 boss clip 0 x=9972 | arm0 c0 af0 s0 spitze-d=9400 anker-x=12737 arm1 c7 af25 s0 spitze-d=4925 anker-x=13387 arm2 c0 af0 s0 spitze-d=8300 anker-x=13181 arm3 c8 af56 s0 spitze-d=3725 anker-x=12729
   TREFFER f 206 hp=85 boss clip 0 x=9972 | arm0 c8 af7 s0 spitze-d=6000 anker-x=12737 arm1 c7 af70 s0 spitze-d=2950 anker-x=13387 arm2 c7 af38 s0 spitze-d=7925 anker-x=13181 arm3 c0 af0 s0 spitze-d=6175 anker-x=12729
   TREFFER f 222 hp=85 boss clip 0 x=9972 | arm0 c8 af38 s0 spitze-d=5500 anker-x=12737 arm1 c0 af0 s0 spitze-d=6900 anker-x=13387 arm2 c7 af70 s0 spitze-d=2600 anker-x=13181 arm3 c0 af0 s0 spitze-d=6375 anker-x=12729
   TREFFER f 791 hp=85 boss clip 0 x=11478 | arm0 c7 af25 s0 spitze-d=4275 anker-x=14243 arm1 c0 af0 s0 spitze-d=10200 anker-x=14893 arm2 c0 af0 s0 spitze-d=8300 anker-x=14687 arm3 c8 af56 s0 spitze-d=3725 anker-x=14235
   TREFFER f 823 hp=85 boss clip 0 x=11478 | arm0 c7 af88 s0 spitze-d=4000 anker-x=14243 arm1 c7 af25 s0 spitze-d=4500 anker-x=14893 arm2 c8 af56 s0 spitze-d=4200 anker-x=14687 arm3 c0 af0 s0 spitze-d=6175 anker-x=14235
   TREFFER f 846 hp=85 boss clip 0 x=11478 | arm0 c0 af0 s0 spitze-d=5975 anker-x=14243 arm1 c7 af70 s0 spitze-d=2950 anker-x=14893 arm2 c0 af0 s0 spitze-d=6725 anker-x=14687 arm3 c0 af0 s0 spitze-d=6175 anker-x=14235
   TREFFER f1282 hp=85 boss clip 0 x=12054 | arm0 c8 af88 s0 spitze-d=5025 anker-x=14819 arm1 c0 af0 s0 spitze-d=6875 anker-x=15469 arm2 c8 af56 s0 spitze-d=4200 anker-x=15263 arm3 c8 af25 s0 spitze-d=2800 anker-x=14811
   TREFFER f1298 hp=85 boss clip 0 x=12054 | arm0 c0 af0 s0 spitze-d=6525 anker-x=14819 arm1 c0 af0 s0 spitze-d=7225 anker-x=15469 arm2 c8 af88 s0 spitze-d=5500 anker-x=15263 arm3 c8 af56 s0 spitze-d=3725 anker-x=14811
   TREFFER f1628 hp=85 boss clip 0 x=9554 | arm0 c0 af0 s0 spitze-d=9400 anker-x=12319 arm1 c0 af0 s0 spitze-d=8025 anker-x=12969 arm2 c8 af25 s0 spitze-d=3175 anker-x=12763 arm3 c8 af56 s0 spitze-d=3725 anker-x=12311
   TREFFER f1644 hp=85 boss clip 0 x=9554 | arm0 c0 af0 s0 spitze-d=7025 anker-x=12319 arm1 c8 af25 s0 spitze-d=3200 anker-x=12969 arm2 c8 af56 s0 spitze-d=4200 anker-x=12763 arm3 c8 af88 s0 spitze-d=4775 anker-x=12311
   TREFFER f2116 hp=85 boss clip 0 x=12018 | arm0 c0 af0 s0 spitze-d=5975 anker-x=14783 arm1 c7 af70 s0 spitze-d=2950 anker-x=15433 arm2 c8 af7 s0 spitze-d=6550 anker-x=15227 arm3 c7 af38 s0 spitze-d=7400 anker-x=14775
   TREFFER f2141 hp=85 boss clip 0 x=12018 | arm0 c0 af0 s0 spitze-d=5975 anker-x=14783 arm1 c0 af0 s0 spitze-d=6650 anker-x=15433 arm2 c8 af56 s0 spitze-d=4200 anker-x=15227 arm3 c7 af88 s0 spitze-d=4425 anker-x=14775
   TREFFER f2607 hp=85 boss clip 0 x=12018 | arm0 c0 af0 s0 spitze-d=6150 anker-x=14783 arm1 c8 af88 s0 spitze-d=5350 anker-x=15433 arm2 c8 af56 s0 spitze-d=4200 anker-x=15227 arm3 c0 af0 s0 spitze-d=5975 anker-x=14775
   TREFFER f2940 hp=85 boss clip 0 x=9518 | arm0 c0 af0 s0 spitze-d=7025 anker-x=12283 arm1 c7 af25 s0 spitze-d=4500 anker-x=12933 arm2 c8 af56 s0 spitze-d=4200 anker-x=12727 arm3 c7 af88 s0 spitze-d=4425 anker-x=12275
   TREFFER f2963 hp=85 boss clip 0 x=9518 | arm0 c8 af38 s0 spitze-d=5300 anker-x=12283 arm1 c7 af70 s0 spitze-d=2950 anker-x=12933 arm2 c0 af0 s0 spitze-d=6725 anker-x=12727 arm3 c0 af0 s0 spitze-d=5975 anker-x=12275
ERGEBNIS C: Treffer=15, davon Arm1 in c21=0, mit irgendeiner Spitze <1500=0; pending ab Bild -1
