.\probe_r16_sk_birkin_g5.exe : [scd] thread start slot=0 first_op=0x3B
In Zeile:1 Zeichen:578
+ ... A.log 2>&1; .\probe_r16_sk_birkin_g5.exe C > ..\..\..\..\analysis\bef ...
+                 ~~~~~~~~~~~~~~~~~~~~~~~~~~~~~~~~~~~~~~~~~~~~~~~~~~~~~~~~~
    + CategoryInfo          : NotSpecified: ([scd] thread start slot=0 first_op=0x3B:String) [], RemoteException
    + FullyQualifiedErrorId : NativeCommandError
 
[scd] thread start slot=1 first_op=0x44
[scd] thread start slot=10 first_op=0x22
[scd F0] Cut_chg(15)
[scd] Plc_dest(slot=0 mode=0x09 dest=(300,-23400) flag=32) walk_active=1
[scd F0] Cut_chg(12)
[aot] DOOR FIRE slot=5 rect=(0,0,hw=0,hh=0) target_cut=0 spawn=(-26214,0,-3861)
[aot] DOOR FIRE slot=5 rect=(0,0,hw=0,hh=0) target_cut=0 spawn=(-26214,0,-3861)
[aot] DOOR FIRE slot=5 rect=(0,0,hw=0,hh=0) target_cut=0 spawn=(-26214,0,-3861)
[aot] DOOR FIRE slot=5 rect=(0,0,hw=0,hh=0) target_cut=0 spawn=(-26214,0,-3861)
[aot] DOOR FIRE slot=5 rect=(0,0,hw=0,hh=0) target_cut=0 spawn=(-26214,0,-3861)
[aot] DOOR FIRE slot=5 rect=(0,0,hw=0,hh=0) target_cut=0 spawn=(-26214,0,-3861)
[aot] DOOR FIRE slot=5 rect=(0,0,hw=0,hh=0) target_cut=0 spawn=(-26214,0,-3861)
[aot] DOOR FIRE slot=5 rect=(0,0,hw=0,hh=0) target_cut=0 spawn=(-26214,0,-3861)
[aot] DOOR FIRE slot=5 rect=(0,0,hw=0,hh=0) target_cut=0 spawn=(-26214,0,-3861)
[aot] DOOR FIRE slot=5 rect=(0,0,hw=0,hh=0) target_cut=0 spawn=(-26214,0,-3861)
[aot] DOOR FIRE slot=5 rect=(0,0,hw=0,hh=0) target_cut=0 spawn=(-26214,0,-3861)
[aot] DOOR FIRE slot=5 rect=(0,0,hw=0,hh=0) target_cut=0 spawn=(-26214,0,-3861)
[aot] DOOR FIRE slot=5 rect=(0,0,hw=0,hh=0) target_cut=0 spawn=(-26214,0,-3861)
[aot] DOOR FIRE slot=5 rect=(0,0,hw=0,hh=0) target_cut=0 spawn=(-26214,0,-3861)
=== R16 SKEPTIKER birkin-g5: Modus C x0=0 ===
KAMPF-GATE: Kamera 12 bei Bild 180, Spieler x=13399, Boss pos=(-9000,-23400) clip=1 pending_vor_gate=-1
-- C) 3000 Bilder, Spieler |dx|=6500 oestlich, HP je Bild zurueck; je Treffer alle Arme --
ERGEBNIS C: Treffer=0, davon Arm1 in c21=0, mit irgendeiner Spitze <1500=0; pending ab Bild -1
