# RE1.5 Port — BEFUND-LOG (Sep 27 2026 21:35:52)
# Eine Zeile je 15 Bilder, dazu jede F9-MARKE.
# Spalten:
#   F<n>        Bildnummer
#   R<xxxx> C<n> Raum und Kamerawinkel
#   pos=(x,y,z) Weltlage der Figur, rot = Blickrichtung (0..4095)
#   vz=a/b/c    Kamera-Tiefe von FUSS / HUEFTE / KOPF
#   scr=(x,y)   Fusspunkt im 320x240-Bild
#   kasten=...  geschaetzter Bildkasten der Figur (Messgroesse)
#   masken=n    geladene Vordergrund-Masken dieses Winkels
#   [i:(x,y)wxh t=T z=Z DECKT|frei]  jede Maske, die den Kasten beruehrt.
#       Der Zeichner verdeckt, sobald die Figur-Tiefe >= z ist
#       (z = (T+1)*65536/1023, Original-Regel depth < (1023*vz)>>16, strikt).
#       'frei' heisst: die Figur steht VOR dieser Maske.
# ---------------------------------------------------------------
F0       R1070 C2  hp=85   pos=( 15392,     0,  6583) rot=480   vz=12009/11689/11369 scr=(145,105) kasten=x135..155,y73..108 masken=40 | [8:(112,78)24x8 t=106 z=6854 DECKT] [9:(112,86)32x8 t=103 z=6662 DECKT] [10:(112,94
F15      R1070 C2  hp=85   pos=( 15392,     0,  6583) rot=384   vz=12009/11689/11369 scr=(145,105) kasten=x135..155,y73..108 masken=40 | [8:(112,78)24x8 t=106 z=6854 DECKT] [9:(112,86)32x8 t=103 z=6662 DECKT] [10:(112,94
F30      R1070 C2  hp=85   pos=( 15392,     0,  6583) rot=-576  vz=12009/11689/11369 scr=(145,105) kasten=x135..155,y73..108 masken=40 | [8:(112,78)24x8 t=106 z=6854 DECKT] [9:(112,86)32x8 t=103 z=6662 DECKT] [10:(112,94
F45      R1070 C2  hp=85   pos=( 15392,     0,  6000) rot=648   vz=11813/11493/11173 scr=(154,106) kasten=x144..164,y74..109 masken=40 | [10:(112,94)48x8 t=99 z=6406 DECKT] [11:(112,102)56x16 t=101 z=6534 DECKT] [27:(111
F60      R1070 C2  hp=85   pos=( 15392,     0,  3204) rot=792   vz=10873/10553/10233 scr=(202,114) kasten=x191..213,y79..117 masken=40 | [14:(168,102)24x8 t=119 z=7687 DECKT] [15:(168,110)24x8 t=105 z=6790 DECKT] [35:(17
F75      R1070 C2  hp=85   pos=( 17213,     0,  1354) rot=72    vz=11785/11465/11145 scr=(241,107) kasten=x231..251,y74..110 masken=40 | keine Maske am Koerper
F90      R1070 C6  hp=85   pos=( 19743,     0,  2542) rot=-576  vz= 6960/ 6471/ 5982 scr=(215,152) kasten=x199..231,y99..155 masken=19 | [10:(192,121)8x24 t=57 z=3715 DECKT]
F105     R1070 C6  hp=85   pos=( 19743,     0,  2542) rot=3043  vz= 6960/ 6471/ 5982 scr=(215,152) kasten=x199..231,y99..155 masken=19 | [10:(192,121)8x24 t=57 z=3715 DECKT]
F120     R1070 C6  hp=85   pos=( 19743,     0,  2542) rot=3041  vz= 6960/ 6471/ 5982 scr=(215,152) kasten=x199..231,y99..155 masken=19 | [10:(192,121)8x24 t=57 z=3715 DECKT]
F135     R1070 C6  hp=85   pos=( 19743,     0,  2542) rot=3041  vz= 6960/ 6471/ 5982 scr=(215,152) kasten=x199..231,y99..155 masken=19 | [10:(192,121)8x24 t=57 z=3715 DECKT]
F150     R1070 C6  hp=85   pos=( 19743,     0,  2542) rot=3041  vz= 6960/ 6471/ 5982 scr=(215,152) kasten=x199..231,y99..155 masken=19 | [10:(192,121)8x24 t=57 z=3715 DECKT]
F165     R1070 C6  hp=85   pos=( 19743,     0,  2542) rot=3041  vz= 6960/ 6471/ 5982 scr=(215,152) kasten=x199..231,y99..155 masken=19 | [10:(192,121)8x24 t=57 z=3715 DECKT]
F180     R1070 C6  hp=85   pos=( 19743,     0,  2542) rot=3041  vz= 6960/ 6471/ 5982 scr=(215,152) kasten=x199..231,y99..155 masken=19 | [10:(192,121)8x24 t=57 z=3715 DECKT]
F195     R1070 C6  hp=85   pos=( 19743,     0,  2542) rot=3041  vz= 6960/ 6471/ 5982 scr=(215,152) kasten=x199..231,y99..155 masken=19 | [10:(192,121)8x24 t=57 z=3715 DECKT]
F210     R1070 C6  hp=85   pos=( 19743,     0,  2542) rot=3041  vz= 6960/ 6471/ 5982 scr=(215,152) kasten=x199..231,y99..155 masken=19 | [10:(192,121)8x24 t=57 z=3715 DECKT]
F225     R1070 C6  hp=85   pos=( 19743,     0,  2542) rot=3041  vz= 6960/ 6471/ 5982 scr=(215,152) kasten=x199..231,y99..155 masken=19 | [10:(192,121)8x24 t=57 z=3715 DECKT]
F240     R1070 C6  hp=85   pos=( 19743,     0,  2542) rot=3401  vz= 6960/ 6471/ 5982 scr=(215,152) kasten=x199..231,y99..155 masken=19 | [10:(192,121)8x24 t=57 z=3715 DECKT]
F255     R1070 C6  hp=85   pos=( 19743,     0,  2542) rot=3041  vz= 6960/ 6471/ 5982 scr=(215,152) kasten=x199..231,y99..155 masken=19 | [10:(192,121)8x24 t=57 z=3715 DECKT]
F270     R1070 C6  hp=85   pos=( 19743,     0,  2542) rot=3041  vz= 6960/ 6471/ 5982 scr=(215,152) kasten=x199..231,y99..155 masken=19 | [10:(192,121)8x24 t=57 z=3715 DECKT]
F285     R1070 C6  hp=85   pos=( 19743,     0,  2542) rot=3041  vz= 6960/ 6471/ 5982 scr=(215,152) kasten=x199..231,y99..155 masken=19 | [10:(192,121)8x24 t=57 z=3715 DECKT]
F300     R1070 C6  hp=85   pos=( 19743,     0,  2542) rot=3041  vz= 6960/ 6471/ 5982 scr=(215,152) kasten=x199..231,y99..155 masken=19 | [10:(192,121)8x24 t=57 z=3715 DECKT]
F315     R1070 C6  hp=85   pos=( 19743,     0,  2542) rot=3041  vz= 6960/ 6471/ 5982 scr=(215,152) kasten=x199..231,y99..155 masken=19 | [10:(192,121)8x24 t=57 z=3715 DECKT]
F330     R1070 C6  hp=85   pos=( 19743,     0,  2542) rot=3041  vz= 6960/ 6471/ 5982 scr=(215,152) kasten=x199..231,y99..155 masken=19 | [10:(192,121)8x24 t=57 z=3715 DECKT]
F345     R1070 C6  hp=85   pos=( 19743,     0,  2542) rot=3041  vz= 6960/ 6471/ 5982 scr=(215,152) kasten=x199..231,y99..155 masken=19 | [10:(192,121)8x24 t=57 z=3715 DECKT]
F360     R1070 C6  hp=85   pos=( 19743,     0,  2542) rot=3041  vz= 6960/ 6471/ 5982 scr=(215,152) kasten=x199..231,y99..155 masken=19 | [10:(192,121)8x24 t=57 z=3715 DECKT]
F375     R1070 C6  hp=85   pos=( 19743,     0,  2542) rot=3041  vz= 6960/ 6471/ 5982 scr=(215,152) kasten=x199..231,y99..155 masken=19 | [10:(192,121)8x24 t=57 z=3715 DECKT]
F390     R1070 C6  hp=85   pos=( 19743,     0,  2542) rot=3041  vz= 6960/ 6471/ 5982 scr=(215,152) kasten=x199..231,y99..155 masken=19 | [10:(192,121)8x24 t=57 z=3715 DECKT]
# RE1.5 Port — BEFUND-LOG (Sep 27 2026 21:35:52)
# Eine Zeile je 15 Bilder, dazu jede F9-MARKE.
# Spalten:
#   F<n>        Bildnummer
#   R<xxxx> C<n> Raum und Kamerawinkel
#   pos=(x,y,z) Weltlage der Figur, rot = Blickrichtung (0..4095)
#   vz=a/b/c    Kamera-Tiefe von FUSS / HUEFTE / KOPF
#   scr=(x,y)   Fusspunkt im 320x240-Bild
#   kasten=...  geschaetzter Bildkasten der Figur (Messgroesse)
#   masken=n    geladene Vordergrund-Masken dieses Winkels
#   [i:(x,y)wxh t=T z=Z DECKT|frei]  jede Maske, die den Kasten beruehrt.
#       Der Zeichner verdeckt, sobald die Figur-Tiefe >= z ist
#       (z = (T+1)*65536/1023, Original-Regel depth < (1023*vz)>>16, strikt).
#       'frei' heisst: die Figur steht VOR dieser Maske.
# ---------------------------------------------------------------
F0       R1070 C2  hp=85   pos=( 15392,     0,  6583) rot=480   vz=12009/11689/11369 scr=(145,105) kasten=x135..155,y73..108 masken=40 | [8:(112,78)24x8 t=106 z=6854 DECKT] [9:(112,86)32x8 t=103 z=6662 DECKT] [10:(112,94
F15      R1070 C2  hp=85   pos=( 15392,     0,  6583) rot=480   vz=12009/11689/11369 scr=(145,105) kasten=x135..155,y73..108 masken=40 | [8:(112,78)24x8 t=106 z=6854 DECKT] [9:(112,86)32x8 t=103 z=6662 DECKT] [10:(112,94
F30      R1070 C2  hp=85   pos=( 15392,     0,  6583) rot=480   vz=12009/11689/11369 scr=(145,105) kasten=x135..155,y73..108 masken=40 | [8:(112,78)24x8 t=106 z=6854 DECKT] [9:(112,86)32x8 t=103 z=6662 DECKT] [10:(112,94
F45      R1070 C2  hp=85   pos=( 15392,     0,  6583) rot=480   vz=12009/11689/11369 scr=(145,105) kasten=x135..155,y73..108 masken=40 | [8:(112,78)24x8 t=106 z=6854 DECKT] [9:(112,86)32x8 t=103 z=6662 DECKT] [10:(112,94
F60      R1070 C2  hp=85   pos=( 15392,     0,  6583) rot=480   vz=12009/11689/11369 scr=(145,105) kasten=x135..155,y73..108 masken=40 | [8:(112,78)24x8 t=106 z=6854 DECKT] [9:(112,86)32x8 t=103 z=6662 DECKT] [10:(112,94
F75      R1070 C2  hp=85   pos=( 15392,     0,  6583) rot=480   vz=12009/11689/11369 scr=(145,105) kasten=x135..155,y73..108 masken=40 | [8:(112,78)24x8 t=106 z=6854 DECKT] [9:(112,86)32x8 t=103 z=6662 DECKT] [10:(112,94
F90      R1070 C2  hp=85   pos=( 15392,     0,  6583) rot=480   vz=12009/11689/11369 scr=(145,105) kasten=x135..155,y73..108 masken=40 | [8:(112,78)24x8 t=106 z=6854 DECKT] [9:(112,86)32x8 t=103 z=6662 DECKT] [10:(112,94
F105     R1070 C2  hp=85   pos=( 15392,     0,  6583) rot=480   vz=12009/11689/11369 scr=(145,105) kasten=x135..155,y73..108 masken=40 | [8:(112,78)24x8 t=106 z=6854 DECKT] [9:(112,86)32x8 t=103 z=6662 DECKT] [10:(112,94
F120     R1070 C2  hp=85   pos=( 15392,     0,  6583) rot=480   vz=12009/11689/11369 scr=(145,105) kasten=x135..155,y73..108 masken=40 | [8:(112,78)24x8 t=106 z=6854 DECKT] [9:(112,86)32x8 t=103 z=6662 DECKT] [10:(112,94
F135     R1070 C2  hp=85   pos=( 15392,     0,  6583) rot=480   vz=12009/11689/11369 scr=(145,105) kasten=x135..155,y73..108 masken=40 | [8:(112,78)24x8 t=106 z=6854 DECKT] [9:(112,86)32x8 t=103 z=6662 DECKT] [10:(112,94
F150     R1070 C2  hp=85   pos=( 15392,     0,  6583) rot=480   vz=12009/11689/11369 scr=(145,105) kasten=x135..155,y73..108 masken=40 | [8:(112,78)24x8 t=106 z=6854 DECKT] [9:(112,86)32x8 t=103 z=6662 DECKT] [10:(112,94
F165     R1070 C2  hp=85   pos=( 15392,     0,  6583) rot=480   vz=12009/11689/11369 scr=(145,105) kasten=x135..155,y73..108 masken=40 | [8:(112,78)24x8 t=106 z=6854 DECKT] [9:(112,86)32x8 t=103 z=6662 DECKT] [10:(112,94
F180     R1070 C2  hp=85   pos=( 15392,     0,  6583) rot=480   vz=12009/11689/11369 scr=(145,105) kasten=x135..155,y73..108 masken=40 | [8:(112,78)24x8 t=106 z=6854 DECKT] [9:(112,86)32x8 t=103 z=6662 DECKT] [10:(112,94
F195     R1070 C2  hp=85   pos=( 15392,     0,  6583) rot=480   vz=12009/11689/11369 scr=(145,105) kasten=x135..155,y73..108 masken=40 | [8:(112,78)24x8 t=106 z=6854 DECKT] [9:(112,86)32x8 t=103 z=6662 DECKT] [10:(112,94
F210     R1070 C2  hp=85   pos=( 15392,     0,  6583) rot=480   vz=12009/11689/11369 scr=(145,105) kasten=x135..155,y73..108 masken=40 | [8:(112,78)24x8 t=106 z=6854 DECKT] [9:(112,86)32x8 t=103 z=6662 DECKT] [10:(112,94
F225     R1070 C2  hp=85   pos=( 15392,     0,  6583) rot=480   vz=12009/11689/11369 scr=(145,105) kasten=x135..155,y73..108 masken=40 | [8:(112,78)24x8 t=106 z=6854 DECKT] [9:(112,86)32x8 t=103 z=6662 DECKT] [10:(112,94

=========== MARKE 1 (F9) ===========
  Bild: C:/workspace/git/reAi_v2/re15_port/build/platform/pc/befund_1070_F233_marke1.bmp
F233     R1070 C2  hp=85   pos=( 15392,     0,  6583) rot=480   vz=12009/11689/11369 scr=(145,105) kasten=x135..155,y73..108 masken=40 | [8:(112,78)24x8 t=106 z=6854 DECKT] [9:(112,86)32x8 t=103 z=6662 DECKT] [10:(112,94
  alle 40 Masken dieses Winkels (Nr:(x,y)bxh Tiefe -> Kamera-z):
      0:(  0, 70) 56x8   t=161 z=10378   1:(  0, 78)112x8   t=100 z=6470    2:(  0, 86)112x8   t=109 z=7046    3:(  0, 94)112x16  t=102 z=6598 
      4:( 24,110) 88x8   t=104 z=6726    5:( 64,118) 48x8   t=94  z=6085    6:(104,126)  8x8   t=90  z=5829    7:( 80, 70) 16x8   t=232 z=14926
      8:(112, 78) 24x8   t=106 z=6854    9:(112, 86) 32x8   t=103 z=6662   10:(112, 94) 48x8   t=99  z=6406   11:(112,102) 56x16  t=101 z=6534 
     12:(112,118) 56x16  t=91  z=5893   13:(144,134) 24x8   t=85  z=5509   14:(168,102) 24x8   t=119 z=7687   15:(168,110) 24x8   t=105 z=6790 
     16:(168,118) 24x8   t=96  z=6214   17:(168,126) 24x8   t=98  z=6342   18:(168,134) 24x8   t=100 z=6470   19:(168,142)  8x24  t=102 z=6598 
     20:( 71, 52) 40x8   t=303 z=19475  21:( 55, 60) 56x16  t=237 z=15246  22:( 55, 76)  8x8   t=224 z=14414  23:( 71, 76) 40x8   t=233 z=14990
     24:(103, 84)  8x8   t=224 z=14414  25:(111, 52) 40x8   t=828 z=53107  26:(159, 52) 16x8   t=224 z=14414  27:(111, 60) 64x16  t=221 z=14221
     28:(111, 76) 64x8   t=222 z=14285  29:(111, 84) 16x8   t=210 z=13517  30:(135, 84) 16x8   t=112 z=7239   31:(151, 84)  8x24  t=200 z=12876
     32:(159, 84)  8x24  t=187 z=12043  33:(167, 84)  8x16  t=216 z=13901  34:(175, 60)  8x8   t=278 z=17873  35:(175, 68) 40x16  t=170 z=10954
     36:(215, 68)  8x8   t=242 z=15567  37:(175, 84) 40x8   t=171 z=11018  38:(199, 92)  8x24  t=177 z=11403  39:(207, 92)  8x8   t=219 z=14093
  Gegner im Raum:
     3  typ=0x10 st=1 ss= 0/1  clip=0   bild=34  hp=80   dist=4190   pos=( 19572,     0,  7124) rot=1767  spd=0    fl22a=0000 grid=00 anim=0004 1D3=00 +0x93=00 treffbar=ja
     4  typ=0x11 st=1 ss= 0/1  clip=0   bild=36  hp=250  dist=5585   pos=( 19944,     0,  9824) rot=3767  spd=0    fl22a=0000 grid=00 anim=0004 1D3=00 +0x93=00 treffbar=ja
     5  typ=0x11 st=1 ss= 0/1  clip=0   bild=33  hp=250  dist=16384  pos=(   844,     0, 14124) rot=1791  spd=0    fl22a=0000 grid=00 anim=0004 1D3=00 +0x93=00 treffbar=ja
  Opfer-FSM des Spielers: state=0 typ=0x00
  Gezeichnete Dreiecke: Kamera-z 10563..12376 (Maskentiefe 165..193)
====================================
F240     R1070 C2  hp=85   pos=( 15392,     0,  6583) rot=480   vz=12009/11689/11369 scr=(145,105) kasten=x135..155,y73..108 masken=40 | [8:(112,78)24x8 t=106 z=6854 DECKT] [9:(112,86)32x8 t=103 z=6662 DECKT] [10:(112,94
F255     R1070 C2  hp=85   pos=( 15392,     0,  6583) rot=480   vz=12009/11689/11369 scr=(145,105) kasten=x135..155,y73..108 masken=40 | [8:(112,78)24x8 t=106 z=6854 DECKT] [9:(112,86)32x8 t=103 z=6662 DECKT] [10:(112,94
F270     R1070 C2  hp=85   pos=( 15392,     0,  6583) rot=480   vz=12009/11689/11369 scr=(145,105) kasten=x135..155,y73..108 masken=40 | [8:(112,78)24x8 t=106 z=6854 DECKT] [9:(112,86)32x8 t=103 z=6662 DECKT] [10:(112,94
F285     R1070 C2  hp=85   pos=( 15392,     0,  6583) rot=480   vz=12009/11689/11369 scr=(145,105) kasten=x135..155,y73..108 masken=40 | [8:(112,78)24x8 t=106 z=6854 DECKT] [9:(112,86)32x8 t=103 z=6662 DECKT] [10:(112,94
F300     R1070 C2  hp=85   pos=( 15392,     0,  6583) rot=480   vz=12009/11689/11369 scr=(145,105) kasten=x135..155,y73..108 masken=40 | [8:(112,78)24x8 t=106 z=6854 DECKT] [9:(112,86)32x8 t=103 z=6662 DECKT] [10:(112,94
F315     R1070 C2  hp=85   pos=( 15392,     0,  6583) rot=480   vz=12009/11689/11369 scr=(145,105) kasten=x135..155,y73..108 masken=40 | [8:(112,78)24x8 t=106 z=6854 DECKT] [9:(112,86)32x8 t=103 z=6662 DECKT] [10:(112,94
F330     R1070 C2  hp=85   pos=( 15392,     0,  6583) rot=480   vz=12009/11689/11369 scr=(145,105) kasten=x135..155,y73..108 masken=40 | [8:(112,78)24x8 t=106 z=6854 DECKT] [9:(112,86)32x8 t=103 z=6662 DECKT] [10:(112,94
F345     R1070 C2  hp=85   pos=( 15392,     0,  6583) rot=480   vz=12009/11689/11369 scr=(145,105) kasten=x135..155,y73..108 masken=40 | [8:(112,78)24x8 t=106 z=6854 DECKT] [9:(112,86)32x8 t=103 z=6662 DECKT] [10:(112,94
F360     R1070 C2  hp=85   pos=( 15392,     0,  6583) rot=480   vz=12009/11689/11369 scr=(145,105) kasten=x135..155,y73..108 masken=40 | [8:(112,78)24x8 t=106 z=6854 DECKT] [9:(112,86)32x8 t=103 z=6662 DECKT] [10:(112,94
F375     R1070 C2  hp=85   pos=( 15392,     0,  6583) rot=480   vz=12009/11689/11369 scr=(145,105) kasten=x135..155,y73..108 masken=40 | [8:(112,78)24x8 t=106 z=6854 DECKT] [9:(112,86)32x8 t=103 z=6662 DECKT] [10:(112,94
F390     R1070 C2  hp=85   pos=( 15392,     0,  6583) rot=480   vz=12009/11689/11369 scr=(145,105) kasten=x135..155,y73..108 masken=40 | [8:(112,78)24x8 t=106 z=6854 DECKT] [9:(112,86)32x8 t=103 z=6662 DECKT] [10:(112,94
F405     R1070 C2  hp=85   pos=( 15392,     0,  6583) rot=480   vz=12009/11689/11369 scr=(145,105) kasten=x135..155,y73..108 masken=40 | [8:(112,78)24x8 t=106 z=6854 DECKT] [9:(112,86)32x8 t=103 z=6662 DECKT] [10:(112,94
F420     R1070 C2  hp=85   pos=( 15392,     0,  6583) rot=480   vz=12009/11689/11369 scr=(145,105) kasten=x135..155,y73..108 masken=40 | [8:(112,78)24x8 t=106 z=6854 DECKT] [9:(112,86)32x8 t=103 z=6662 DECKT] [10:(112,94
F435     R1070 C2  hp=85   pos=( 15392,     0,  6583) rot=480   vz=12009/11689/11369 scr=(145,105) kasten=x135..155,y73..108 masken=40 | [8:(112,78)24x8 t=106 z=6854 DECKT] [9:(112,86)32x8 t=103 z=6662 DECKT] [10:(112,94
F450     R1070 C2  hp=85   pos=( 15392,     0,  6583) rot=480   vz=12009/11689/11369 scr=(145,105) kasten=x135..155,y73..108 masken=40 | [8:(112,78)24x8 t=106 z=6854 DECKT] [9:(112,86)32x8 t=103 z=6662 DECKT] [10:(112,94
F465     R1070 C2  hp=85   pos=( 15392,     0,  6583) rot=480   vz=12009/11689/11369 scr=(145,105) kasten=x135..155,y73..108 masken=40 | [8:(112,78)24x8 t=106 z=6854 DECKT] [9:(112,86)32x8 t=103 z=6662 DECKT] [10:(112,94
F480     R1070 C2  hp=85   pos=( 15392,     0,  6583) rot=480   vz=12009/11689/11369 scr=(145,105) kasten=x135..155,y73..108 masken=40 | [8:(112,78)24x8 t=106 z=6854 DECKT] [9:(112,86)32x8 t=103 z=6662 DECKT] [10:(112,94
F495     R1070 C2  hp=85   pos=( 15392,     0,  6583) rot=480   vz=12009/11689/11369 scr=(145,105) kasten=x135..155,y73..108 masken=40 | [8:(112,78)24x8 t=106 z=6854 DECKT] [9:(112,86)32x8 t=103 z=6662 DECKT] [10:(112,94
F510     R1070 C2  hp=85   pos=( 15392,     0,  6583) rot=480   vz=12009/11689/11369 scr=(145,105) kasten=x135..155,y73..108 masken=40 | [8:(112,78)24x8 t=106 z=6854 DECKT] [9:(112,86)32x8 t=103 z=6662 DECKT] [10:(112,94
F525     R1070 C2  hp=85   pos=( 15392,     0,  6583) rot=480   vz=12009/11689/11369 scr=(145,105) kasten=x135..155,y73..108 masken=40 | [8:(112,78)24x8 t=106 z=6854 DECKT] [9:(112,86)32x8 t=103 z=6662 DECKT] [10:(112,94
F540     R1070 C2  hp=85   pos=( 15392,     0,  6583) rot=480   vz=12009/11689/11369 scr=(145,105) kasten=x135..155,y73..108 masken=40 | [8:(112,78)24x8 t=106 z=6854 DECKT] [9:(112,86)32x8 t=103 z=6662 DECKT] [10:(112,94
F555     R1070 C2  hp=85   pos=( 15392,     0,  6583) rot=480   vz=12009/11689/11369 scr=(145,105) kasten=x135..155,y73..108 masken=40 | [8:(112,78)24x8 t=106 z=6854 DECKT] [9:(112,86)32x8 t=103 z=6662 DECKT] [10:(112,94
F570     R1070 C2  hp=85   pos=( 15392,     0,  6583) rot=480   vz=12009/11689/11369 scr=(145,105) kasten=x135..155,y73..108 masken=40 | [8:(112,78)24x8 t=106 z=6854 DECKT] [9:(112,86)32x8 t=103 z=6662 DECKT] [10:(112,94
F585     R1070 C2  hp=85   pos=( 15392,     0,  6583) rot=480   vz=12009/11689/11369 scr=(145,105) kasten=x135..155,y73..108 masken=40 | [8:(112,78)24x8 t=106 z=6854 DECKT] [9:(112,86)32x8 t=103 z=6662 DECKT] [10:(112,94
F600     R1070 C2  hp=85   pos=( 15392,     0,  6583) rot=480   vz=12009/11689/11369 scr=(145,105) kasten=x135..155,y73..108 masken=40 | [8:(112,78)24x8 t=106 z=6854 DECKT] [9:(112,86)32x8 t=103 z=6662 DECKT] [10:(112,94
F615     R1070 C2  hp=85   pos=( 15392,     0,  6583) rot=480   vz=12009/11689/11369 scr=(145,105) kasten=x135..155,y73..108 masken=40 | [8:(112,78)24x8 t=106 z=6854 DECKT] [9:(112,86)32x8 t=103 z=6662 DECKT] [10:(112,94
F630     R1070 C2  hp=85   pos=( 15392,     0,  6583) rot=480   vz=12009/11689/11369 scr=(145,105) kasten=x135..155,y73..108 masken=40 | [8:(112,78)24x8 t=106 z=6854 DECKT] [9:(112,86)32x8 t=103 z=6662 DECKT] [10:(112,94
F645     R1070 C2  hp=85   pos=( 15392,     0,  6583) rot=480   vz=12009/11689/11369 scr=(145,105) kasten=x135..155,y73..108 masken=40 | [8:(112,78)24x8 t=106 z=6854 DECKT] [9:(112,86)32x8 t=103 z=6662 DECKT] [10:(112,94
F660     R1070 C2  hp=85   pos=( 15392,     0,  6583) rot=480   vz=12009/11689/11369 scr=(145,105) kasten=x135..155,y73..108 masken=40 | [8:(112,78)24x8 t=106 z=6854 DECKT] [9:(112,86)32x8 t=103 z=6662 DECKT] [10:(112,94
F675     R1070 C2  hp=85   pos=( 15392,     0,  6583) rot=480   vz=12009/11689/11369 scr=(145,105) kasten=x135..155,y73..108 masken=40 | [8:(112,78)24x8 t=106 z=6854 DECKT] [9:(112,86)32x8 t=103 z=6662 DECKT] [10:(112,94
F690     R1070 C2  hp=85   pos=( 15392,     0,  6583) rot=480   vz=12009/11689/11369 scr=(145,105) kasten=x135..155,y73..108 masken=40 | [8:(112,78)24x8 t=106 z=6854 DECKT] [9:(112,86)32x8 t=103 z=6662 DECKT] [10:(112,94
F705     R1070 C2  hp=85   pos=( 15392,     0,  6583) rot=480   vz=12009/11689/11369 scr=(145,105) kasten=x135..155,y73..108 masken=40 | [8:(112,78)24x8 t=106 z=6854 DECKT] [9:(112,86)32x8 t=103 z=6662 DECKT] [10:(112,94
F720     R1070 C2  hp=85   pos=( 15392,     0,  6583) rot=480   vz=12009/11689/11369 scr=(145,105) kasten=x135..155,y73..108 masken=40 | [8:(112,78)24x8 t=106 z=6854 DECKT] [9:(112,86)32x8 t=103 z=6662 DECKT] [10:(112,94
# RE1.5 Port — BEFUND-LOG (Sep 27 2026 21:35:52)
# Eine Zeile je 15 Bilder, dazu jede F9-MARKE.
# Spalten:
#   F<n>        Bildnummer
#   R<xxxx> C<n> Raum und Kamerawinkel
#   pos=(x,y,z) Weltlage der Figur, rot = Blickrichtung (0..4095)
#   vz=a/b/c    Kamera-Tiefe von FUSS / HUEFTE / KOPF
#   scr=(x,y)   Fusspunkt im 320x240-Bild
#   kasten=...  geschaetzter Bildkasten der Figur (Messgroesse)
#   masken=n    geladene Vordergrund-Masken dieses Winkels
#   [i:(x,y)wxh t=T z=Z DECKT|frei]  jede Maske, die den Kasten beruehrt.
#       Der Zeichner verdeckt, sobald die Figur-Tiefe >= z ist
#       (z = (T+1)*65536/1023, Original-Regel depth < (1023*vz)>>16, strikt).
#       'frei' heisst: die Figur steht VOR dieser Maske.
# ---------------------------------------------------------------
F0       R1070 C2  hp=40   pos=( 15392,     0,  6276) rot=4169  vz=11906/11586/11266 scr=(150,106) kasten=x140..160,y74..109 masken=40 | [9:(112,86)32x8 t=103 z=6662 DECKT] [10:(112,94)48x8 t=99 z=6406 DECKT] [11:(112,10
F15      R1070 C2  hp=40   pos=( 15392,     0,  6276) rot=4169  vz=11906/11586/11266 scr=(150,106) kasten=x140..160,y74..109 masken=40 | [9:(112,86)32x8 t=103 z=6662 DECKT] [10:(112,94)48x8 t=99 z=6406 DECKT] [11:(112,10
F30      R1070 C2  hp=40   pos=( 15392,     0,  6276) rot=4169  vz=11906/11586/11266 scr=(150,106) kasten=x140..160,y74..109 masken=40 | [9:(112,86)32x8 t=103 z=6662 DECKT] [10:(112,94)48x8 t=99 z=6406 DECKT] [11:(112,10
F45      R1070 C2  hp=40   pos=( 15392,     0,  6276) rot=4169  vz=11906/11586/11266 scr=(150,106) kasten=x140..160,y74..109 masken=40 | [9:(112,86)32x8 t=103 z=6662 DECKT] [10:(112,94)48x8 t=99 z=6406 DECKT] [11:(112,10
F60      R1070 C2  hp=40   pos=( 15392,     0,  6276) rot=4169  vz=11906/11586/11266 scr=(150,106) kasten=x140..160,y74..109 masken=40 | [9:(112,86)32x8 t=103 z=6662 DECKT] [10:(112,94)48x8 t=99 z=6406 DECKT] [11:(112,10
F75      R1070 C2  hp=40   pos=( 15392,     0,  6276) rot=4169  vz=11906/11586/11266 scr=(150,106) kasten=x140..160,y74..109 masken=40 | [9:(112,86)32x8 t=103 z=6662 DECKT] [10:(112,94)48x8 t=99 z=6406 DECKT] [11:(112,10
F90      R1070 C2  hp=40   pos=( 15392,     0,  6276) rot=4169  vz=11906/11586/11266 scr=(150,106) kasten=x140..160,y74..109 masken=40 | [9:(112,86)32x8 t=103 z=6662 DECKT] [10:(112,94)48x8 t=99 z=6406 DECKT] [11:(112,10
F105     R1070 C2  hp=40   pos=( 15392,     0,  6276) rot=4169  vz=11906/11586/11266 scr=(150,106) kasten=x140..160,y74..109 masken=40 | [9:(112,86)32x8 t=103 z=6662 DECKT] [10:(112,94)48x8 t=99 z=6406 DECKT] [11:(112,10
F120     R1070 C2  hp=40   pos=( 15392,     0,  6276) rot=4169  vz=11906/11586/11266 scr=(150,106) kasten=x140..160,y74..109 masken=40 | [9:(112,86)32x8 t=103 z=6662 DECKT] [10:(112,94)48x8 t=99 z=6406 DECKT] [11:(112,10
F135     R1070 C2  hp=40   pos=( 15392,     0,  6276) rot=4169  vz=11906/11586/11266 scr=(150,106) kasten=x140..160,y74..109 masken=40 | [9:(112,86)32x8 t=103 z=6662 DECKT] [10:(112,94)48x8 t=99 z=6406 DECKT] [11:(112,10
F150     R1070 C2  hp=40   pos=( 15392,     0,  6276) rot=4169  vz=11906/11586/11266 scr=(150,106) kasten=x140..160,y74..109 masken=40 | [9:(112,86)32x8 t=103 z=6662 DECKT] [10:(112,94)48x8 t=99 z=6406 DECKT] [11:(112,10
F165     R1070 C2  hp=40   pos=( 15392,     0,  6276) rot=4169  vz=11906/11586/11266 scr=(150,106) kasten=x140..160,y74..109 masken=40 | [9:(112,86)32x8 t=103 z=6662 DECKT] [10:(112,94)48x8 t=99 z=6406 DECKT] [11:(112,10
F180     R1070 C2  hp=40   pos=( 15392,     0,  6276) rot=4169  vz=11906/11586/11266 scr=(150,106) kasten=x140..160,y74..109 masken=40 | [9:(112,86)32x8 t=103 z=6662 DECKT] [10:(112,94)48x8 t=99 z=6406 DECKT] [11:(112,10
F195     R1070 C2  hp=40   pos=( 15392,     0,  6276) rot=4169  vz=11906/11586/11266 scr=(150,106) kasten=x140..160,y74..109 masken=40 | [9:(112,86)32x8 t=103 z=6662 DECKT] [10:(112,94)48x8 t=99 z=6406 DECKT] [11:(112,10
F210     R1070 C2  hp=40   pos=( 15392,     0,  6276) rot=4169  vz=11906/11586/11266 scr=(150,106) kasten=x140..160,y74..109 masken=40 | [9:(112,86)32x8 t=103 z=6662 DECKT] [10:(112,94)48x8 t=99 z=6406 DECKT] [11:(112,10
F225     R1070 C2  hp=40   pos=( 15392,     0,  6276) rot=4169  vz=11906/11586/11266 scr=(150,106) kasten=x140..160,y74..109 masken=40 | [9:(112,86)32x8 t=103 z=6662 DECKT] [10:(112,94)48x8 t=99 z=6406 DECKT] [11:(112,10
F240     R1070 C2  hp=40   pos=( 15392,     0,  6276) rot=4169  vz=11906/11586/11266 scr=(150,106) kasten=x140..160,y74..109 masken=40 | [9:(112,86)32x8 t=103 z=6662 DECKT] [10:(112,94)48x8 t=99 z=6406 DECKT] [11:(112,10
F255     R1070 C2  hp=40   pos=( 15392,     0,  6276) rot=4169  vz=11906/11586/11266 scr=(150,106) kasten=x140..160,y74..109 masken=40 | [9:(112,86)32x8 t=103 z=6662 DECKT] [10:(112,94)48x8 t=99 z=6406 DECKT] [11:(112,10
F270     R1070 C2  hp=40   pos=( 15392,     0,  6276) rot=4169  vz=11906/11586/11266 scr=(150,106) kasten=x140..160,y74..109 masken=40 | [9:(112,86)32x8 t=103 z=6662 DECKT] [10:(112,94)48x8 t=99 z=6406 DECKT] [11:(112,10
F285     R1070 C2  hp=40   pos=( 15392,     0,  6276) rot=4169  vz=11906/11586/11266 scr=(150,106) kasten=x140..160,y74..109 masken=40 | [9:(112,86)32x8 t=103 z=6662 DECKT] [10:(112,94)48x8 t=99 z=6406 DECKT] [11:(112,10
F300     R1070 C2  hp=40   pos=( 15392,     0,  6276) rot=4169  vz=11906/11586/11266 scr=(150,106) kasten=x140..160,y74..109 masken=40 | [9:(112,86)32x8 t=103 z=6662 DECKT] [10:(112,94)48x8 t=99 z=6406 DECKT] [11:(112,10
F315     R1070 C2  hp=40   pos=( 15392,     0,  6276) rot=4169  vz=11906/11586/11266 scr=(150,106) kasten=x140..160,y74..109 masken=40 | [9:(112,86)32x8 t=103 z=6662 DECKT] [10:(112,94)48x8 t=99 z=6406 DECKT] [11:(112,10
# RE1.5 Port — BEFUND-LOG (Sep 27 2026 21:35:52)
# Eine Zeile je 15 Bilder, dazu jede F9-MARKE.
# Spalten:
#   F<n>        Bildnummer
#   R<xxxx> C<n> Raum und Kamerawinkel
#   pos=(x,y,z) Weltlage der Figur, rot = Blickrichtung (0..4095)
#   vz=a/b/c    Kamera-Tiefe von FUSS / HUEFTE / KOPF
#   scr=(x,y)   Fusspunkt im 320x240-Bild
#   kasten=...  geschaetzter Bildkasten der Figur (Messgroesse)
#   masken=n    geladene Vordergrund-Masken dieses Winkels
#   [i:(x,y)wxh t=T z=Z DECKT|frei]  jede Maske, die den Kasten beruehrt.
#       Der Zeichner verdeckt, sobald die Figur-Tiefe >= z ist
#       (z = (T+1)*65536/1023, Original-Regel depth < (1023*vz)>>16, strikt).
#       'frei' heisst: die Figur steht VOR dieser Maske.
# ---------------------------------------------------------------
F0       R1070 C2  hp=85   pos=( 15392,     0,  6583) rot=480   vz=12009/11689/11369 scr=(145,105) kasten=x135..155,y73..108 masken=40 | [8:(112,78)24x8 t=106 z=6854 DECKT] [9:(112,86)32x8 t=103 z=6662 DECKT] [10:(112,94
F15      R1070 C2  hp=85   pos=( 15392,     0,  6583) rot=480   vz=12009/11689/11369 scr=(145,105) kasten=x135..155,y73..108 masken=40 | [8:(112,78)24x8 t=106 z=6854 DECKT] [9:(112,86)32x8 t=103 z=6662 DECKT] [10:(112,94
F30      R1070 C2  hp=85   pos=( 15392,     0,  6583) rot=480   vz=12009/11689/11369 scr=(145,105) kasten=x135..155,y73..108 masken=40 | [8:(112,78)24x8 t=106 z=6854 DECKT] [9:(112,86)32x8 t=103 z=6662 DECKT] [10:(112,94
F45      R1070 C2  hp=85   pos=( 15392,     0,  6583) rot=480   vz=12009/11689/11369 scr=(145,105) kasten=x135..155,y73..108 masken=40 | [8:(112,78)24x8 t=106 z=6854 DECKT] [9:(112,86)32x8 t=103 z=6662 DECKT] [10:(112,94
F60      R1070 C2  hp=85   pos=( 15392,     0,  6583) rot=480   vz=12009/11689/11369 scr=(145,105) kasten=x135..155,y73..108 masken=40 | [8:(112,78)24x8 t=106 z=6854 DECKT] [9:(112,86)32x8 t=103 z=6662 DECKT] [10:(112,94
F75      R1070 C2  hp=85   pos=( 15392,     0,  6583) rot=480   vz=12009/11689/11369 scr=(145,105) kasten=x135..155,y73..108 masken=40 | [8:(112,78)24x8 t=106 z=6854 DECKT] [9:(112,86)32x8 t=103 z=6662 DECKT] [10:(112,94
F90      R1070 C2  hp=85   pos=( 15392,     0,  6583) rot=480   vz=12009/11689/11369 scr=(145,105) kasten=x135..155,y73..108 masken=40 | [8:(112,78)24x8 t=106 z=6854 DECKT] [9:(112,86)32x8 t=103 z=6662 DECKT] [10:(112,94
F105     R1070 C2  hp=85   pos=( 15392,     0,  6583) rot=480   vz=12009/11689/11369 scr=(145,105) kasten=x135..155,y73..108 masken=40 | [8:(112,78)24x8 t=106 z=6854 DECKT] [9:(112,86)32x8 t=103 z=6662 DECKT] [10:(112,94
F120     R1070 C2  hp=85   pos=( 15392,     0,  6583) rot=480   vz=12009/11689/11369 scr=(145,105) kasten=x135..155,y73..108 masken=40 | [8:(112,78)24x8 t=106 z=6854 DECKT] [9:(112,86)32x8 t=103 z=6662 DECKT] [10:(112,94
F135     R1070 C2  hp=85   pos=( 15392,     0,  6583) rot=480   vz=12009/11689/11369 scr=(145,105) kasten=x135..155,y73..108 masken=40 | [8:(112,78)24x8 t=106 z=6854 DECKT] [9:(112,86)32x8 t=103 z=6662 DECKT] [10:(112,94
F150     R1070 C2  hp=85   pos=( 15392,     0,  6583) rot=480   vz=12009/11689/11369 scr=(145,105) kasten=x135..155,y73..108 masken=40 | [8:(112,78)24x8 t=106 z=6854 DECKT] [9:(112,86)32x8 t=103 z=6662 DECKT] [10:(112,94
F165     R1070 C2  hp=85   pos=( 15392,     0,  6583) rot=480   vz=12009/11689/11369 scr=(145,105) kasten=x135..155,y73..108 masken=40 | [8:(112,78)24x8 t=106 z=6854 DECKT] [9:(112,86)32x8 t=103 z=6662 DECKT] [10:(112,94
F180     R1070 C2  hp=85   pos=( 15392,     0,  6583) rot=480   vz=12009/11689/11369 scr=(145,105) kasten=x135..155,y73..108 masken=40 | [8:(112,78)24x8 t=106 z=6854 DECKT] [9:(112,86)32x8 t=103 z=6662 DECKT] [10:(112,94
F195     R1070 C2  hp=85   pos=( 15392,     0,  6583) rot=480   vz=12009/11689/11369 scr=(145,105) kasten=x135..155,y73..108 masken=40 | [8:(112,78)24x8 t=106 z=6854 DECKT] [9:(112,86)32x8 t=103 z=6662 DECKT] [10:(112,94
F210     R1070 C2  hp=85   pos=( 15392,     0,  6583) rot=480   vz=12009/11689/11369 scr=(145,105) kasten=x135..155,y73..108 masken=40 | [8:(112,78)24x8 t=106 z=6854 DECKT] [9:(112,86)32x8 t=103 z=6662 DECKT] [10:(112,94
F225     R1070 C2  hp=85   pos=( 15392,     0,  6583) rot=480   vz=12009/11689/11369 scr=(145,105) kasten=x135..155,y73..108 masken=40 | [8:(112,78)24x8 t=106 z=6854 DECKT] [9:(112,86)32x8 t=103 z=6662 DECKT] [10:(112,94
F240     R1070 C2  hp=85   pos=( 15392,     0,  6583) rot=480   vz=12009/11689/11369 scr=(145,105) kasten=x135..155,y73..108 masken=40 | [8:(112,78)24x8 t=106 z=6854 DECKT] [9:(112,86)32x8 t=103 z=6662 DECKT] [10:(112,94
F255     R1070 C2  hp=85   pos=( 15392,     0,  6583) rot=480   vz=12009/11689/11369 scr=(145,105) kasten=x135..155,y73..108 masken=40 | [8:(112,78)24x8 t=106 z=6854 DECKT] [9:(112,86)32x8 t=103 z=6662 DECKT] [10:(112,94

=========== MARKE 1 (F9) ===========
  Bild: C:/workspace/git/reAi_v2/re15_port/build/platform/pc/befund_1070_F259_marke1.bmp
F259     R1070 C2  hp=85   pos=( 15392,     0,  6583) rot=480   vz=12009/11689/11369 scr=(145,105) kasten=x135..155,y73..108 masken=40 | [8:(112,78)24x8 t=106 z=6854 DECKT] [9:(112,86)32x8 t=103 z=6662 DECKT] [10:(112,94
  alle 40 Masken dieses Winkels (Nr:(x,y)bxh Tiefe -> Kamera-z):
      0:(  0, 70) 56x8   t=161 z=10378   1:(  0, 78)112x8   t=100 z=6470    2:(  0, 86)112x8   t=109 z=7046    3:(  0, 94)112x16  t=102 z=6598 
      4:( 24,110) 88x8   t=104 z=6726    5:( 64,118) 48x8   t=94  z=6085    6:(104,126)  8x8   t=90  z=5829    7:( 80, 70) 16x8   t=232 z=14926
      8:(112, 78) 24x8   t=106 z=6854    9:(112, 86) 32x8   t=103 z=6662   10:(112, 94) 48x8   t=99  z=6406   11:(112,102) 56x16  t=101 z=6534 
     12:(112,118) 56x16  t=91  z=5893   13:(144,134) 24x8   t=85  z=5509   14:(168,102) 24x8   t=119 z=7687   15:(168,110) 24x8   t=105 z=6790 
     16:(168,118) 24x8   t=96  z=6214   17:(168,126) 24x8   t=98  z=6342   18:(168,134) 24x8   t=100 z=6470   19:(168,142)  8x24  t=102 z=6598 
     20:( 71, 52) 40x8   t=303 z=19475  21:( 55, 60) 56x16  t=237 z=15246  22:( 55, 76)  8x8   t=224 z=14414  23:( 71, 76) 40x8   t=233 z=14990
     24:(103, 84)  8x8   t=224 z=14414  25:(111, 52) 40x8   t=828 z=53107  26:(159, 52) 16x8   t=224 z=14414  27:(111, 60) 64x16  t=221 z=14221
     28:(111, 76) 64x8   t=222 z=14285  29:(111, 84) 16x8   t=210 z=13517  30:(135, 84) 16x8   t=112 z=7239   31:(151, 84)  8x24  t=200 z=12876
     32:(159, 84)  8x24  t=187 z=12043  33:(167, 84)  8x16  t=216 z=13901  34:(175, 60)  8x8   t=278 z=17873  35:(175, 68) 40x16  t=170 z=10954
     36:(215, 68)  8x8   t=242 z=15567  37:(175, 84) 40x8   t=171 z=11018  38:(199, 92)  8x24  t=177 z=11403  39:(207, 92)  8x8   t=219 z=14093
  Gegner im Raum:
     3  typ=0x10 st=1 ss= 0/1  clip=0   bild=48  hp=80   dist=4190   pos=( 19572,     0,  7124) rot=1767  spd=0    fl22a=0000 grid=00 anim=0004 1D3=00 +0x93=00 treffbar=ja
     4  typ=0x11 st=1 ss= 0/1  clip=0   bild=50  hp=250  dist=5585   pos=( 19944,     0,  9824) rot=3767  spd=0    fl22a=0000 grid=00 anim=0004 1D3=00 +0x93=00 treffbar=ja
     5  typ=0x11 st=1 ss= 0/1  clip=0   bild=47  hp=250  dist=16384  pos=(   844,     0, 14124) rot=1791  spd=0    fl22a=0000 grid=00 anim=0004 1D3=00 +0x93=00 treffbar=ja
  Opfer-FSM des Spielers: state=0 typ=0x00
  Gezeichnete Dreiecke: Kamera-z 10563..12376 (Maskentiefe 165..193)
====================================
F270     R1070 C2  hp=85   pos=( 15392,     0,  6583) rot=480   vz=12009/11689/11369 scr=(145,105) kasten=x135..155,y73..108 masken=40 | [8:(112,78)24x8 t=106 z=6854 DECKT] [9:(112,86)32x8 t=103 z=6662 DECKT] [10:(112,94
F285     R1070 C2  hp=85   pos=( 15392,     0,  6583) rot=480   vz=12009/11689/11369 scr=(145,105) kasten=x135..155,y73..108 masken=40 | [8:(112,78)24x8 t=106 z=6854 DECKT] [9:(112,86)32x8 t=103 z=6662 DECKT] [10:(112,94
F300     R1070 C2  hp=85   pos=( 15392,     0,  6583) rot=480   vz=12009/11689/11369 scr=(145,105) kasten=x135..155,y73..108 masken=40 | [8:(112,78)24x8 t=106 z=6854 DECKT] [9:(112,86)32x8 t=103 z=6662 DECKT] [10:(112,94

=========== MARKE 2 (F9) ===========
  Bild: C:/workspace/git/reAi_v2/re15_port/build/platform/pc/befund_1070_F310_marke2.bmp
F310     R1070 C2  hp=85   pos=( 15392,     0,  6583) rot=480   vz=12009/11689/11369 scr=(145,105) kasten=x135..155,y73..108 masken=40 | [8:(112,78)24x8 t=106 z=6854 DECKT] [9:(112,86)32x8 t=103 z=6662 DECKT] [10:(112,94
  alle 40 Masken dieses Winkels (Nr:(x,y)bxh Tiefe -> Kamera-z):
      0:(  0, 70) 56x8   t=161 z=10378   1:(  0, 78)112x8   t=100 z=6470    2:(  0, 86)112x8   t=109 z=7046    3:(  0, 94)112x16  t=102 z=6598 
      4:( 24,110) 88x8   t=104 z=6726    5:( 64,118) 48x8   t=94  z=6085    6:(104,126)  8x8   t=90  z=5829    7:( 80, 70) 16x8   t=232 z=14926
      8:(112, 78) 24x8   t=106 z=6854    9:(112, 86) 32x8   t=103 z=6662   10:(112, 94) 48x8   t=99  z=6406   11:(112,102) 56x16  t=101 z=6534 
     12:(112,118) 56x16  t=91  z=5893   13:(144,134) 24x8   t=85  z=5509   14:(168,102) 24x8   t=119 z=7687   15:(168,110) 24x8   t=105 z=6790 
     16:(168,118) 24x8   t=96  z=6214   17:(168,126) 24x8   t=98  z=6342   18:(168,134) 24x8   t=100 z=6470   19:(168,142)  8x24  t=102 z=6598 
     20:( 71, 52) 40x8   t=303 z=19475  21:( 55, 60) 56x16  t=237 z=15246  22:( 55, 76)  8x8   t=224 z=14414  23:( 71, 76) 40x8   t=233 z=14990
     24:(103, 84)  8x8   t=224 z=14414  25:(111, 52) 40x8   t=828 z=53107  26:(159, 52) 16x8   t=224 z=14414  27:(111, 60) 64x16  t=221 z=14221
     28:(111, 76) 64x8   t=222 z=14285  29:(111, 84) 16x8   t=210 z=13517  30:(135, 84) 16x8   t=112 z=7239   31:(151, 84)  8x24  t=200 z=12876
     32:(159, 84)  8x24  t=187 z=12043  33:(167, 84)  8x16  t=216 z=13901  34:(175, 60)  8x8   t=278 z=17873  35:(175, 68) 40x16  t=170 z=10954
     36:(215, 68)  8x8   t=242 z=15567  37:(175, 84) 40x8   t=171 z=11018  38:(199, 92)  8x24  t=177 z=11403  39:(207, 92)  8x8   t=219 z=14093
  Gegner im Raum:
     3  typ=0x10 st=1 ss= 0/1  clip=0   bild=48  hp=80   dist=4190   pos=( 19572,     0,  7124) rot=1767  spd=0    fl22a=0000 grid=00 anim=0004 1D3=00 +0x93=00 treffbar=ja
     4  typ=0x11 st=1 ss= 0/1  clip=0   bild=50  hp=250  dist=5585   pos=( 19944,     0,  9824) rot=3767  spd=0    fl22a=0000 grid=00 anim=0004 1D3=00 +0x93=00 treffbar=ja
     5  typ=0x11 st=1 ss= 0/1  clip=0   bild=47  hp=250  dist=16384  pos=(   844,     0, 14124) rot=1791  spd=0    fl22a=0000 grid=00 anim=0004 1D3=00 +0x93=00 treffbar=ja
  Opfer-FSM des Spielers: state=0 typ=0x00
  Gezeichnete Dreiecke: Kamera-z 10563..12376 (Maskentiefe 165..193)
====================================
F315     R1070 C2  hp=85   pos=( 15392,     0,  6583) rot=480   vz=12009/11689/11369 scr=(145,105) kasten=x135..155,y73..108 masken=40 | [8:(112,78)24x8 t=106 z=6854 DECKT] [9:(112,86)32x8 t=103 z=6662 DECKT] [10:(112,94
F330     R1070 C2  hp=85   pos=( 15392,     0,  6583) rot=480   vz=12009/11689/11369 scr=(145,105) kasten=x135..155,y73..108 masken=40 | [8:(112,78)24x8 t=106 z=6854 DECKT] [9:(112,86)32x8 t=103 z=6662 DECKT] [10:(112,94
F345     R1070 C2  hp=85   pos=( 15392,     0,  6583) rot=480   vz=12009/11689/11369 scr=(145,105) kasten=x135..155,y73..108 masken=40 | [8:(112,78)24x8 t=106 z=6854 DECKT] [9:(112,86)32x8 t=103 z=6662 DECKT] [10:(112,94
F360     R1070 C2  hp=85   pos=( 15392,     0,  6583) rot=480   vz=12009/11689/11369 scr=(145,105) kasten=x135..155,y73..108 masken=40 | [8:(112,78)24x8 t=106 z=6854 DECKT] [9:(112,86)32x8 t=103 z=6662 DECKT] [10:(112,94
F375     R1070 C2  hp=85   pos=( 15392,     0,  6583) rot=480   vz=12009/11689/11369 scr=(145,105) kasten=x135..155,y73..108 masken=40 | [8:(112,78)24x8 t=106 z=6854 DECKT] [9:(112,86)32x8 t=103 z=6662 DECKT] [10:(112,94
F390     R1070 C2  hp=85   pos=( 15392,     0,  6583) rot=480   vz=12009/11689/11369 scr=(145,105) kasten=x135..155,y73..108 masken=40 | [8:(112,78)24x8 t=106 z=6854 DECKT] [9:(112,86)32x8 t=103 z=6662 DECKT] [10:(112,94
F405     R1070 C2  hp=85   pos=( 15392,     0,  6583) rot=480   vz=12009/11689/11369 scr=(145,105) kasten=x135..155,y73..108 masken=40 | [8:(112,78)24x8 t=106 z=6854 DECKT] [9:(112,86)32x8 t=103 z=6662 DECKT] [10:(112,94
F420     R1070 C2  hp=85   pos=( 15392,     0,  6583) rot=480   vz=12009/11689/11369 scr=(145,105) kasten=x135..155,y73..108 masken=40 | [8:(112,78)24x8 t=106 z=6854 DECKT] [9:(112,86)32x8 t=103 z=6662 DECKT] [10:(112,94
F435     R1070 C2  hp=85   pos=( 15392,     0,  6583) rot=480   vz=12009/11689/11369 scr=(145,105) kasten=x135..155,y73..108 masken=40 | [8:(112,78)24x8 t=106 z=6854 DECKT] [9:(112,86)32x8 t=103 z=6662 DECKT] [10:(112,94
F450     R1070 C2  hp=85   pos=( 15392,     0,  6583) rot=480   vz=12009/11689/11369 scr=(145,105) kasten=x135..155,y73..108 masken=40 | [8:(112,78)24x8 t=106 z=6854 DECKT] [9:(112,86)32x8 t=103 z=6662 DECKT] [10:(112,94
F465     R1070 C2  hp=85   pos=( 15392,     0,  6583) rot=480   vz=12009/11689/11369 scr=(145,105) kasten=x135..155,y73..108 masken=40 | [8:(112,78)24x8 t=106 z=6854 DECKT] [9:(112,86)32x8 t=103 z=6662 DECKT] [10:(112,94
# RE1.5 Port — BEFUND-LOG (Sep 27 2026 21:35:52)
# Eine Zeile je 15 Bilder, dazu jede F9-MARKE.
# Spalten:
#   F<n>        Bildnummer
#   R<xxxx> C<n> Raum und Kamerawinkel
#   pos=(x,y,z) Weltlage der Figur, rot = Blickrichtung (0..4095)
#   vz=a/b/c    Kamera-Tiefe von FUSS / HUEFTE / KOPF
#   scr=(x,y)   Fusspunkt im 320x240-Bild
#   kasten=...  geschaetzter Bildkasten der Figur (Messgroesse)
#   masken=n    geladene Vordergrund-Masken dieses Winkels
#   [i:(x,y)wxh t=T z=Z DECKT|frei]  jede Maske, die den Kasten beruehrt.
#       Der Zeichner verdeckt, sobald die Figur-Tiefe >= z ist
#       (z = (T+1)*65536/1023, Original-Regel depth < (1023*vz)>>16, strikt).
#       'frei' heisst: die Figur steht VOR dieser Maske.
# ---------------------------------------------------------------
F0       R1241 C0  hp=100  pos=(-26214,     0, -3861) rot=0     vz=-10207/-10258/-10308 scr=(160,120) kasten=x148..172,y123..123 masken=0 | keine Maske am Koerper
F15      R1241 C0  hp=100  pos=(-26214,     0, -3861) rot=0     vz=-10207/-10258/-10308 scr=(160,120) kasten=x148..172,y123..123 masken=0 | keine Maske am Koerper
F30      R1241 C0  hp=100  pos=(-26214,     0, -3861) rot=0     vz=-10207/-10258/-10308 scr=(160,120) kasten=x148..172,y123..123 masken=0 | keine Maske am Koerper
F45      R1241 C0  hp=100  pos=(-26214,     0, -3861) rot=0     vz=-10207/-10258/-10308 scr=(160,120) kasten=x148..172,y123..123 masken=0 | keine Maske am Koerper
F60      R1241 C0  hp=100  pos=(-26214,     0, -3861) rot=0     vz=-10207/-10258/-10308 scr=(160,120) kasten=x148..172,y123..123 masken=0 | keine Maske am Koerper
F75      R1241 C0  hp=100  pos=(-26214,     0, -3861) rot=0     vz=-10207/-10258/-10308 scr=(160,120) kasten=x148..172,y123..123 masken=0 | keine Maske am Koerper
F90      R1241 C0  hp=100  pos=(-26214,     0, -3861) rot=0     vz=-10207/-10258/-10308 scr=(160,120) kasten=x148..172,y123..123 masken=0 | keine Maske am Koerper
F105     R1241 C0  hp=100  pos=(-26214,     0, -3861) rot=0     vz=-10207/-10258/-10308 scr=(160,120) kasten=x148..172,y123..123 masken=0 | keine Maske am Koerper
F120     R1241 C0  hp=100  pos=(-26214,     0, -3861) rot=0     vz=-10207/-10258/-10308 scr=(160,120) kasten=x148..172,y123..123 masken=0 | keine Maske am Koerper
F135     R1241 C0  hp=100  pos=(-26214,     0, -3861) rot=0     vz=-10207/-10258/-10308 scr=(160,120) kasten=x148..172,y123..123 masken=0 | keine Maske am Koerper
F150     R1241 C0  hp=100  pos=(-26214,     0, -3861) rot=0     vz=-10207/-10258/-10308 scr=(160,120) kasten=x148..172,y123..123 masken=0 | keine Maske am Koerper
F165     R1241 C1  hp=100  pos=(-26214,     0, -3861) rot=0     vz=-10207/-10258/-10308 scr=(160,120) kasten=x148..172,y123..123 masken=0 | keine Maske am Koerper
F180     R1241 C1  hp=100  pos=(-26214,     0, -3861) rot=0     vz=-10207/-10258/-10308 scr=(160,120) kasten=x148..172,y123..123 masken=0 | keine Maske am Koerper
F195     R1241 C1  hp=100  pos=(-26214,     0, -3861) rot=0     vz=-10207/-10258/-10308 scr=(160,120) kasten=x148..172,y123..123 masken=0 | keine Maske am Koerper
F210     R1241 C1  hp=100  pos=(-26214,     0, -3861) rot=0     vz=-10207/-10258/-10308 scr=(160,120) kasten=x148..172,y123..123 masken=0 | keine Maske am Koerper
F225     R1241 C1  hp=100  pos=(-26214,     0, -3861) rot=0     vz=-10207/-10258/-10308 scr=(160,120) kasten=x148..172,y123..123 masken=0 | keine Maske am Koerper
F240     R1241 C1  hp=100  pos=(-26214,     0, -3861) rot=0     vz=-10207/-10258/-10308 scr=(160,120) kasten=x148..172,y123..123 masken=0 | keine Maske am Koerper
F255     R1241 C1  hp=100  pos=(-26214,     0, -3861) rot=0     vz=-10207/-10258/-10308 scr=(160,120) kasten=x148..172,y123..123 masken=0 | keine Maske am Koerper
F270     R1241 C1  hp=100  pos=(-26214,     0, -3861) rot=0     vz=-10207/-10258/-10308 scr=(160,120) kasten=x148..172,y123..123 masken=0 | keine Maske am Koerper
F285     R1241 C1  hp=100  pos=(-26214,     0, -3861) rot=0     vz=-10207/-10258/-10308 scr=(160,120) kasten=x148..172,y123..123 masken=0 | keine Maske am Koerper
F300     R1241 C1  hp=100  pos=(-26214,     0, -3861) rot=0     vz=-10207/-10258/-10308 scr=(160,120) kasten=x148..172,y123..123 masken=0 | keine Maske am Koerper
F315     R1241 C1  hp=100  pos=(-26214,     0, -3861) rot=0     vz=-10207/-10258/-10308 scr=(160,120) kasten=x148..172,y123..123 masken=0 | keine Maske am Koerper
F330     R1241 C1  hp=100  pos=(-26214,     0, -3861) rot=0     vz=-10207/-10258/-10308 scr=(160,120) kasten=x148..172,y123..123 masken=0 | keine Maske am Koerper
F345     R1241 C1  hp=100  pos=(-26214,     0, -3861) rot=0     vz=-10207/-10258/-10308 scr=(160,120) kasten=x148..172,y123..123 masken=0 | keine Maske am Koerper
F360     R1241 C1  hp=100  pos=(-26214,     0, -3861) rot=0     vz=-10207/-10258/-10308 scr=(160,120) kasten=x148..172,y123..123 masken=0 | keine Maske am Koerper
F6       R1241 C0  hp=100  pos=(-26214,     0, -3861) rot=0     vz=-10207/-10258/-10308 scr=(160,120) kasten=x148..172,y123..123 masken=0 | keine Maske am Koerper
F21      R1241 C0  hp=100  pos=(-26214,     0, -3861) rot=0     vz=-10207/-10258/-10308 scr=(160,120) kasten=x148..172,y123..123 masken=0 | keine Maske am Koerper
F36      R1241 C0  hp=100  pos=(-26214,     0, -3861) rot=0     vz=-10207/-10258/-10308 scr=(160,120) kasten=x148..172,y123..123 masken=0 | keine Maske am Koerper
F51      R1241 C0  hp=100  pos=(-26214,     0, -3861) rot=0     vz=-10207/-10258/-10308 scr=(160,120) kasten=x148..172,y123..123 masken=0 | keine Maske am Koerper
F66      R1241 C0  hp=100  pos=(-26214,     0, -3861) rot=0     vz=-10207/-10258/-10308 scr=(160,120) kasten=x148..172,y123..123 masken=0 | keine Maske am Koerper
F81      R1241 C0  hp=100  pos=(-26214,     0, -3861) rot=0     vz=-10207/-10258/-10308 scr=(160,120) kasten=x148..172,y123..123 masken=0 | keine Maske am Koerper
F96      R1241 C0  hp=100  pos=(-26214,     0, -3861) rot=0     vz=-10207/-10258/-10308 scr=(160,120) kasten=x148..172,y123..123 masken=0 | keine Maske am Koerper
F111     R1241 C0  hp=100  pos=(-26214,     0, -3861) rot=0     vz=-10207/-10258/-10308 scr=(160,120) kasten=x148..172,y123..123 masken=0 | keine Maske am Koerper
F126     R1241 C0  hp=100  pos=(-26214,     0, -3861) rot=0     vz=-10207/-10258/-10308 scr=(160,120) kasten=x148..172,y123..123 masken=0 | keine Maske am Koerper
F141     R1241 C0  hp=100  pos=(-26214,     0, -3861) rot=0     vz=-10207/-10258/-10308 scr=(160,120) kasten=x148..172,y123..123 masken=0 | keine Maske am Koerper
F156     R1241 C0  hp=100  pos=(-26214,     0, -3861) rot=0     vz=-10207/-10258/-10308 scr=(160,120) kasten=x148..172,y123..123 masken=0 | keine Maske am Koerper
F171     R1241 C1  hp=100  pos=(-26214,     0, -3861) rot=0     vz=-10207/-10258/-10308 scr=(160,120) kasten=x148..172,y123..123 masken=0 | keine Maske am Koerper
F186     R1241 C1  hp=100  pos=(-26214,     0, -3861) rot=0     vz=-10207/-10258/-10308 scr=(160,120) kasten=x148..172,y123..123 masken=0 | keine Maske am Koerper
F201     R1241 C1  hp=100  pos=(-26214,     0, -3861) rot=0     vz=-10207/-10258/-10308 scr=(160,120) kasten=x148..172,y123..123 masken=0 | keine Maske am Koerper
F216     R1241 C1  hp=100  pos=(-26214,     0, -3861) rot=0     vz=-10207/-10258/-10308 scr=(160,120) kasten=x148..172,y123..123 masken=0 | keine Maske am Koerper
F231     R1241 C1  hp=100  pos=(-26214,     0, -3861) rot=0     vz=-10207/-10258/-10308 scr=(160,120) kasten=x148..172,y123..123 masken=0 | keine Maske am Koerper
F246     R1241 C1  hp=100  pos=(-26214,     0, -3861) rot=0     vz=-10207/-10258/-10308 scr=(160,120) kasten=x148..172,y123..123 masken=0 | keine Maske am Koerper
F261     R1241 C1  hp=100  pos=(-26214,     0, -3861) rot=0     vz=-10207/-10258/-10308 scr=(160,120) kasten=x148..172,y123..123 masken=0 | keine Maske am Koerper
F276     R1241 C1  hp=100  pos=(-26214,     0, -3861) rot=0     vz=-10207/-10258/-10308 scr=(160,120) kasten=x148..172,y123..123 masken=0 | keine Maske am Koerper
F291     R1241 C1  hp=100  pos=(-26214,     0, -3861) rot=0     vz=-10207/-10258/-10308 scr=(160,120) kasten=x148..172,y123..123 masken=0 | keine Maske am Koerper
F306     R1241 C1  hp=100  pos=(-26214,     0, -3861) rot=0     vz=-10207/-10258/-10308 scr=(160,120) kasten=x148..172,y123..123 masken=0 | keine Maske am Koerper
F321     R1241 C1  hp=100  pos=(-26214,     0, -3861) rot=0     vz=-10207/-10258/-10308 scr=(160,120) kasten=x148..172,y123..123 masken=0 | keine Maske am Koerper
F336     R1241 C1  hp=100  pos=(-26214,     0, -3861) rot=0     vz=-10207/-10258/-10308 scr=(160,120) kasten=x148..172,y123..123 masken=0 | keine Maske am Koerper
F351     R1241 C1  hp=100  pos=(-26214,     0, -3861) rot=0     vz=-10207/-10258/-10308 scr=(160,120) kasten=x148..172,y123..123 masken=0 | keine Maske am Koerper
F366     R1241 C1  hp=100  pos=(-26214,     0, -3861) rot=0     vz=-10207/-10258/-10308 scr=(160,120) kasten=x148..172,y123..123 masken=0 | keine Maske am Koerper
F12      R1031 C13 hp=100  pos=(-26214,     0, -3861) rot=0     vz=-10207/-10258/-10308 scr=(160,120) kasten=x148..172,y123..123 masken=0 | keine Maske am Koerper
F27      R1031 C13 hp=100  pos=(-26214,     0, -3861) rot=0     vz=-10207/-10258/-10308 scr=(160,120) kasten=x148..172,y123..123 masken=0 | keine Maske am Koerper
F42      R1031 C13 hp=100  pos=(-26214,     0, -3861) rot=0     vz=-10207/-10258/-10308 scr=(160,120) kasten=x148..172,y123..123 masken=0 | keine Maske am Koerper
F57      R1031 C13 hp=100  pos=(-26214,     0, -3861) rot=0     vz=-10207/-10258/-10308 scr=(160,120) kasten=x148..172,y123..123 masken=0 | keine Maske am Koerper
F72      R1031 C13 hp=100  pos=(-26214,     0, -3861) rot=0     vz=-10207/-10258/-10308 scr=(160,120) kasten=x148..172,y123..123 masken=0 | keine Maske am Koerper
F87      R1031 C13 hp=100  pos=(-26214,     0, -3861) rot=0     vz=-10207/-10258/-10308 scr=(160,120) kasten=x148..172,y123..123 masken=0 | keine Maske am Koerper
F102     R1031 C13 hp=100  pos=(-26214,     0, -3861) rot=0     vz=-10207/-10258/-10308 scr=(160,120) kasten=x148..172,y123..123 masken=0 | keine Maske am Koerper
F117     R1031 C13 hp=100  pos=(-26214,     0, -3861) rot=0     vz=-10207/-10258/-10308 scr=(160,120) kasten=x148..172,y123..123 masken=0 | keine Maske am Koerper
F132     R1031 C13 hp=100  pos=(-26214,     0, -3861) rot=0     vz=-10207/-10258/-10308 scr=(160,120) kasten=x148..172,y123..123 masken=0 | keine Maske am Koerper
F147     R1031 C13 hp=100  pos=(-26214,     0, -3861) rot=0     vz=-10207/-10258/-10308 scr=(160,120) kasten=x148..172,y123..123 masken=0 | keine Maske am Koerper
F162     R1031 C13 hp=100  pos=(-26214,     0, -3861) rot=0     vz=-10207/-10258/-10308 scr=(160,120) kasten=x148..172,y123..123 masken=0 | keine Maske am Koerper
F177     R1031 C13 hp=100  pos=(-26214,     0, -3861) rot=0     vz=-10207/-10258/-10308 scr=(160,120) kasten=x148..172,y123..123 masken=0 | keine Maske am Koerper
F192     R1031 C13 hp=100  pos=(-26214,     0, -3861) rot=0     vz=-10207/-10258/-10308 scr=(160,120) kasten=x148..172,y123..123 masken=0 | keine Maske am Koerper
F207     R1031 C13 hp=100  pos=(-26214,     0, -3861) rot=0     vz=-10207/-10258/-10308 scr=(160,120) kasten=x148..172,y123..123 masken=0 | keine Maske am Koerper
F222     R1031 C13 hp=100  pos=(-26214,     0, -3861) rot=0     vz=-10207/-10258/-10308 scr=(160,120) kasten=x148..172,y123..123 masken=0 | keine Maske am Koerper
F237     R1031 C13 hp=100  pos=(-26214,     0, -3861) rot=0     vz=-10207/-10258/-10308 scr=(160,120) kasten=x148..172,y123..123 masken=0 | keine Maske am Koerper
F252     R1031 C13 hp=100  pos=(-26214,     0, -3861) rot=0     vz=-10207/-10258/-10308 scr=(160,120) kasten=x148..172,y123..123 masken=0 | keine Maske am Koerper
F267     R1031 C13 hp=100  pos=(-26214,     0, -3861) rot=0     vz=-10207/-10258/-10308 scr=(160,120) kasten=x148..172,y123..123 masken=0 | keine Maske am Koerper
F282     R1031 C13 hp=100  pos=(-26214,     0, -3861) rot=0     vz=-10207/-10258/-10308 scr=(160,120) kasten=x148..172,y123..123 masken=0 | keine Maske am Koerper
F297     R1031 C13 hp=100  pos=(-26214,     0, -3861) rot=0     vz=-10207/-10258/-10308 scr=(160,120) kasten=x148..172,y123..123 masken=0 | keine Maske am Koerper
F312     R1031 C13 hp=100  pos=(-26214,     0, -3861) rot=0     vz=-10207/-10258/-10308 scr=(160,120) kasten=x148..172,y123..123 masken=0 | keine Maske am Koerper
F327     R1031 C13 hp=100  pos=(-26214,     0, -3861) rot=0     vz=-10207/-10258/-10308 scr=(160,120) kasten=x148..172,y123..123 masken=0 | keine Maske am Koerper
F342     R1031 C13 hp=100  pos=(-26214,     0, -3861) rot=0     vz=-10207/-10258/-10308 scr=(160,120) kasten=x148..172,y123..123 masken=0 | keine Maske am Koerper
F357     R1031 C13 hp=100  pos=(-26214,     0, -3861) rot=0     vz=-10207/-10258/-10308 scr=(160,120) kasten=x148..172,y123..123 masken=0 | keine Maske am Koerper
F372     R1031 C13 hp=100  pos=(-26214,     0, -3861) rot=0     vz=-10207/-10258/-10308 scr=(160,120) kasten=x148..172,y123..123 masken=0 | keine Maske am Koerper
F387     R1031 C13 hp=100  pos=(-26214,     0, -3861) rot=0     vz=-10207/-10258/-10308 scr=(160,120) kasten=x148..172,y123..123 masken=0 | keine Maske am Koerper
F402     R1031 C13 hp=100  pos=(-26214,     0, -3861) rot=0     vz=-10207/-10258/-10308 scr=(160,120) kasten=x148..172,y123..123 masken=0 | keine Maske am Koerper
F417     R1031 C13 hp=100  pos=(-26214,     0, -3861) rot=0     vz=-10207/-10258/-10308 scr=(160,120) kasten=x148..172,y123..123 masken=0 | keine Maske am Koerper
F432     R1031 C13 hp=100  pos=(-26214,     0, -3861) rot=0     vz=-10207/-10258/-10308 scr=(160,120) kasten=x148..172,y123..123 masken=0 | keine Maske am Koerper
F447     R1031 C6  hp=100  pos=( -8200,     0,-22303) rot=1024  vz= 8498/ 8300/ 8101 scr=(122,161) kasten=x108..136,y117..164 masken=22 | [9:(94,105)96x16 t=138 z=8904 frei] [10:(94,121)96x16 t=141 z=9096 frei] [11:(102,
F462     R1031 C6  hp=100  pos=( -8200,     0,-22303) rot=1024  vz= 8498/ 8300/ 8101 scr=(122,161) kasten=x108..136,y117..164 masken=22 | [9:(94,105)96x16 t=138 z=8904 frei] [10:(94,121)96x16 t=141 z=9096 frei] [11:(102,
F477     R1031 C6  hp=100  pos=( -8200,     0,-22303) rot=1024  vz= 8498/ 8300/ 8101 scr=(122,161) kasten=x108..136,y117..164 masken=22 | [9:(94,105)96x16 t=138 z=8904 frei] [10:(94,121)96x16 t=141 z=9096 frei] [11:(102,
F492     R1031 C6  hp=100  pos=( -8200,     0,-22303) rot=1024  vz= 8498/ 8300/ 8101 scr=(122,161) kasten=x108..136,y117..164 masken=22 | [9:(94,105)96x16 t=138 z=8904 frei] [10:(94,121)96x16 t=141 z=9096 frei] [11:(102,
F507     R1031 C6  hp=100  pos=( -8200,     0,-22303) rot=1024  vz= 8498/ 8300/ 8101 scr=(122,161) kasten=x108..136,y117..164 masken=22 | [9:(94,105)96x16 t=138 z=8904 frei] [10:(94,121)96x16 t=141 z=9096 frei] [11:(102,
F522     R1031 C6  hp=100  pos=( -8200,     0,-22303) rot=1024  vz= 8498/ 8300/ 8101 scr=(122,161) kasten=x108..136,y117..164 masken=22 | [9:(94,105)96x16 t=138 z=8904 frei] [10:(94,121)96x16 t=141 z=9096 frei] [11:(102,
F537     R1031 C6  hp=100  pos=( -8200,     0,-22303) rot=1024  vz= 8498/ 8300/ 8101 scr=(122,161) kasten=x108..136,y117..164 masken=22 | [9:(94,105)96x16 t=138 z=8904 frei] [10:(94,121)96x16 t=141 z=9096 frei] [11:(102,
F552     R1031 C6  hp=100  pos=( -8200,     0,-22303) rot=1024  vz= 8498/ 8300/ 8101 scr=(122,161) kasten=x108..136,y117..164 masken=22 | [9:(94,105)96x16 t=138 z=8904 frei] [10:(94,121)96x16 t=141 z=9096 frei] [11:(102,
F567     R1031 C6  hp=100  pos=( -8200,     0,-22303) rot=1024  vz= 8498/ 8300/ 8101 scr=(122,161) kasten=x108..136,y117..164 masken=22 | [9:(94,105)96x16 t=138 z=8904 frei] [10:(94,121)96x16 t=141 z=9096 frei] [11:(102,
F582     R1031 C6  hp=100  pos=( -8200,     0,-22303) rot=1024  vz= 8498/ 8300/ 8101 scr=(122,161) kasten=x108..136,y117..164 masken=22 | [9:(94,105)96x16 t=138 z=8904 frei] [10:(94,121)96x16 t=141 z=9096 frei] [11:(102,
F597     R1031 C6  hp=100  pos=( -8200,     0,-22303) rot=1024  vz= 8498/ 8300/ 8101 scr=(122,161) kasten=x108..136,y117..164 masken=22 | [9:(94,105)96x16 t=138 z=8904 frei] [10:(94,121)96x16 t=141 z=9096 frei] [11:(102,
F612     R1031 C6  hp=100  pos=( -8200,     0,-22303) rot=1024  vz= 8498/ 8300/ 8101 scr=(122,161) kasten=x108..136,y117..164 masken=22 | [9:(94,105)96x16 t=138 z=8904 frei] [10:(94,121)96x16 t=141 z=9096 frei] [11:(102,
F627     R1031 C6  hp=100  pos=( -8200,     0,-22303) rot=1024  vz= 8498/ 8300/ 8101 scr=(122,161) kasten=x108..136,y117..164 masken=22 | [9:(94,105)96x16 t=138 z=8904 frei] [10:(94,121)96x16 t=141 z=9096 frei] [11:(102,
F642     R1031 C6  hp=100  pos=( -8200,     0,-22303) rot=1024  vz= 8498/ 8300/ 8101 scr=(122,161) kasten=x108..136,y117..164 masken=22 | [9:(94,105)96x16 t=138 z=8904 frei] [10:(94,121)96x16 t=141 z=9096 frei] [11:(102,
F657     R1031 C6  hp=100  pos=( -8200,     0,-22303) rot=1024  vz= 8498/ 8300/ 8101 scr=(122,161) kasten=x108..136,y117..164 masken=22 | [9:(94,105)96x16 t=138 z=8904 frei] [10:(94,121)96x16 t=141 z=9096 frei] [11:(102,
F672     R1031 C6  hp=100  pos=( -8200,     0,-22303) rot=1024  vz= 8498/ 8300/ 8101 scr=(122,161) kasten=x108..136,y117..164 masken=22 | [9:(94,105)96x16 t=138 z=8904 frei] [10:(94,121)96x16 t=141 z=9096 frei] [11:(102,
F687     R1031 C6  hp=100  pos=( -8200,     0,-22303) rot=1024  vz= 8498/ 8300/ 8101 scr=(122,161) kasten=x108..136,y117..164 masken=22 | [9:(94,105)96x16 t=138 z=8904 frei] [10:(94,121)96x16 t=141 z=9096 frei] [11:(102,
F702     R1031 C6  hp=100  pos=( -8200,     0,-22303) rot=1024  vz= 8498/ 8300/ 8101 scr=(122,161) kasten=x108..136,y117..164 masken=22 | [9:(94,105)96x16 t=138 z=8904 frei] [10:(94,121)96x16 t=141 z=9096 frei] [11:(102,
F717     R1031 C6  hp=100  pos=( -8200,     0,-22303) rot=1024  vz= 8498/ 8300/ 8101 scr=(122,161) kasten=x108..136,y117..164 masken=22 | [9:(94,105)96x16 t=138 z=8904 frei] [10:(94,121)96x16 t=141 z=9096 frei] [11:(102,
F732     R1031 C6  hp=100  pos=( -8200,     0,-22303) rot=1024  vz= 8498/ 8300/ 8101 scr=(122,161) kasten=x108..136,y117..164 masken=22 | [9:(94,105)96x16 t=138 z=8904 frei] [10:(94,121)96x16 t=141 z=9096 frei] [11:(102,
F747     R1031 C6  hp=100  pos=( -8200,     0,-22303) rot=1024  vz= 8498/ 8300/ 8101 scr=(122,161) kasten=x108..136,y117..164 masken=22 | [9:(94,105)96x16 t=138 z=8904 frei] [10:(94,121)96x16 t=141 z=9096 frei] [11:(102,
F762     R1031 C6  hp=100  pos=( -8200,     0,-22303) rot=1024  vz= 8498/ 8300/ 8101 scr=(122,161) kasten=x108..136,y117..164 masken=22 | [9:(94,105)96x16 t=138 z=8904 frei] [10:(94,121)96x16 t=141 z=9096 frei] [11:(102,
F777     R1031 C6  hp=100  pos=( -8200,     0,-22303) rot=1024  vz= 8498/ 8300/ 8101 scr=(122,161) kasten=x108..136,y117..164 masken=22 | [9:(94,105)96x16 t=138 z=8904 frei] [10:(94,121)96x16 t=141 z=9096 frei] [11:(102,
F792     R1031 C6  hp=100  pos=( -8200,     0,-22303) rot=1024  vz= 8498/ 8300/ 8101 scr=(122,161) kasten=x108..136,y117..164 masken=22 | [9:(94,105)96x16 t=138 z=8904 frei] [10:(94,121)96x16 t=141 z=9096 frei] [11:(102,
F807     R1031 C6  hp=100  pos=( -8200,     0,-22303) rot=1024  vz= 8498/ 8300/ 8101 scr=(122,161) kasten=x108..136,y117..164 masken=22 | [9:(94,105)96x16 t=138 z=8904 frei] [10:(94,121)96x16 t=141 z=9096 frei] [11:(102,
F822     R1031 C6  hp=100  pos=( -8200,     0,-22303) rot=1024  vz= 8498/ 8300/ 8101 scr=(122,161) kasten=x108..136,y117..164 masken=22 | [9:(94,105)96x16 t=138 z=8904 frei] [10:(94,121)96x16 t=141 z=9096 frei] [11:(102,
F837     R1031 C6  hp=100  pos=( -8200,     0,-22303) rot=1024  vz= 8498/ 8300/ 8101 scr=(122,161) kasten=x108..136,y117..164 masken=22 | [9:(94,105)96x16 t=138 z=8904 frei] [10:(94,121)96x16 t=141 z=9096 frei] [11:(102,
F852     R1031 C6  hp=100  pos=( -8200,     0,-22303) rot=1024  vz= 8498/ 8300/ 8101 scr=(122,161) kasten=x108..136,y117..164 masken=22 | [9:(94,105)96x16 t=138 z=8904 frei] [10:(94,121)96x16 t=141 z=9096 frei] [11:(102,
F867     R1031 C6  hp=100  pos=( -8200,     0,-22303) rot=1024  vz= 8498/ 8300/ 8101 scr=(122,161) kasten=x108..136,y117..164 masken=22 | [9:(94,105)96x16 t=138 z=8904 frei] [10:(94,121)96x16 t=141 z=9096 frei] [11:(102,
F882     R1031 C6  hp=100  pos=( -8200,     0,-22303) rot=1024  vz= 8498/ 8300/ 8101 scr=(122,161) kasten=x108..136,y117..164 masken=22 | [9:(94,105)96x16 t=138 z=8904 frei] [10:(94,121)96x16 t=141 z=9096 frei] [11:(102,
F897     R1031 C6  hp=100  pos=( -8200,     0,-22303) rot=1024  vz= 8498/ 8300/ 8101 scr=(122,161) kasten=x108..136,y117..164 masken=22 | [9:(94,105)96x16 t=138 z=8904 frei] [10:(94,121)96x16 t=141 z=9096 frei] [11:(102,
F912     R1031 C6  hp=100  pos=( -8200,     0,-22303) rot=1024  vz= 8498/ 8300/ 8101 scr=(122,161) kasten=x108..136,y117..164 masken=22 | [9:(94,105)96x16 t=138 z=8904 frei] [10:(94,121)96x16 t=141 z=9096 frei] [11:(102,
F927     R1031 C6  hp=100  pos=( -8200,     0,-22303) rot=1024  vz= 8498/ 8300/ 8101 scr=(122,161) kasten=x108..136,y117..164 masken=22 | [9:(94,105)96x16 t=138 z=8904 frei] [10:(94,121)96x16 t=141 z=9096 frei] [11:(102,
F942     R1031 C6  hp=100  pos=( -8200,     0,-22303) rot=1024  vz= 8498/ 8300/ 8101 scr=(122,161) kasten=x108..136,y117..164 masken=22 | [9:(94,105)96x16 t=138 z=8904 frei] [10:(94,121)96x16 t=141 z=9096 frei] [11:(102,
F957     R1031 C6  hp=100  pos=( -8200,     0,-22303) rot=1024  vz= 8498/ 8300/ 8101 scr=(122,161) kasten=x108..136,y117..164 masken=22 | [9:(94,105)96x16 t=138 z=8904 frei] [10:(94,121)96x16 t=141 z=9096 frei] [11:(102,
F972     R1031 C6  hp=100  pos=( -8200,     0,-22303) rot=1024  vz= 8498/ 8300/ 8101 scr=(122,161) kasten=x108..136,y117..164 masken=22 | [9:(94,105)96x16 t=138 z=8904 frei] [10:(94,121)96x16 t=141 z=9096 frei] [11:(102,
F987     R1031 C6  hp=100  pos=( -8200,     0,-22303) rot=1024  vz= 8498/ 8300/ 8101 scr=(122,161) kasten=x108..136,y117..164 masken=22 | [9:(94,105)96x16 t=138 z=8904 frei] [10:(94,121)96x16 t=141 z=9096 frei] [11:(102,
F1002    R1031 C6  hp=100  pos=( -8200,     0,-22303) rot=1024  vz= 8498/ 8300/ 8101 scr=(122,161) kasten=x108..136,y117..164 masken=22 | [9:(94,105)96x16 t=138 z=8904 frei] [10:(94,121)96x16 t=141 z=9096 frei] [11:(102,
F1017    R1031 C6  hp=100  pos=( -8200,     0,-22303) rot=1024  vz= 8498/ 8300/ 8101 scr=(122,161) kasten=x108..136,y117..164 masken=22 | [9:(94,105)96x16 t=138 z=8904 frei] [10:(94,121)96x16 t=141 z=9096 frei] [11:(102,
F1032    R1031 C6  hp=100  pos=( -8200,     0,-22303) rot=1024  vz= 8498/ 8300/ 8101 scr=(122,161) kasten=x108..136,y117..164 masken=22 | [9:(94,105)96x16 t=138 z=8904 frei] [10:(94,121)96x16 t=141 z=9096 frei] [11:(102,
F1047    R1031 C6  hp=100  pos=( -8200,     0,-22303) rot=1024  vz= 8498/ 8300/ 8101 scr=(122,161) kasten=x108..136,y117..164 masken=22 | [9:(94,105)96x16 t=138 z=8904 frei] [10:(94,121)96x16 t=141 z=9096 frei] [11:(102,
F1062    R1031 C6  hp=100  pos=( -8200,     0,-22303) rot=1024  vz= 8498/ 8300/ 8101 scr=(122,161) kasten=x108..136,y117..164 masken=22 | [9:(94,105)96x16 t=138 z=8904 frei] [10:(94,121)96x16 t=141 z=9096 frei] [11:(102,
F1077    R1031 C6  hp=100  pos=( -8200,     0,-22303) rot=1024  vz= 8498/ 8300/ 8101 scr=(122,161) kasten=x108..136,y117..164 masken=22 | [9:(94,105)96x16 t=138 z=8904 frei] [10:(94,121)96x16 t=141 z=9096 frei] [11:(102,
F1092    R1031 C6  hp=100  pos=( -8200,     0,-22303) rot=1024  vz= 8498/ 8300/ 8101 scr=(122,161) kasten=x108..136,y117..164 masken=22 | [9:(94,105)96x16 t=138 z=8904 frei] [10:(94,121)96x16 t=141 z=9096 frei] [11:(102,
F1107    R1031 C6  hp=100  pos=( -8200,     0,-22303) rot=1024  vz= 8498/ 8300/ 8101 scr=(122,161) kasten=x108..136,y117..164 masken=22 | [9:(94,105)96x16 t=138 z=8904 frei] [10:(94,121)96x16 t=141 z=9096 frei] [11:(102,
F1122    R1031 C6  hp=100  pos=( -8200,     0,-22303) rot=1024  vz= 8498/ 8300/ 8101 scr=(122,161) kasten=x108..136,y117..164 masken=22 | [9:(94,105)96x16 t=138 z=8904 frei] [10:(94,121)96x16 t=141 z=9096 frei] [11:(102,
F1137    R1031 C6  hp=100  pos=( -8200,     0,-22303) rot=1024  vz= 8498/ 8300/ 8101 scr=(122,161) kasten=x108..136,y117..164 masken=22 | [9:(94,105)96x16 t=138 z=8904 frei] [10:(94,121)96x16 t=141 z=9096 frei] [11:(102,
F1152    R1031 C6  hp=100  pos=( -8200,     0,-22303) rot=1024  vz= 8498/ 8300/ 8101 scr=(122,161) kasten=x108..136,y117..164 masken=22 | [9:(94,105)96x16 t=138 z=8904 frei] [10:(94,121)96x16 t=141 z=9096 frei] [11:(102,
F1167    R1031 C6  hp=100  pos=( -8200,     0,-22303) rot=1024  vz= 8498/ 8300/ 8101 scr=(122,161) kasten=x108..136,y117..164 masken=22 | [9:(94,105)96x16 t=138 z=8904 frei] [10:(94,121)96x16 t=141 z=9096 frei] [11:(102,
F1182    R1031 C6  hp=100  pos=( -8200,     0,-22303) rot=1024  vz= 8498/ 8300/ 8101 scr=(122,161) kasten=x108..136,y117..164 masken=22 | [9:(94,105)96x16 t=138 z=8904 frei] [10:(94,121)96x16 t=141 z=9096 frei] [11:(102,
F1197    R1031 C6  hp=100  pos=( -8200,     0,-22303) rot=1024  vz= 8498/ 8300/ 8101 scr=(122,161) kasten=x108..136,y117..164 masken=22 | [9:(94,105)96x16 t=138 z=8904 frei] [10:(94,121)96x16 t=141 z=9096 frei] [11:(102,
F1212    R1031 C6  hp=100  pos=( -8200,     0,-22303) rot=1024  vz= 8498/ 8300/ 8101 scr=(122,161) kasten=x108..136,y117..164 masken=22 | [9:(94,105)96x16 t=138 z=8904 frei] [10:(94,121)96x16 t=141 z=9096 frei] [11:(102,
F1227    R1031 C6  hp=100  pos=( -8200,     0,-22303) rot=1024  vz= 8498/ 8300/ 8101 scr=(122,161) kasten=x108..136,y117..164 masken=22 | [9:(94,105)96x16 t=138 z=8904 frei] [10:(94,121)96x16 t=141 z=9096 frei] [11:(102,
F1242    R1031 C6  hp=100  pos=( -8200,     0,-22303) rot=1024  vz= 8498/ 8300/ 8101 scr=(122,161) kasten=x108..136,y117..164 masken=22 | [9:(94,105)96x16 t=138 z=8904 frei] [10:(94,121)96x16 t=141 z=9096 frei] [11:(102,
F1257    R1031 C6  hp=100  pos=( -8200,     0,-22303) rot=1024  vz= 8498/ 8300/ 8101 scr=(122,161) kasten=x108..136,y117..164 masken=22 | [9:(94,105)96x16 t=138 z=8904 frei] [10:(94,121)96x16 t=141 z=9096 frei] [11:(102,
F1272    R1031 C6  hp=100  pos=( -8200,     0,-22303) rot=1024  vz= 8498/ 8300/ 8101 scr=(122,161) kasten=x108..136,y117..164 masken=22 | [9:(94,105)96x16 t=138 z=8904 frei] [10:(94,121)96x16 t=141 z=9096 frei] [11:(102,
F1287    R1031 C6  hp=100  pos=( -8200,     0,-22303) rot=1024  vz= 8498/ 8300/ 8101 scr=(122,161) kasten=x108..136,y117..164 masken=22 | [9:(94,105)96x16 t=138 z=8904 frei] [10:(94,121)96x16 t=141 z=9096 frei] [11:(102,
F1302    R1031 C6  hp=100  pos=( -8200,     0,-22303) rot=1024  vz= 8498/ 8300/ 8101 scr=(122,161) kasten=x108..136,y117..164 masken=22 | [9:(94,105)96x16 t=138 z=8904 frei] [10:(94,121)96x16 t=141 z=9096 frei] [11:(102,
F1317    R1031 C6  hp=100  pos=( -8200,     0,-22303) rot=1024  vz= 8498/ 8300/ 8101 scr=(122,161) kasten=x108..136,y117..164 masken=22 | [9:(94,105)96x16 t=138 z=8904 frei] [10:(94,121)96x16 t=141 z=9096 frei] [11:(102,
F1332    R1031 C6  hp=100  pos=( -8200,     0,-22303) rot=1024  vz= 8498/ 8300/ 8101 scr=(122,161) kasten=x108..136,y117..164 masken=22 | [9:(94,105)96x16 t=138 z=8904 frei] [10:(94,121)96x16 t=141 z=9096 frei] [11:(102,
F1347    R1031 C6  hp=100  pos=( -8200,     0,-22303) rot=1024  vz= 8498/ 8300/ 8101 scr=(122,161) kasten=x108..136,y117..164 masken=22 | [9:(94,105)96x16 t=138 z=8904 frei] [10:(94,121)96x16 t=141 z=9096 frei] [11:(102,
F1362    R1031 C6  hp=100  pos=( -8200,     0,-22303) rot=1024  vz= 8498/ 8300/ 8101 scr=(122,161) kasten=x108..136,y117..164 masken=22 | [9:(94,105)96x16 t=138 z=8904 frei] [10:(94,121)96x16 t=141 z=9096 frei] [11:(102,
F1377    R1031 C6  hp=100  pos=( -8200,     0,-22303) rot=1024  vz= 8498/ 8300/ 8101 scr=(122,161) kasten=x108..136,y117..164 masken=22 | [9:(94,105)96x16 t=138 z=8904 frei] [10:(94,121)96x16 t=141 z=9096 frei] [11:(102,
F1392    R1031 C6  hp=100  pos=( -8200,     0,-22303) rot=1024  vz= 8498/ 8300/ 8101 scr=(122,161) kasten=x108..136,y117..164 masken=22 | [9:(94,105)96x16 t=138 z=8904 frei] [10:(94,121)96x16 t=141 z=9096 frei] [11:(102,
F1407    R1031 C6  hp=100  pos=( -8200,     0,-22303) rot=1024  vz= 8498/ 8300/ 8101 scr=(122,161) kasten=x108..136,y117..164 masken=22 | [9:(94,105)96x16 t=138 z=8904 frei] [10:(94,121)96x16 t=141 z=9096 frei] [11:(102,
F1422    R1031 C6  hp=100  pos=( -8200,     0,-22303) rot=1024  vz= 8498/ 8300/ 8101 scr=(122,161) kasten=x108..136,y117..164 masken=22 | [9:(94,105)96x16 t=138 z=8904 frei] [10:(94,121)96x16 t=141 z=9096 frei] [11:(102,
F1437    R1031 C6  hp=100  pos=( -8200,     0,-22303) rot=1024  vz= 8498/ 8300/ 8101 scr=(122,161) kasten=x108..136,y117..164 masken=22 | [9:(94,105)96x16 t=138 z=8904 frei] [10:(94,121)96x16 t=141 z=9096 frei] [11:(102,
F1452    R1031 C6  hp=100  pos=( -8200,     0,-22303) rot=1024  vz= 8498/ 8300/ 8101 scr=(122,161) kasten=x108..136,y117..164 masken=22 | [9:(94,105)96x16 t=138 z=8904 frei] [10:(94,121)96x16 t=141 z=9096 frei] [11:(102,
F1467    R1031 C6  hp=100  pos=( -8200,     0,-22303) rot=1024  vz= 8498/ 8300/ 8101 scr=(122,161) kasten=x108..136,y117..164 masken=22 | [9:(94,105)96x16 t=138 z=8904 frei] [10:(94,121)96x16 t=141 z=9096 frei] [11:(102,
F1482    R1031 C6  hp=100  pos=( -8200,     0,-22303) rot=1024  vz= 8498/ 8300/ 8101 scr=(122,161) kasten=x108..136,y117..164 masken=22 | [9:(94,105)96x16 t=138 z=8904 frei] [10:(94,121)96x16 t=141 z=9096 frei] [11:(102,
F1497    R1031 C6  hp=100  pos=( -8200,     0,-22303) rot=1024  vz= 8498/ 8300/ 8101 scr=(122,161) kasten=x108..136,y117..164 masken=22 | [9:(94,105)96x16 t=138 z=8904 frei] [10:(94,121)96x16 t=141 z=9096 frei] [11:(102,
F1512    R1031 C6  hp=100  pos=( -8200,     0,-22303) rot=1024  vz= 8498/ 8300/ 8101 scr=(122,161) kasten=x108..136,y117..164 masken=22 | [9:(94,105)96x16 t=138 z=8904 frei] [10:(94,121)96x16 t=141 z=9096 frei] [11:(102,
F1527    R1031 C6  hp=100  pos=( -8200,     0,-22303) rot=1024  vz= 8498/ 8300/ 8101 scr=(122,161) kasten=x108..136,y117..164 masken=22 | [9:(94,105)96x16 t=138 z=8904 frei] [10:(94,121)96x16 t=141 z=9096 frei] [11:(102,
F1542    R1031 C6  hp=100  pos=( -8200,     0,-22303) rot=1024  vz= 8498/ 8300/ 8101 scr=(122,161) kasten=x108..136,y117..164 masken=22 | [9:(94,105)96x16 t=138 z=8904 frei] [10:(94,121)96x16 t=141 z=9096 frei] [11:(102,
F1557    R1031 C6  hp=100  pos=( -8200,     0,-22303) rot=1024  vz= 8498/ 8300/ 8101 scr=(122,161) kasten=x108..136,y117..164 masken=22 | [9:(94,105)96x16 t=138 z=8904 frei] [10:(94,121)96x16 t=141 z=9096 frei] [11:(102,
F1572    R1031 C6  hp=100  pos=( -8200,     0,-22303) rot=1024  vz= 8498/ 8300/ 8101 scr=(122,161) kasten=x108..136,y117..164 masken=22 | [9:(94,105)96x16 t=138 z=8904 frei] [10:(94,121)96x16 t=141 z=9096 frei] [11:(102,
F1587    R1031 C6  hp=100  pos=( -8200,     0,-22303) rot=1024  vz= 8498/ 8300/ 8101 scr=(122,161) kasten=x108..136,y117..164 masken=22 | [9:(94,105)96x16 t=138 z=8904 frei] [10:(94,121)96x16 t=141 z=9096 frei] [11:(102,
F1602    R1031 C6  hp=100  pos=( -8200,     0,-22303) rot=1024  vz= 8498/ 8300/ 8101 scr=(122,161) kasten=x108..136,y117..164 masken=22 | [9:(94,105)96x16 t=138 z=8904 frei] [10:(94,121)96x16 t=141 z=9096 frei] [11:(102,
F1617    R1031 C6  hp=100  pos=( -8200,     0,-22303) rot=1024  vz= 8498/ 8300/ 8101 scr=(122,161) kasten=x108..136,y117..164 masken=22 | [9:(94,105)96x16 t=138 z=8904 frei] [10:(94,121)96x16 t=141 z=9096 frei] [11:(102,
F1632    R1031 C6  hp=100  pos=( -8200,     0,-22303) rot=1024  vz= 8498/ 8300/ 8101 scr=(122,161) kasten=x108..136,y117..164 masken=22 | [9:(94,105)96x16 t=138 z=8904 frei] [10:(94,121)96x16 t=141 z=9096 frei] [11:(102,
F1647    R1031 C6  hp=100  pos=( -8200,     0,-22303) rot=1024  vz= 8498/ 8300/ 8101 scr=(122,161) kasten=x108..136,y117..164 masken=22 | [9:(94,105)96x16 t=138 z=8904 frei] [10:(94,121)96x16 t=141 z=9096 frei] [11:(102,
F1662    R1031 C6  hp=100  pos=( -8200,     0,-22303) rot=1024  vz= 8498/ 8300/ 8101 scr=(122,161) kasten=x108..136,y117..164 masken=22 | [9:(94,105)96x16 t=138 z=8904 frei] [10:(94,121)96x16 t=141 z=9096 frei] [11:(102,
F1677    R1031 C6  hp=100  pos=( -8200,     0,-22303) rot=1024  vz= 8498/ 8300/ 8101 scr=(122,161) kasten=x108..136,y117..164 masken=22 | [9:(94,105)96x16 t=138 z=8904 frei] [10:(94,121)96x16 t=141 z=9096 frei] [11:(102,
F1692    R1031 C6  hp=100  pos=( -8200,     0,-22303) rot=1024  vz= 8498/ 8300/ 8101 scr=(122,161) kasten=x108..136,y117..164 masken=22 | [9:(94,105)96x16 t=138 z=8904 frei] [10:(94,121)96x16 t=141 z=9096 frei] [11:(102,
F1707    R1031 C6  hp=100  pos=( -8200,     0,-22303) rot=1024  vz= 8498/ 8300/ 8101 scr=(122,161) kasten=x108..136,y117..164 masken=22 | [9:(94,105)96x16 t=138 z=8904 frei] [10:(94,121)96x16 t=141 z=9096 frei] [11:(102,
F1722    R1031 C6  hp=100  pos=( -8200,     0,-22303) rot=1024  vz= 8498/ 8300/ 8101 scr=(122,161) kasten=x108..136,y117..164 masken=22 | [9:(94,105)96x16 t=138 z=8904 frei] [10:(94,121)96x16 t=141 z=9096 frei] [11:(102,
F1737    R1031 C6  hp=100  pos=( -8200,     0,-22303) rot=1024  vz= 8498/ 8300/ 8101 scr=(122,161) kasten=x108..136,y117..164 masken=22 | [9:(94,105)96x16 t=138 z=8904 frei] [10:(94,121)96x16 t=141 z=9096 frei] [11:(102,
F1752    R1031 C6  hp=100  pos=( -8200,     0,-22303) rot=1024  vz= 8498/ 8300/ 8101 scr=(122,161) kasten=x108..136,y117..164 masken=22 | [9:(94,105)96x16 t=138 z=8904 frei] [10:(94,121)96x16 t=141 z=9096 frei] [11:(102,
F1767    R1031 C6  hp=100  pos=( -8200,     0,-22303) rot=1024  vz= 8498/ 8300/ 8101 scr=(122,161) kasten=x108..136,y117..164 masken=22 | [9:(94,105)96x16 t=138 z=8904 frei] [10:(94,121)96x16 t=141 z=9096 frei] [11:(102,
F1782    R1031 C6  hp=100  pos=( -8200,     0,-22303) rot=1024  vz= 8498/ 8300/ 8101 scr=(122,161) kasten=x108..136,y117..164 masken=22 | [9:(94,105)96x16 t=138 z=8904 frei] [10:(94,121)96x16 t=141 z=9096 frei] [11:(102,
F1797    R1031 C6  hp=100  pos=( -8200,     0,-22303) rot=1024  vz= 8498/ 8300/ 8101 scr=(122,161) kasten=x108..136,y117..164 masken=22 | [9:(94,105)96x16 t=138 z=8904 frei] [10:(94,121)96x16 t=141 z=9096 frei] [11:(102,
F1812    R1031 C6  hp=100  pos=( -8200,     0,-22303) rot=1024  vz= 8498/ 8300/ 8101 scr=(122,161) kasten=x108..136,y117..164 masken=22 | [9:(94,105)96x16 t=138 z=8904 frei] [10:(94,121)96x16 t=141 z=9096 frei] [11:(102,
F1827    R1031 C6  hp=100  pos=( -8200,     0,-22303) rot=1024  vz= 8498/ 8300/ 8101 scr=(122,161) kasten=x108..136,y117..164 masken=22 | [9:(94,105)96x16 t=138 z=8904 frei] [10:(94,121)96x16 t=141 z=9096 frei] [11:(102,
F1842    R1031 C6  hp=100  pos=( -8200,     0,-22303) rot=1024  vz= 8498/ 8300/ 8101 scr=(122,161) kasten=x108..136,y117..164 masken=22 | [9:(94,105)96x16 t=138 z=8904 frei] [10:(94,121)96x16 t=141 z=9096 frei] [11:(102,
F1857    R1031 C6  hp=100  pos=( -8200,     0,-22303) rot=1024  vz= 8498/ 8300/ 8101 scr=(122,161) kasten=x108..136,y117..164 masken=22 | [9:(94,105)96x16 t=138 z=8904 frei] [10:(94,121)96x16 t=141 z=9096 frei] [11:(102,
F1872    R1031 C6  hp=100  pos=( -8200,     0,-22303) rot=1024  vz= 8498/ 8300/ 8101 scr=(122,161) kasten=x108..136,y117..164 masken=22 | [9:(94,105)96x16 t=138 z=8904 frei] [10:(94,121)96x16 t=141 z=9096 frei] [11:(102,
F1887    R1031 C6  hp=100  pos=( -8200,     0,-22303) rot=1024  vz= 8498/ 8300/ 8101 scr=(122,161) kasten=x108..136,y117..164 masken=22 | [9:(94,105)96x16 t=138 z=8904 frei] [10:(94,121)96x16 t=141 z=9096 frei] [11:(102,
F1902    R1031 C6  hp=100  pos=( -8200,     0,-22303) rot=1024  vz= 8498/ 8300/ 8101 scr=(122,161) kasten=x108..136,y117..164 masken=22 | [9:(94,105)96x16 t=138 z=8904 frei] [10:(94,121)96x16 t=141 z=9096 frei] [11:(102,
F1917    R1031 C6  hp=100  pos=( -8200,     0,-22303) rot=1024  vz= 8498/ 8300/ 8101 scr=(122,161) kasten=x108..136,y117..164 masken=22 | [9:(94,105)96x16 t=138 z=8904 frei] [10:(94,121)96x16 t=141 z=9096 frei] [11:(102,
F1932    R1031 C6  hp=100  pos=( -8200,     0,-22303) rot=1024  vz= 8498/ 8300/ 8101 scr=(122,161) kasten=x108..136,y117..164 masken=22 | [9:(94,105)96x16 t=138 z=8904 frei] [10:(94,121)96x16 t=141 z=9096 frei] [11:(102,
F1947    R1031 C6  hp=100  pos=( -8200,     0,-22303) rot=1024  vz= 8498/ 8300/ 8101 scr=(122,161) kasten=x108..136,y117..164 masken=22 | [9:(94,105)96x16 t=138 z=8904 frei] [10:(94,121)96x16 t=141 z=9096 frei] [11:(102,
F1962    R1031 C6  hp=100  pos=( -8200,     0,-22303) rot=1024  vz= 8498/ 8300/ 8101 scr=(122,161) kasten=x108..136,y117..164 masken=22 | [9:(94,105)96x16 t=138 z=8904 frei] [10:(94,121)96x16 t=141 z=9096 frei] [11:(102,
F1977    R1031 C6  hp=100  pos=( -8200,     0,-22303) rot=1024  vz= 8498/ 8300/ 8101 scr=(122,161) kasten=x108..136,y117..164 masken=22 | [9:(94,105)96x16 t=138 z=8904 frei] [10:(94,121)96x16 t=141 z=9096 frei] [11:(102,
F1992    R1031 C6  hp=100  pos=( -8200,     0,-22303) rot=1024  vz= 8498/ 8300/ 8101 scr=(122,161) kasten=x108..136,y117..164 masken=22 | [9:(94,105)96x16 t=138 z=8904 frei] [10:(94,121)96x16 t=141 z=9096 frei] [11:(102,
F2007    R1031 C6  hp=100  pos=( -8200,     0,-22303) rot=1024  vz= 8498/ 8300/ 8101 scr=(122,161) kasten=x108..136,y117..164 masken=22 | [9:(94,105)96x16 t=138 z=8904 frei] [10:(94,121)96x16 t=141 z=9096 frei] [11:(102,
F2022    R1031 C6  hp=100  pos=( -8200,     0,-22303) rot=1024  vz= 8498/ 8300/ 8101 scr=(122,161) kasten=x108..136,y117..164 masken=22 | [9:(94,105)96x16 t=138 z=8904 frei] [10:(94,121)96x16 t=141 z=9096 frei] [11:(102,
F2037    R1031 C6  hp=100  pos=( -8200,     0,-22303) rot=1024  vz= 8498/ 8300/ 8101 scr=(122,161) kasten=x108..136,y117..164 masken=22 | [9:(94,105)96x16 t=138 z=8904 frei] [10:(94,121)96x16 t=141 z=9096 frei] [11:(102,
F2052    R1031 C6  hp=100  pos=( -8200,     0,-22303) rot=1024  vz= 8498/ 8300/ 8101 scr=(122,161) kasten=x108..136,y117..164 masken=22 | [9:(94,105)96x16 t=138 z=8904 frei] [10:(94,121)96x16 t=141 z=9096 frei] [11:(102,
F2067    R1031 C6  hp=100  pos=( -8200,     0,-22303) rot=1024  vz= 8498/ 8300/ 8101 scr=(122,161) kasten=x108..136,y117..164 masken=22 | [9:(94,105)96x16 t=138 z=8904 frei] [10:(94,121)96x16 t=141 z=9096 frei] [11:(102,
F2082    R1031 C6  hp=100  pos=( -8200,     0,-22303) rot=1024  vz= 8498/ 8300/ 8101 scr=(122,161) kasten=x108..136,y117..164 masken=22 | [9:(94,105)96x16 t=138 z=8904 frei] [10:(94,121)96x16 t=141 z=9096 frei] [11:(102,
F2097    R1031 C6  hp=100  pos=( -8200,     0,-22303) rot=1024  vz= 8498/ 8300/ 8101 scr=(122,161) kasten=x108..136,y117..164 masken=22 | [9:(94,105)96x16 t=138 z=8904 frei] [10:(94,121)96x16 t=141 z=9096 frei] [11:(102,
F2112    R1031 C6  hp=100  pos=( -8200,     0,-22303) rot=1024  vz= 8498/ 8300/ 8101 scr=(122,161) kasten=x108..136,y117..164 masken=22 | [9:(94,105)96x16 t=138 z=8904 frei] [10:(94,121)96x16 t=141 z=9096 frei] [11:(102,
F2127    R1031 C6  hp=100  pos=( -8200,     0,-22303) rot=1024  vz= 8498/ 8300/ 8101 scr=(122,161) kasten=x108..136,y117..164 masken=22 | [9:(94,105)96x16 t=138 z=8904 frei] [10:(94,121)96x16 t=141 z=9096 frei] [11:(102,
F2142    R1031 C6  hp=100  pos=( -8200,     0,-22303) rot=1024  vz= 8498/ 8300/ 8101 scr=(122,161) kasten=x108..136,y117..164 masken=22 | [9:(94,105)96x16 t=138 z=8904 frei] [10:(94,121)96x16 t=141 z=9096 frei] [11:(102,
F2157    R1031 C6  hp=100  pos=( -8200,     0,-22303) rot=1024  vz= 8498/ 8300/ 8101 scr=(122,161) kasten=x108..136,y117..164 masken=22 | [9:(94,105)96x16 t=138 z=8904 frei] [10:(94,121)96x16 t=141 z=9096 frei] [11:(102,
F2172    R1031 C6  hp=100  pos=( -8200,     0,-22303) rot=1024  vz= 8498/ 8300/ 8101 scr=(122,161) kasten=x108..136,y117..164 masken=22 | [9:(94,105)96x16 t=138 z=8904 frei] [10:(94,121)96x16 t=141 z=9096 frei] [11:(102,
F2187    R1031 C6  hp=100  pos=( -8200,     0,-22303) rot=1024  vz= 8498/ 8300/ 8101 scr=(122,161) kasten=x108..136,y117..164 masken=22 | [9:(94,105)96x16 t=138 z=8904 frei] [10:(94,121)96x16 t=141 z=9096 frei] [11:(102,
F2202    R1031 C6  hp=100  pos=( -8200,     0,-22303) rot=1024  vz= 8498/ 8300/ 8101 scr=(122,161) kasten=x108..136,y117..164 masken=22 | [9:(94,105)96x16 t=138 z=8904 frei] [10:(94,121)96x16 t=141 z=9096 frei] [11:(102,
F2217    R1031 C6  hp=100  pos=( -8200,     0,-22303) rot=1024  vz= 8498/ 8300/ 8101 scr=(122,161) kasten=x108..136,y117..164 masken=22 | [9:(94,105)96x16 t=138 z=8904 frei] [10:(94,121)96x16 t=141 z=9096 frei] [11:(102,
F2232    R1031 C6  hp=100  pos=( -8200,     0,-22303) rot=1024  vz= 8498/ 8300/ 8101 scr=(122,161) kasten=x108..136,y117..164 masken=22 | [9:(94,105)96x16 t=138 z=8904 frei] [10:(94,121)96x16 t=141 z=9096 frei] [11:(102,
F2247    R1031 C6  hp=100  pos=( -8200,     0,-22303) rot=1024  vz= 8498/ 8300/ 8101 scr=(122,161) kasten=x108..136,y117..164 masken=22 | [9:(94,105)96x16 t=138 z=8904 frei] [10:(94,121)96x16 t=141 z=9096 frei] [11:(102,
F2262    R1031 C6  hp=100  pos=( -8200,     0,-22303) rot=1024  vz= 8498/ 8300/ 8101 scr=(122,161) kasten=x108..136,y117..164 masken=22 | [9:(94,105)96x16 t=138 z=8904 frei] [10:(94,121)96x16 t=141 z=9096 frei] [11:(102,
F2277    R1031 C6  hp=100  pos=( -8200,     0,-22303) rot=1024  vz= 8498/ 8300/ 8101 scr=(122,161) kasten=x108..136,y117..164 masken=22 | [9:(94,105)96x16 t=138 z=8904 frei] [10:(94,121)96x16 t=141 z=9096 frei] [11:(102,
F2292    R1031 C6  hp=100  pos=( -8200,     0,-22303) rot=1024  vz= 8498/ 8300/ 8101 scr=(122,161) kasten=x108..136,y117..164 masken=22 | [9:(94,105)96x16 t=138 z=8904 frei] [10:(94,121)96x16 t=141 z=9096 frei] [11:(102,
F2307    R1031 C6  hp=100  pos=( -8200,     0,-22303) rot=1024  vz= 8498/ 8300/ 8101 scr=(122,161) kasten=x108..136,y117..164 masken=22 | [9:(94,105)96x16 t=138 z=8904 frei] [10:(94,121)96x16 t=141 z=9096 frei] [11:(102,
F2322    R1031 C6  hp=100  pos=( -8200,     0,-22303) rot=1024  vz= 8498/ 8300/ 8101 scr=(122,161) kasten=x108..136,y117..164 masken=22 | [9:(94,105)96x16 t=138 z=8904 frei] [10:(94,121)96x16 t=141 z=9096 frei] [11:(102,
F2337    R1031 C6  hp=100  pos=( -8200,     0,-22303) rot=1024  vz= 8498/ 8300/ 8101 scr=(122,161) kasten=x108..136,y117..164 masken=22 | [9:(94,105)96x16 t=138 z=8904 frei] [10:(94,121)96x16 t=141 z=9096 frei] [11:(102,
F2352    R1031 C6  hp=100  pos=( -8200,     0,-22303) rot=1024  vz= 8498/ 8300/ 8101 scr=(122,161) kasten=x108..136,y117..164 masken=22 | [9:(94,105)96x16 t=138 z=8904 frei] [10:(94,121)96x16 t=141 z=9096 frei] [11:(102,
F2367    R1031 C6  hp=100  pos=( -8200,     0,-22303) rot=1024  vz= 8498/ 8300/ 8101 scr=(122,161) kasten=x108..136,y117..164 masken=22 | [9:(94,105)96x16 t=138 z=8904 frei] [10:(94,121)96x16 t=141 z=9096 frei] [11:(102,
F2382    R1031 C6  hp=100  pos=( -8200,     0,-22303) rot=1024  vz= 8498/ 8300/ 8101 scr=(122,161) kasten=x108..136,y117..164 masken=22 | [9:(94,105)96x16 t=138 z=8904 frei] [10:(94,121)96x16 t=141 z=9096 frei] [11:(102,
F2397    R1031 C6  hp=100  pos=( -8200,     0,-22303) rot=1024  vz= 8498/ 8300/ 8101 scr=(122,161) kasten=x108..136,y117..164 masken=22 | [9:(94,105)96x16 t=138 z=8904 frei] [10:(94,121)96x16 t=141 z=9096 frei] [11:(102,
F2412    R1031 C6  hp=100  pos=( -8200,     0,-22303) rot=1024  vz= 8498/ 8300/ 8101 scr=(122,161) kasten=x108..136,y117..164 masken=22 | [9:(94,105)96x16 t=138 z=8904 frei] [10:(94,121)96x16 t=141 z=9096 frei] [11:(102,
F2427    R1031 C6  hp=100  pos=( -8200,     0,-22303) rot=1024  vz= 8498/ 8300/ 8101 scr=(122,161) kasten=x108..136,y117..164 masken=22 | [9:(94,105)96x16 t=138 z=8904 frei] [10:(94,121)96x16 t=141 z=9096 frei] [11:(102,
F2442    R1031 C6  hp=100  pos=( -8200,     0,-22303) rot=1024  vz= 8498/ 8300/ 8101 scr=(122,161) kasten=x108..136,y117..164 masken=22 | [9:(94,105)96x16 t=138 z=8904 frei] [10:(94,121)96x16 t=141 z=9096 frei] [11:(102,
F2457    R1031 C6  hp=100  pos=( -8200,     0,-22303) rot=1024  vz= 8498/ 8300/ 8101 scr=(122,161) kasten=x108..136,y117..164 masken=22 | [9:(94,105)96x16 t=138 z=8904 frei] [10:(94,121)96x16 t=141 z=9096 frei] [11:(102,
F2472    R1031 C6  hp=100  pos=( -8200,     0,-22303) rot=1024  vz= 8498/ 8300/ 8101 scr=(122,161) kasten=x108..136,y117..164 masken=22 | [9:(94,105)96x16 t=138 z=8904 frei] [10:(94,121)96x16 t=141 z=9096 frei] [11:(102,
F2487    R1031 C6  hp=100  pos=( -8200,     0,-22303) rot=1024  vz= 8498/ 8300/ 8101 scr=(122,161) kasten=x108..136,y117..164 masken=22 | [9:(94,105)96x16 t=138 z=8904 frei] [10:(94,121)96x16 t=141 z=9096 frei] [11:(102,
F2502    R1031 C6  hp=100  pos=( -8200,     0,-22303) rot=1024  vz= 8498/ 8300/ 8101 scr=(122,161) kasten=x108..136,y117..164 masken=22 | [9:(94,105)96x16 t=138 z=8904 frei] [10:(94,121)96x16 t=141 z=9096 frei] [11:(102,
F2517    R1031 C6  hp=100  pos=( -8200,     0,-22303) rot=1024  vz= 8498/ 8300/ 8101 scr=(122,161) kasten=x108..136,y117..164 masken=22 | [9:(94,105)96x16 t=138 z=8904 frei] [10:(94,121)96x16 t=141 z=9096 frei] [11:(102,
F2532    R1031 C6  hp=100  pos=( -8200,     0,-22303) rot=1024  vz= 8498/ 8300/ 8101 scr=(122,161) kasten=x108..136,y117..164 masken=22 | [9:(94,105)96x16 t=138 z=8904 frei] [10:(94,121)96x16 t=141 z=9096 frei] [11:(102,
F2547    R1031 C6  hp=100  pos=( -8200,     0,-22303) rot=1024  vz= 8498/ 8300/ 8101 scr=(122,161) kasten=x108..136,y117..164 masken=22 | [9:(94,105)96x16 t=138 z=8904 frei] [10:(94,121)96x16 t=141 z=9096 frei] [11:(102,
F2562    R1031 C6  hp=100  pos=( -8200,     0,-22303) rot=1024  vz= 8498/ 8300/ 8101 scr=(122,161) kasten=x108..136,y117..164 masken=22 | [9:(94,105)96x16 t=138 z=8904 frei] [10:(94,121)96x16 t=141 z=9096 frei] [11:(102,
F2577    R1031 C6  hp=100  pos=( -8200,     0,-22303) rot=1024  vz= 8498/ 8300/ 8101 scr=(122,161) kasten=x108..136,y117..164 masken=22 | [9:(94,105)96x16 t=138 z=8904 frei] [10:(94,121)96x16 t=141 z=9096 frei] [11:(102,
F2592    R1031 C6  hp=100  pos=( -8200,     0,-22303) rot=1024  vz= 8498/ 8300/ 8101 scr=(122,161) kasten=x108..136,y117..164 masken=22 | [9:(94,105)96x16 t=138 z=8904 frei] [10:(94,121)96x16 t=141 z=9096 frei] [11:(102,
F2607    R1031 C6  hp=100  pos=( -8200,     0,-22303) rot=1024  vz= 8498/ 8300/ 8101 scr=(122,161) kasten=x108..136,y117..164 masken=22 | [9:(94,105)96x16 t=138 z=8904 frei] [10:(94,121)96x16 t=141 z=9096 frei] [11:(102,
F2622    R1031 C6  hp=100  pos=( -8200,     0,-22303) rot=1024  vz= 8498/ 8300/ 8101 scr=(122,161) kasten=x108..136,y117..164 masken=22 | [9:(94,105)96x16 t=138 z=8904 frei] [10:(94,121)96x16 t=141 z=9096 frei] [11:(102,
F2637    R1031 C6  hp=100  pos=( -8200,     0,-22303) rot=1024  vz= 8498/ 8300/ 8101 scr=(122,161) kasten=x108..136,y117..164 masken=22 | [9:(94,105)96x16 t=138 z=8904 frei] [10:(94,121)96x16 t=141 z=9096 frei] [11:(102,
F2652    R1031 C6  hp=100  pos=( -8200,     0,-22303) rot=1024  vz= 8498/ 8300/ 8101 scr=(122,161) kasten=x108..136,y117..164 masken=22 | [9:(94,105)96x16 t=138 z=8904 frei] [10:(94,121)96x16 t=141 z=9096 frei] [11:(102,
F2667    R1031 C6  hp=100  pos=( -8200,     0,-22303) rot=1024  vz= 8498/ 8300/ 8101 scr=(122,161) kasten=x108..136,y117..164 masken=22 | [9:(94,105)96x16 t=138 z=8904 frei] [10:(94,121)96x16 t=141 z=9096 frei] [11:(102,
F2682    R1031 C6  hp=100  pos=( -8200,     0,-22303) rot=1024  vz= 8498/ 8300/ 8101 scr=(122,161) kasten=x108..136,y117..164 masken=22 | [9:(94,105)96x16 t=138 z=8904 frei] [10:(94,121)96x16 t=141 z=9096 frei] [11:(102,
F2697    R1031 C6  hp=100  pos=( -8200,     0,-22303) rot=1024  vz= 8498/ 8300/ 8101 scr=(122,161) kasten=x108..136,y117..164 masken=22 | [9:(94,105)96x16 t=138 z=8904 frei] [10:(94,121)96x16 t=141 z=9096 frei] [11:(102,
F2712    R1031 C6  hp=100  pos=( -8200,     0,-22303) rot=1024  vz= 8498/ 8300/ 8101 scr=(122,161) kasten=x108..136,y117..164 masken=22 | [9:(94,105)96x16 t=138 z=8904 frei] [10:(94,121)96x16 t=141 z=9096 frei] [11:(102,
F2727    R1031 C6  hp=100  pos=( -8200,     0,-22303) rot=1024  vz= 8498/ 8300/ 8101 scr=(122,161) kasten=x108..136,y117..164 masken=22 | [9:(94,105)96x16 t=138 z=8904 frei] [10:(94,121)96x16 t=141 z=9096 frei] [11:(102,
F2742    R1031 C6  hp=100  pos=( -8200,     0,-22303) rot=1024  vz= 8498/ 8300/ 8101 scr=(122,161) kasten=x108..136,y117..164 masken=22 | [9:(94,105)96x16 t=138 z=8904 frei] [10:(94,121)96x16 t=141 z=9096 frei] [11:(102,
F2757    R1031 C6  hp=100  pos=( -8200,     0,-22303) rot=1024  vz= 8498/ 8300/ 8101 scr=(122,161) kasten=x108..136,y117..164 masken=22 | [9:(94,105)96x16 t=138 z=8904 frei] [10:(94,121)96x16 t=141 z=9096 frei] [11:(102,
F2772    R1031 C6  hp=100  pos=( -8200,     0,-22303) rot=1024  vz= 8498/ 8300/ 8101 scr=(122,161) kasten=x108..136,y117..164 masken=22 | [9:(94,105)96x16 t=138 z=8904 frei] [10:(94,121)96x16 t=141 z=9096 frei] [11:(102,
F2787    R1031 C6  hp=100  pos=( -8200,     0,-22303) rot=1024  vz= 8498/ 8300/ 8101 scr=(122,161) kasten=x108..136,y117..164 masken=22 | [9:(94,105)96x16 t=138 z=8904 frei] [10:(94,121)96x16 t=141 z=9096 frei] [11:(102,
F2802    R1031 C6  hp=100  pos=( -8200,     0,-22303) rot=1024  vz= 8498/ 8300/ 8101 scr=(122,161) kasten=x108..136,y117..164 masken=22 | [9:(94,105)96x16 t=138 z=8904 frei] [10:(94,121)96x16 t=141 z=9096 frei] [11:(102,
F2817    R1031 C6  hp=100  pos=( -8200,     0,-22303) rot=1024  vz= 8498/ 8300/ 8101 scr=(122,161) kasten=x108..136,y117..164 masken=22 | [9:(94,105)96x16 t=138 z=8904 frei] [10:(94,121)96x16 t=141 z=9096 frei] [11:(102,
F2832    R1031 C6  hp=100  pos=( -8200,     0,-22303) rot=1024  vz= 8498/ 8300/ 8101 scr=(122,161) kasten=x108..136,y117..164 masken=22 | [9:(94,105)96x16 t=138 z=8904 frei] [10:(94,121)96x16 t=141 z=9096 frei] [11:(102,
F2847    R1031 C6  hp=100  pos=( -8200,     0,-22303) rot=1024  vz= 8498/ 8300/ 8101 scr=(122,161) kasten=x108..136,y117..164 masken=22 | [9:(94,105)96x16 t=138 z=8904 frei] [10:(94,121)96x16 t=141 z=9096 frei] [11:(102,
F2862    R1031 C6  hp=100  pos=( -8200,     0,-22303) rot=1024  vz= 8498/ 8300/ 8101 scr=(122,161) kasten=x108..136,y117..164 masken=22 | [9:(94,105)96x16 t=138 z=8904 frei] [10:(94,121)96x16 t=141 z=9096 frei] [11:(102,
F2877    R1031 C6  hp=100  pos=( -8200,     0,-22303) rot=1024  vz= 8498/ 8300/ 8101 scr=(122,161) kasten=x108..136,y117..164 masken=22 | [9:(94,105)96x16 t=138 z=8904 frei] [10:(94,121)96x16 t=141 z=9096 frei] [11:(102,
F2892    R1031 C6  hp=100  pos=( -8200,     0,-22303) rot=1024  vz= 8498/ 8300/ 8101 scr=(122,161) kasten=x108..136,y117..164 masken=22 | [9:(94,105)96x16 t=138 z=8904 frei] [10:(94,121)96x16 t=141 z=9096 frei] [11:(102,
F2907    R1031 C6  hp=100  pos=( -8200,     0,-22303) rot=1024  vz= 8498/ 8300/ 8101 scr=(122,161) kasten=x108..136,y117..164 masken=22 | [9:(94,105)96x16 t=138 z=8904 frei] [10:(94,121)96x16 t=141 z=9096 frei] [11:(102,
F2922    R1031 C6  hp=100  pos=( -8200,     0,-22303) rot=1024  vz= 8498/ 8300/ 8101 scr=(122,161) kasten=x108..136,y117..164 masken=22 | [9:(94,105)96x16 t=138 z=8904 frei] [10:(94,121)96x16 t=141 z=9096 frei] [11:(102,
F2937    R1031 C6  hp=100  pos=( -8200,     0,-22303) rot=1024  vz= 8498/ 8300/ 8101 scr=(122,161) kasten=x108..136,y117..164 masken=22 | [9:(94,105)96x16 t=138 z=8904 frei] [10:(94,121)96x16 t=141 z=9096 frei] [11:(102,
F2952    R1031 C6  hp=100  pos=( -8200,     0,-22303) rot=1024  vz= 8498/ 8300/ 8101 scr=(122,161) kasten=x108..136,y117..164 masken=22 | [9:(94,105)96x16 t=138 z=8904 frei] [10:(94,121)96x16 t=141 z=9096 frei] [11:(102,
F2967    R1031 C6  hp=100  pos=( -8200,     0,-22303) rot=1024  vz= 8498/ 8300/ 8101 scr=(122,161) kasten=x108..136,y117..164 masken=22 | [9:(94,105)96x16 t=138 z=8904 frei] [10:(94,121)96x16 t=141 z=9096 frei] [11:(102,
F2982    R1031 C6  hp=100  pos=( -8200,     0,-22303) rot=1024  vz= 8498/ 8300/ 8101 scr=(122,161) kasten=x108..136,y117..164 masken=22 | [9:(94,105)96x16 t=138 z=8904 frei] [10:(94,121)96x16 t=141 z=9096 frei] [11:(102,
F2997    R1031 C6  hp=100  pos=( -8200,     0,-22303) rot=1024  vz= 8498/ 8300/ 8101 scr=(122,161) kasten=x108..136,y117..164 masken=22 | [9:(94,105)96x16 t=138 z=8904 frei] [10:(94,121)96x16 t=141 z=9096 frei] [11:(102,
F3012    R1031 C6  hp=100  pos=( -8200,     0,-22303) rot=1024  vz= 8498/ 8300/ 8101 scr=(122,161) kasten=x108..136,y117..164 masken=22 | [9:(94,105)96x16 t=138 z=8904 frei] [10:(94,121)96x16 t=141 z=9096 frei] [11:(102,
F3027    R1031 C6  hp=100  pos=( -8200,     0,-22303) rot=1024  vz= 8498/ 8300/ 8101 scr=(122,161) kasten=x108..136,y117..164 masken=22 | [9:(94,105)96x16 t=138 z=8904 frei] [10:(94,121)96x16 t=141 z=9096 frei] [11:(102,
F3042    R1031 C6  hp=100  pos=( -8200,     0,-22303) rot=1024  vz= 8498/ 8300/ 8101 scr=(122,161) kasten=x108..136,y117..164 masken=22 | [9:(94,105)96x16 t=138 z=8904 frei] [10:(94,121)96x16 t=141 z=9096 frei] [11:(102,
F3057    R1031 C6  hp=100  pos=( -8200,     0,-22303) rot=1024  vz= 8498/ 8300/ 8101 scr=(122,161) kasten=x108..136,y117..164 masken=22 | [9:(94,105)96x16 t=138 z=8904 frei] [10:(94,121)96x16 t=141 z=9096 frei] [11:(102,
F3072    R1031 C6  hp=100  pos=( -8200,     0,-22303) rot=1024  vz= 8498/ 8300/ 8101 scr=(122,161) kasten=x108..136,y117..164 masken=22 | [9:(94,105)96x16 t=138 z=8904 frei] [10:(94,121)96x16 t=141 z=9096 frei] [11:(102,
F3087    R1031 C6  hp=100  pos=( -8200,     0,-22303) rot=1024  vz= 8498/ 8300/ 8101 scr=(122,161) kasten=x108..136,y117..164 masken=22 | [9:(94,105)96x16 t=138 z=8904 frei] [10:(94,121)96x16 t=141 z=9096 frei] [11:(102,
F3102    R1031 C6  hp=100  pos=( -8200,     0,-22303) rot=1024  vz= 8498/ 8300/ 8101 scr=(122,161) kasten=x108..136,y117..164 masken=22 | [9:(94,105)96x16 t=138 z=8904 frei] [10:(94,121)96x16 t=141 z=9096 frei] [11:(102,
F3117    R1031 C6  hp=100  pos=( -8200,     0,-22303) rot=1024  vz= 8498/ 8300/ 8101 scr=(122,161) kasten=x108..136,y117..164 masken=22 | [9:(94,105)96x16 t=138 z=8904 frei] [10:(94,121)96x16 t=141 z=9096 frei] [11:(102,
F3132    R1031 C6  hp=100  pos=( -8200,     0,-22303) rot=1024  vz= 8498/ 8300/ 8101 scr=(122,161) kasten=x108..136,y117..164 masken=22 | [9:(94,105)96x16 t=138 z=8904 frei] [10:(94,121)96x16 t=141 z=9096 frei] [11:(102,
F3147    R1031 C6  hp=100  pos=( -8200,     0,-22303) rot=1024  vz= 8498/ 8300/ 8101 scr=(122,161) kasten=x108..136,y117..164 masken=22 | [9:(94,105)96x16 t=138 z=8904 frei] [10:(94,121)96x16 t=141 z=9096 frei] [11:(102,
F3162    R1031 C6  hp=100  pos=( -8200,     0,-22303) rot=1024  vz= 8498/ 8300/ 8101 scr=(122,161) kasten=x108..136,y117..164 masken=22 | [9:(94,105)96x16 t=138 z=8904 frei] [10:(94,121)96x16 t=141 z=9096 frei] [11:(102,
F3177    R1031 C6  hp=100  pos=( -8200,     0,-22303) rot=1024  vz= 8498/ 8300/ 8101 scr=(122,161) kasten=x108..136,y117..164 masken=22 | [9:(94,105)96x16 t=138 z=8904 frei] [10:(94,121)96x16 t=141 z=9096 frei] [11:(102,
F3192    R1031 C6  hp=100  pos=( -8200,     0,-22303) rot=1024  vz= 8498/ 8300/ 8101 scr=(122,161) kasten=x108..136,y117..164 masken=22 | [9:(94,105)96x16 t=138 z=8904 frei] [10:(94,121)96x16 t=141 z=9096 frei] [11:(102,
F3207    R1031 C6  hp=100  pos=( -8200,     0,-22303) rot=1024  vz= 8498/ 8300/ 8101 scr=(122,161) kasten=x108..136,y117..164 masken=22 | [9:(94,105)96x16 t=138 z=8904 frei] [10:(94,121)96x16 t=141 z=9096 frei] [11:(102,
# RE1.5 Port — BEFUND-LOG (Sep 27 2026 21:35:52)
# Eine Zeile je 15 Bilder, dazu jede F9-MARKE.
# Spalten:
#   F<n>        Bildnummer
#   R<xxxx> C<n> Raum und Kamerawinkel
#   pos=(x,y,z) Weltlage der Figur, rot = Blickrichtung (0..4095)
#   vz=a/b/c    Kamera-Tiefe von FUSS / HUEFTE / KOPF
#   scr=(x,y)   Fusspunkt im 320x240-Bild
#   kasten=...  geschaetzter Bildkasten der Figur (Messgroesse)
#   masken=n    geladene Vordergrund-Masken dieses Winkels
#   [i:(x,y)wxh t=T z=Z DECKT|frei]  jede Maske, die den Kasten beruehrt.
#       Der Zeichner verdeckt, sobald die Figur-Tiefe >= z ist
#       (z = (T+1)*65536/1023, Original-Regel depth < (1023*vz)>>16, strikt).
#       'frei' heisst: die Figur steht VOR dieser Maske.
# ---------------------------------------------------------------
F0       R1240 C0  hp=100  pos=(-26214,     0, -3861) rot=0     vz=-10207/-10258/-10308 scr=(160,120) kasten=x148..172,y123..123 masken=0 | keine Maske am Koerper
F15      R1240 C0  hp=100  pos=(-26214,     0, -3861) rot=0     vz=-10207/-10258/-10308 scr=(160,120) kasten=x148..172,y123..123 masken=0 | keine Maske am Koerper
F30      R1240 C0  hp=100  pos=(-26214,     0, -3861) rot=0     vz=-10207/-10258/-10308 scr=(160,120) kasten=x148..172,y123..123 masken=0 | keine Maske am Koerper
F45      R1240 C0  hp=100  pos=(-26214,     0, -3861) rot=0     vz=-10207/-10258/-10308 scr=(160,120) kasten=x148..172,y123..123 masken=0 | keine Maske am Koerper
F60      R1240 C0  hp=100  pos=(-26214,     0, -3861) rot=0     vz=-10207/-10258/-10308 scr=(160,120) kasten=x148..172,y123..123 masken=0 | keine Maske am Koerper
F75      R1240 C0  hp=100  pos=(-26214,     0, -3861) rot=0     vz=-10207/-10258/-10308 scr=(160,120) kasten=x148..172,y123..123 masken=0 | keine Maske am Koerper
F90      R1240 C0  hp=100  pos=(-26214,     0, -3861) rot=0     vz=-10207/-10258/-10308 scr=(160,120) kasten=x148..172,y123..123 masken=0 | keine Maske am Koerper
F105     R1240 C0  hp=100  pos=(-26214,     0, -3861) rot=0     vz=-10207/-10258/-10308 scr=(160,120) kasten=x148..172,y123..123 masken=0 | keine Maske am Koerper
F120     R1240 C0  hp=100  pos=(-26214,     0, -3861) rot=0     vz=-10207/-10258/-10308 scr=(160,120) kasten=x148..172,y123..123 masken=0 | keine Maske am Koerper
F135     R1240 C0  hp=100  pos=(-26214,     0, -3861) rot=0     vz=-10207/-10258/-10308 scr=(160,120) kasten=x148..172,y123..123 masken=0 | keine Maske am Koerper
