=== r21_discard_wegwerfen — "You don't need this key any more. Discard it?"
    Wortlaut: DEBUG.BIN @0x800C508B, Prompt-Skript [6] der Tabelle @0x800C4FC6
    Regel:    RE2 LAB_80051718 (Zaehler @0x80051810, Frage @0x80051834)
    Prompt-Skript [6] + Name "Blue Keycard" = 44 Glyphen

=== TEIL A+B: je Gegenstand — Abfrage nach dem Gebrauch, vorher nicht ===
  ABDECKUNG: 16 von 16 Benutzungsstellen gefahren, 9 verschiedene Gegenstaende,
             je 3 Faelle (Ja / Nein / nicht getragen) + 16 Gegenproben

=== TEIL C: Sackgassen-Riegel (Vollzensus ueber alle RDTs) ===
  ABDECKUNG: 206 RDTs mit Header (+34 Stummel), 40674 Opcodes, 0 Desync-Stopps
  C1 Keep_Item_ck (0x5E, einziger Inventar-Leser): 0
  C2 Set auf Zone 9 mit loeschen/umschalten:       0
  C4 Item_aot_set-Records: 164 | Kartenleser-Tore 10D0/1230/11E0: 1/1/1
  C5: 3 von 3 Kartenleser-Toren bleiben nach dem Wegwerfen offen

=== TEIL D: Ja/Nein-Auswahl auf den Original-Zahlen (LAB_80028564) ===
  Blink-Gatter ueber alle 256 Zaehlerstaende: 192 sichtbar / 64 aus
  Zahlen und Gatter stimmen mit LAB_80028564 ueberein.

=== TEIL E: die NACHRICHT haelt zurueck, nicht die Szene ===
  Fire Extinguisher        ROOM1090 msg  9: waehrend der Nachricht zu, 0 Bild(er) nach dem Belegt-Bit offen — MIT laufender Szene
  Pliers                   ROOM11E0 msg 12: waehrend der Nachricht zu, 0 Bild(er) nach dem Belegt-Bit offen — MIT laufender Szene
  Minidisc Player w/ Disc  ROOM1100 msg  4: waehrend der Nachricht zu, 0 Bild(er) nach dem Belegt-Bit offen — MIT laufender Szene
  ABDECKUNG: 3 von 3 Faellen gefahren, je 3 Pruefungen (Nachricht haelt / danach offen TROTZ Szene / Gegenprobe ohne Szene)

=== TEIL I: die Spanne "vorgemerkt", Anteil fuer Anteil ===
  Stelle                   Nachr. |   UEBERH.  Szene  Faden   Msg2 |   Loch   Frage
  ROOM1090 sub03 m9            70 |       NIE  19727      1    200 |      1      70
  AUSGELASSEN ROOM10D0 sub20 msg  9: nicht erreicht (Verzweigung auf die Ja/Nein-Antwort)
  AUSGELASSEN ROOM10D1 sub20 msg  9: nicht erreicht (Verzweigung auf die Ja/Nein-Antwort)
  ROOM1100 sub02 m4            84 |       161     32     80     49 |     80      84
  ROOM1101 sub02 m4            84 |       161     32     80     49 |     80      84
  AUSGELASSEN ROOM11E0 sub20 msg  9: nicht erreicht (Verzweigung auf die Ja/Nein-Antwort)
  ROOM11E0 sub21 m12           50 |       182    182      0      0 |      0      50
  AUSGELASSEN ROOM11E1 sub20 msg  9: nicht erreicht (Verzweigung auf die Ja/Nein-Antwort)
  ROOM11E1 sub21 m12           50 |       182    182      0      0 |      0      50
  AUSGELASSEN ROOM1230 sub20 msg  9: nicht erreicht (Verzweigung auf die Ja/Nein-Antwort)
  AUSGELASSEN ROOM1231 sub20 msg  9: nicht erreicht (Verzweigung auf die Ja/Nein-Antwort)
  ROOM3010 sub02 m1            64 |         1      0      1      0 |      1      64
  ROOM3011 sub02 m1            64 |         1      0      1      0 |      1      64
  ROOM3050 sub15 m5            72 |        85      2      0     83 |      0      72
  ROOM3051 sub15 m5            72 |        85      2      0     83 |      0      72
  ROOM4000 sub02 m2            74 |        29      0     29      0 |     29      74
  ABDECKUNG: 10 von 16 Benutzungsstellen gefahren, 6 mit Grund ausgelassen
  Die Spanne "vorgemerkt" endet JETZT an allen 10 gefahrenen Stellen im
  Bild, in dem das Belegt-Bit frei wird (RE2 @0x800517f4).
  Der UEBERHANG des Runde-22-Modells betrug zusammen 887 Bilder, davon
  191 mit FREIEM Pad; groesstes Loch ROOM1100 msg 4 mit 80 Bildern.
  Das SCHLIESS-Bild: ohne den frozen()-Ausweg waeren 4 Spannen-Bilder ohne Pad-Bit — die Bruecke in re15_discard_frozen() traegt also wirklich.

=== TEIL J: das px/pz-Delta hinter dem ECHTEN re15_game_step ===
  Stelle                    JETZT   GEGENPROBE     STUB   wieder
  ROOM1100 sub02 m4             0         1479        0     1479
  ROOM1101 sub02 m4             0         1479        0     1479
  ROOM11E0 sub21 m12            0            0        0        0
  ROOM11E1 sub21 m12            0            0        0        0
  ROOM3010 sub02 m1             0           85        0     2550
  ROOM3011 sub02 m1             0           85        0     2550
  ROOM3050 sub15 m5             0          150        0        0
  ROOM3051 sub15 m5             0          150        0        0
  ROOM4000 sub02 m2             0         2929        0     3030
  ABDECKUNG: 9 Stellen mit echtem Tuer-Spawn und echtem re15_game_step
  Summe JETZT 0 Einheiten / GEGENPROBE 6357 / STUB 0;
  in 7 Stellen bewegte sich der Spieler im Ueberhang des Runde-22-Modells,
  in 5 Stellen laeuft er nach der Antwort sofort wieder (sonst haelt ihn
  Szene oder Folge-Nachricht, je Stelle geprueft).

=== TEIL K: sichtbarer Prompt friert das Skript ein — und es laeuft weiter ===
  ROOM1090 sub03 msg 9: Abfrage in Bild 72, Faden parkt 200 Bilder auf 0x2507,
           nach der Antwort laeuft er bis 0x259F und das Szenen-Fenster @0x2508 geht auf.

OK — Abfrage, Ja/Nein und der Sackgassen-Riegel halten.
